###############################################################################
#                                                                             #
# IAR ELF Linker V5.40.0.51500/W32 for ARM              20/Jan/2013  13:01:02 #
# Copyright (C) 2007-2009 IAR Systems AB.                                     #
#                                                                             #
#    Output file  =  E:\Ghadir_Win_Prg\hardware\GP\Output\LPC2388\Debug_Flash #
#                    \Exe\GP.out.tmp                                          #
#    Map file     =  E:\Ghadir_Win_Prg\hardware\GP\Output\LPC2388\Debug_Flash #
#                    \List\GP.map                                             #
#    Command line =  "D:\Program Files\IAR Systems\Embedded Workbench         #
#                    5.4\arm\PowerPac\FileSystem\Lib\fs4t_al__dn.a"           #
#                    "D:\Program Files\IAR Systems\Embedded Workbench         #
#                    5.4\arm\PowerPac\RTOS\Lib\os4t_al__d.a" "D:\Program      #
#                    Files\IAR Systems\Embedded Workbench                     #
#                    5.4\arm\PowerPac\TCPIP\Lib\ip4t_al__d.a" "D:\Program     #
#                    Files\IAR Systems\Embedded Workbench                     #
#                    5.4\arm\PowerPac\USB\Lib\usb4t_al__d.a"                  #
#                    E:\Ghadir_Win_Prg\hardware\GP\Output\LPC2388\Debug_Flash #
#                    \Obj\Alarm.o E:\Ghadir_Win_Prg\hardware\GP\Output\LPC238 #
#                    8\Debug_Flash\Obj\BSP.o E:\Ghadir_Win_Prg\hardware\GP\Ou #
#                    tput\LPC2388\Debug_Flash\Obj\BackLight.o                 #
#                    E:\Ghadir_Win_Prg\hardware\GP\Output\LPC2388\Debug_Flash #
#                    \Obj\Beep.o E:\Ghadir_Win_Prg\hardware\GP\Output\LPC2388 #
#                    \Debug_Flash\Obj\Buffer.o E:\Ghadir_Win_Prg\hardware\GP\ #
#                    Output\LPC2388\Debug_Flash\Obj\COM.o                     #
#                    E:\Ghadir_Win_Prg\hardware\GP\Output\LPC2388\Debug_Flash #
#                    \Obj\Coding.o E:\Ghadir_Win_Prg\hardware\GP\Output\LPC23 #
#                    88\Debug_Flash\Obj\Communication.o                       #
#                    E:\Ghadir_Win_Prg\hardware\GP\Output\LPC2388\Debug_Flash #
#                    \Obj\CommunicationPacket.o E:\Ghadir_Win_Prg\hardware\GP #
#                    \Output\LPC2388\Debug_Flash\Obj\Control.o                #
#                    E:\Ghadir_Win_Prg\hardware\GP\Output\LPC2388\Debug_Flash #
#                    \Obj\DAC.o E:\Ghadir_Win_Prg\hardware\GP\Output\LPC2388\ #
#                    Debug_Flash\Obj\DateTime.o E:\Ghadir_Win_Prg\hardware\GP #
#                    \Output\LPC2388\Debug_Flash\Obj\Device.o                 #
#                    E:\Ghadir_Win_Prg\hardware\GP\Output\LPC2388\Debug_Flash #
#                    \Obj\DigitalData.o E:\Ghadir_Win_Prg\hardware\GP\Output\ #
#                    LPC2388\Debug_Flash\Obj\FS_ConfigIO.o                    #
#                    E:\Ghadir_Win_Prg\hardware\GP\Output\LPC2388\Debug_Flash #
#                    \Obj\FS_ConfigMMC_MCI.o E:\Ghadir_Win_Prg\hardware\GP\Ou #
#                    tput\LPC2388\Debug_Flash\Obj\FS_MMC_HW_MCI.o             #
#                    E:\Ghadir_Win_Prg\hardware\GP\Output\LPC2388\Debug_Flash #
#                    \Obj\FS_OS.o E:\Ghadir_Win_Prg\hardware\GP\Output\LPC238 #
#                    8\Debug_Flash\Obj\Finger.o E:\Ghadir_Win_Prg\hardware\GP #
#                    \Output\LPC2388\Debug_Flash\Obj\FingerPacket.o           #
#                    E:\Ghadir_Win_Prg\hardware\GP\Output\LPC2388\Debug_Flash #
#                    \Obj\Font.o E:\Ghadir_Win_Prg\hardware\GP\Output\LPC2388 #
#                    \Debug_Flash\Obj\Font2.o E:\Ghadir_Win_Prg\hardware\GP\O #
#                    utput\LPC2388\Debug_Flash\Obj\HResource.o                #
#                    E:\Ghadir_Win_Prg\hardware\GP\Output\LPC2388\Debug_Flash #
#                    \Obj\Hardware.o E:\Ghadir_Win_Prg\hardware\GP\Output\LPC #
#                    2388\Debug_Flash\Obj\IP_ConfigIO.o                       #
#                    E:\Ghadir_Win_Prg\hardware\GP\Output\LPC2388\Debug_Flash #
#                    \Obj\IP_Config_LPC23xx.o E:\Ghadir_Win_Prg\hardware\GP\O #
#                    utput\LPC2388\Debug_Flash\Obj\IP_OS.o                    #
#                    E:\Ghadir_Win_Prg\hardware\GP\Output\LPC2388\Debug_Flash #
#                    \Obj\JLINKDCC_ProcessV2.o E:\Ghadir_Win_Prg\hardware\GP\ #
#                    Output\LPC2388\Debug_Flash\Obj\Key.o                     #
#                    E:\Ghadir_Win_Prg\hardware\GP\Output\LPC2388\Debug_Flash #
#                    \Obj\LCD.o E:\Ghadir_Win_Prg\hardware\GP\Output\LPC2388\ #
#                    Debug_Flash\Obj\LED.o E:\Ghadir_Win_Prg\hardware\GP\Outp #
#                    ut\LPC2388\Debug_Flash\Obj\MResource.o                   #
#                    E:\Ghadir_Win_Prg\hardware\GP\Output\LPC2388\Debug_Flash #
#                    \Obj\MY_USB.o E:\Ghadir_Win_Prg\hardware\GP\Output\LPC23 #
#                    88\Debug_Flash\Obj\Main.o E:\Ghadir_Win_Prg\hardware\GP\ #
#                    Output\LPC2388\Debug_Flash\Obj\Menu.o                    #
#                    E:\Ghadir_Win_Prg\hardware\GP\Output\LPC2388\Debug_Flash #
#                    \Obj\Mifare.o E:\Ghadir_Win_Prg\hardware\GP\Output\LPC23 #
#                    88\Debug_Flash\Obj\MifareEx.o                            #
#                    E:\Ghadir_Win_Prg\hardware\GP\Output\LPC2388\Debug_Flash #
#                    \Obj\MifarePacket.o E:\Ghadir_Win_Prg\hardware\GP\Output #
#                    \LPC2388\Debug_Flash\Obj\Network.o                       #
#                    E:\Ghadir_Win_Prg\hardware\GP\Output\LPC2388\Debug_Flash #
#                    \Obj\Notify.o E:\Ghadir_Win_Prg\hardware\GP\Output\LPC23 #
#                    88\Debug_Flash\Obj\OS_Error.o                            #
#                    E:\Ghadir_Win_Prg\hardware\GP\Output\LPC2388\Debug_Flash #
#                    \Obj\Packet.o E:\Ghadir_Win_Prg\hardware\GP\Output\LPC23 #
#                    88\Debug_Flash\Obj\Personal.o                            #
#                    E:\Ghadir_Win_Prg\hardware\GP\Output\LPC2388\Debug_Flash #
#                    \Obj\RTOSINIT_LPC2378.o E:\Ghadir_Win_Prg\hardware\GP\Ou #
#                    tput\LPC2388\Debug_Flash\Obj\Setting.o                   #
#                    E:\Ghadir_Win_Prg\hardware\GP\Output\LPC2388\Debug_Flash #
#                    \Obj\ShowTime.o E:\Ghadir_Win_Prg\hardware\GP\Output\LPC #
#                    2388\Debug_Flash\Obj\Sound.o                             #
#                    E:\Ghadir_Win_Prg\hardware\GP\Output\LPC2388\Debug_Flash #
#                    \Obj\Status.o E:\Ghadir_Win_Prg\hardware\GP\Output\LPC23 #
#                    88\Debug_Flash\Obj\USB_Config_LPC2378.o                  #
#                    E:\Ghadir_Win_Prg\hardware\GP\Output\LPC2388\Debug_Flash #
#                    \Obj\USB_OS.o E:\Ghadir_Win_Prg\hardware\GP\Output\LPC23 #
#                    88\Debug_Flash\Obj\Utility.o                             #
#                    E:\Ghadir_Win_Prg\hardware\GP\Output\LPC2388\Debug_Flash #
#                    \Obj\View.o E:\Ghadir_Win_Prg\hardware\GP\Output\LPC2388 #
#                    \Debug_Flash\Obj\target.o --redirect                     #
#                    _Printf=_PrintfSmall --redirect _Scanf=_ScanfSmall -o    #
#                    E:\Ghadir_Win_Prg\hardware\GP\Output\LPC2388\Debug_Flash #
#                    \Exe\GP.out.tmp --map E:\Ghadir_Win_Prg\hardware\GP\Outp #
#                    ut\LPC2388\Debug_Flash\List\GP.map --config              #
#                    E:\Ghadir_Win_Prg\hardware\GP\GP.icf --redirect          #
#                    __write=__write_buffered --semihosting                   #
#                                                                             #
#                                                                             #
###############################################################################

*******************************************************************************
*** RUNTIME MODEL ATTRIBUTES
***

__endian      = little
__thumb_aware = enabled


*******************************************************************************
*** PLACEMENT SUMMARY
***

"A1":  place at 0x00000000 { ro section .intvec };
"A2":  place at 0x000001fc { ro section CRP_Pattern };
"P1":  place in [from 0x00000080 to 0x0007ffff] { ro };
"P2":  place in [from 0x40000000 to 0x4000ffff] {
          rw, block CSTACK, block SVC_STACK, block IRQ_STACK, block FIQ_STACK,
          block UND_STACK, block ABT_STACK, block HEAP };

  Section             Kind        Address     Size  Object
  -------             ----        -------     ----  ------
"A1":                                         0x3c
  .intvec             ro code  0x00000000     0x3c  cstartup.o [7]
                             - 0x0000003c     0x3c

"A2":                                          0x4
  CRP_Pattern         const    0x000001fc      0x4  Main.o [1]
                             - 0x00000200      0x4

"P1":                                      0x5723d
  .text               ro code  0x00000200   0x7f08  Menu.o [1]
  .rodata             const    0x00008108   0x399c  Font.o [1]
  .text               ro code  0x0000baa4   0x35cc  Communication.o [1]
  .text               ro code  0x0000f070   0x33ac  Hardware.o [1]
  .text               ro code  0x0001241c   0x2cd4  Personal.o [1]
  .rodata             const    0x000150f0   0x29bc  Sound.o [1]
  .rodata             const    0x00017aac   0x257c  Font.o [1]
  .rodata             const    0x0001a028   0x1f60  Font.o [1]
  .text               ro code  0x0001bf88   0x1df0  Control.o [1]
  .rodata             const    0x0001dd78   0x1cdc  Sound.o [1]
  .rodata             const    0x0001fa54   0x1bbc  Sound.o [1]
  .text               ro code  0x00021610   0x1aac  IP_TCP_in.o [5]
  .rodata             const    0x000230bc   0x1a0c  Sound.o [1]
  .rodata             const    0x00024ac8   0x19f8  Sound.o [1]
  .text               ro code  0x000264c0   0x1950  Finger.o [1]
  .text               ro code  0x00027e10   0x168c  USB_MSD.o [9]
  .rodata             const    0x0002949c   0x154c  Font.o [1]
  .rodata             const    0x0002a9e8   0x146c  Font.o [1]
  .text               ro code  0x0002be54   0x137c  IP_socket.o [5]
  .rodata             const    0x0002d1d0   0x11b0  Font.o [1]
  .text               ro code  0x0002e380   0x10d4  MifareEx.o [1]
  .text               ro code  0x0002f454   0x10b4  MMC_SD_CardMode_Drv.o [4]
  .text               ro code  0x00030508   0x101c  FAT_Misc.o [4]
  .text               ro code  0x00031524    0xfc8  DateTime.o [1]
  .text               ro code  0x000324ec    0xed8  USB_Setup.o [9]
  .text               ro code  0x000333c4    0xec0  LCD.o [1]
  .text               ro code  0x00034284    0xe58  USB_Main.o [9]
  .text               ro code  0x000350dc    0xdb0  Mifare.o [1]
  .text               ro code  0x00035e8c    0xdac  Setting.o [1]
  .text               ro code  0x00036c38    0xcc4  Key.o [1]
  .text               ro code  0x000378fc    0xc50  CommunicationPacket.o [1]
  .text               ro code  0x0003854c    0xbd4  COM.o [1]
  .rodata             const    0x00039120    0xb84  Font.o [1]
  .text               ro code  0x00039ca4    0xaec  IP_Core.o [5]
  .text               ro code  0x0003a790    0xa48  Notify.o [1]
  .text               ro code  0x0003b1d8    0x9e8  FS_MMC_HW_MCI.o [1]
  .text               ro code  0x0003bbc0    0x990  OSKERN.o [6]
  .text               ro code  0x0003c550    0x974  FAT_Open.o [4]
  .text               ro code  0x0003cec4    0x964  IP_TCP_out.o [5]
  .text               ro code  0x0003d828    0x8b4  IP_TCP.o [5]
  .text               ro code  0x0003e0dc    0x85c  Network.o [1]
  .text               ro code  0x0003e938    0x858  FS_LogBlock.o [4]
  .text               ro code  0x0003f190    0x7bc  FAT_Format.o [4]
  .text               ro code  0x0003f94c    0x7b4  LED.o [1]
  .text               ro code  0x00040100    0x7b0  IP_socket2.o [5]
  .text               ro code  0x000408b0    0x7a8  USB_HW_LPC23xx.o [9]
  .text               ro code  0x00041058    0x794  FS_Misc.o [4]
  .text               ro code  0x000417ec    0x704  xprintfsmall.o [3]
  .text               ro code  0x00041ef0    0x6f0  IP_NI_LPC24xx.o [5]
  .text               ro code  0x000425e0    0x6c4  IP_UDP.o [5]
  .text               ro code  0x00042ca4    0x688  Alarm.o [1]
  .text               ro code  0x0004332c    0x5d0  IP_ARP.o [5]
  .text               ro code  0x000438fc    0x59c  JLINKDCC_ProcessV2.o [1]
  .text               ro code  0x00043e98    0x590  IP_UDPSock.o [5]
  .text               ro code  0x00044428    0x578  FAT_Write.o [4]
  .text               ro code  0x000449a0    0x570  string.o [3]
  .text               ro code  0x00044f10    0x56c  RTOSINIT_LPC2378.o [1]
  .text               ro code  0x0004547c    0x564  FingerPacket.o [1]
  .text               ro code  0x000459e0    0x560  IP_TCP_timr.o [5]
  .text               ro code  0x00045f40    0x558  Font2.o [1]
  .text               ro code  0x00046498    0x520  IP_TCP_usr.o [5]
  .text               ro code  0x000469b8    0x4ec  FS_Storage.o [4]
  .text               ro code  0x00046ea4    0x4cc  Buffer.o [1]
  .text               ro code  0x00047370    0x4a8  IP_TCP_pcb.o [5]
  .text               ro code  0x00047818    0x490  xlog.o [3]
  .text               ro code  0x00047ca8    0x45c  FAT_FormatSD.o [4]
  .text               ro code  0x00048104    0x458  IP_Log.o [5]
  .text               ro code  0x0004855c    0x458  IP_TCP_subr.o [5]
  .rodata             const    0x000489b4    0x400  Font.o [1]
  .text               ro code  0x00048db4    0x3f8  BackLight.o [1]
  .text               ro code  0x000491ac    0x3f8  Font.o [1]
  .rodata             const    0x000495a4    0x3f4  Font.o [1]
  .text               ro code  0x00049998    0x3f0  DigitalData.o [1]
  .text               ro code  0x00049d88    0x3c0  IP_IP.o [5]
  .text               ro code  0x0004a148    0x39c  FAT_Dir.o [4]
  .text               ro code  0x0004a4e4    0x398  MY_USB.o [1]
  .text               ro code  0x0004a87c    0x378  target.o [1]
  .text               ro code  0x0004abf4    0x374  MifarePacket.o [1]
  .text               ro code  0x0004af68    0x35c  Utility.o [1]
  .text               ro code  0x0004b2c4    0x354  Status.o [1]
  .text               ro code  0x0004b618    0x338  DblDiv.o [7]
  .text               ro code  0x0004b950    0x320  DAC.o [1]
  .text               ro code  0x0004bc70    0x31c  Beep.o [1]
  .text               ro code  0x0004bf8c    0x31c  FAT_Read.o [4]
  .text               ro code  0x0004c2a8    0x2f4  IP_PHY.o [5]
  .text               ro code  0x0004c59c    0x2c8  IP_OS.o [1]
  .text               ro code  0x0004c864    0x2ac  View.o [1]
  .text               ro code  0x0004cb10    0x2a8  xflog.o [3]
  .text               ro code  0x0004cdb8    0x29c  Sound.o [1]
  .text               ro code  0x0004d054    0x288  ShowTime.o [1]
  .text               ro code  0x0004d2dc    0x274  IP_ICMP.o [5]
  .text               ro code  0x0004d550    0x25c  FS_Dir.o [4]
  .text               ro code  0x0004d7ac    0x24c  IP_ConfigIO.o [1]
  .text               ro code  0x0004d9f8    0x248  OSTIME.o [6]
  .text               ro code  0x0004dc40    0x248  FS_Core.o [4]
  .rodata             const    0x0004de88    0x240  Font2.o [1]
  .text               ro code  0x0004e0c8    0x240  OSRSEM.o [6]
  .text               ro code  0x0004e308    0x240  IP_Packet.o [5]
  .text               ro code  0x0004e548    0x23c  USB_MSD_STORAGE_FS.o [9]
  .rodata             const    0x0004e784    0x228  Font.o [1]
  .text               ro code  0x0004e9ac    0x200  FS_Log.o [4]
  .text               ro code  0x0004ebac    0x200  FAT_Move.o [4]
  .text               ro code  0x0004edac    0x1f8  DblMul.o [7]
  .text               ro code  0x0004efa4    0x1f0  rtos.o [6]
  .text               ro code  0x0004f194    0x1f0  DblSub.o [7]
  .text               ro code  0x0004f384    0x1d4  IP_Q.o [5]
  .text               ro code  0x0004f558    0x1d4  I32DivMod.o [7]
  .text               ro code  0x0004f72c    0x1c8  FltDiv.o [7]
  .text               ro code  0x0004f8f4    0x1c0  OSCSEM.o [6]
  .text               ro code  0x0004fab4    0x194  FS_Partition.o [4]
  .rodata             const    0x0004fc48    0x188  IP_TCP_in.o [5]
  .rodata             const    0x0004fdd0    0x17c  FAT_Format.o [4]
  .text               ro code  0x0004ff4c    0x170  Device.o [1]
  .text               ro code  0x000500bc    0x160  USB_Config_LPC2378.o [1]
  .text               ro code  0x0005021c    0x15c  xxwritebuffered.o [3]
  .text               ro code  0x00050378    0x15c  xdint.o [3]
  .text               ro code  0x000504d4    0x154  xdnorm.o [3]
  .text               ro code  0x00050628    0x154  xxmemxmalloc.o [3]
  .rodata             const    0x0005077c    0x150  Font2.o [1]
  .text               ro code  0x000508cc    0x14c  FltMul.o [7]
  .text               ro code  0x00050a18    0x140  DblAdd.o [7]
  .rodata             const    0x00050b58    0x138  Font.o [1]
  .text               ro code  0x00050c90    0x138  USB_OS.o [1]
  .text               ro code  0x00050dc8    0x12c  FltSub.o [7]
  .text               ro code  0x00050ef4    0x120  IP_Config_LPC23xx.o [1]
  .text               ro code  0x00051014    0x120  OS_CreateTaskEx.o [6]
  .text               ro code  0x00051134    0x118  FS_ConfigMMC_MCI.o [1]
  .text               ro code  0x0005124c    0x118  OS_CreateTask.o [6]
  .rodata             const    0x00051364    0x114  FAT_Misc.o [4]
  .rodata             const    0x00051478    0x114  IP_IP.o [5]
  .text               ro code  0x0005158c    0x114  FS_memcpy.o [4]
  .text               ro code  0x000516a0    0x110  xxmemxfree.o [3]
  .rodata             const    0x000517b0    0x108  Font.o [1]
  .text               ro code  0x000518b8    0x108  OS_Suspend.o [6]
  .text               ro code  0x000519c0    0x108  cppinit.o [3]
  .text               ro code  0x00051ac8     0xf4  packbits_init2.o [7]
  .rodata             const    0x00051bbc     0xe8  IP_TCP_out.o [5]
  .text               ro code  0x00051ca4     0xe8  xfdint.o [3]
  .text               ro code  0x00051d8c     0xe4  OSTERM.o [6]
  .text               ro code  0x00051e70     0xe0  xfdnorm.o [3]
  .text               ro code  0x00051f50     0xdc  BSP.o [1]
  .text               ro code  0x0005202c     0xd4  ABImemcpy.o [7]
  .text               ro code  0x00052100     0xd4  ABImemmove.o [7]
  .text               ro code  0x000521d4     0xcc  MResource.o [1]
  .text               ro code  0x000522a0     0xcc  OS_EVENT_WaitTimed.o [6]
  .rodata             const    0x0005236c     0xc8  Font.o [1]
  .rodata             const    0x00052434     0xbc  IP_UDP.o [5]
  .text               ro code  0x000524f0     0xbc  DAC.o [1]
  .text               ro code  0x000525ac     0xbc  IP_TCP_zio.o [5]
  .text               ro code  0x00052668     0xbc  xsyslock.o [3]
  .text               ro code  0x00052724     0xb0  HResource.o [1]
  .text               ro code  0x000527d4     0xac  DblToFlt.o [7]
  .rodata             const    0x00052880     0xa8  IP_socket.o [5]
  .text               ro code  0x00052928     0xa8  FS_Unmount.o [4]
  .text               ro code  0x000529d0     0xa8  iarwstd.o [8]
  .rodata             const    0x00052a78     0xa4  FAT_Move.o [4]
  .text               ro code  0x00052b1c     0xa4  FS_Volume.o [4]
  .text               ro code  0x00052bc0     0xa4  OS_EVENT_Set.o [6]
  .text               ro code  0x00052c64     0xa4  FltAdd.o [7]
  .rodata             const    0x00052d08     0x9c  FS_Misc.o [4]
  .rodata             const    0x00052da4     0x9c  FAT_Dir.o [4]
  .text               ro code  0x00052e40     0x9c  strncpy.o [7]
  .text               ro code  0x00052edc     0x98  OS_TICK_Handle.o [6]
  .rodata             const    0x00052f74     0x94  IP_socket.o [5]
  .text               ro code  0x00053008     0x94  memchr.o [7]
  .text               ro code  0x0005309c     0x90  FS_Write.o [4]
  .rodata             const    0x0005312c     0x8c  IP_Packet.o [5]
  .text               ro code  0x000531b8     0x8c  OS_EVENT_Delete.o [6]
  .text               ro code  0x00053244     0x8c  OS_EVENT_Pulse.o [6]
  .rodata             const    0x000532d0     0x88  FS_Misc.o [4]
  .text               ro code  0x00053358     0x88  DigitalData.o [1]
  .text               ro code  0x000533e0     0x84  OS_EVENT_Wait.o [6]
  .text               ro code  0x00053464     0x80  FAT_Rename.o [4]
  .rodata             const    0x000534e4     0x7c  IP_Core.o [5]
  .rodata             const    0x00053560     0x7c  IP_PHY.o [5]
  .rodata             const    0x000535dc     0x7c  IP_UDPSock.o [5]
  .text               ro code  0x00053658     0x7c  ABImemset.o [7]
  .rodata             const    0x000536d4     0x78  FAT_Read.o [4]
  .rodata             const    0x0005374c     0x74  IP_UDP.o [5]
  .text               ro code  0x000537c0     0x74  Packet.o [1]
  .text               ro code  0x00053834     0x74  strcmp.o [7]
  .text               ro code  0x000538a8     0x74  memcmp.o [7]
  .rodata             const    0x0005391c     0x70  MMC_SD_CardMode_Drv.o [4]
  .rodata             const    0x0005398c     0x70  IP_socket.o [5]
  .rodata             const    0x000539fc     0x70  FS_Write.o [4]
  .rodata             const    0x00053a6c     0x70  FAT_Misc.o [4]
  .text               ro code  0x00053adc     0x70  OS_DeactivateTP.o [6]
  .text               ro code  0x00053b4c     0x70  ceil.o [3]
  .rodata             const    0x00053bbc     0x6c  FAT_Misc.o [4]
  .text               ro code  0x00053c28     0x6c  strcpy.o [7]
  .rodata             const    0x00053c94     0x68  IP_Core.o [5]
  .rodata             const    0x00053cfc     0x68  FAT_Format.o [4]
  .text               ro code  0x00053d64     0x68  FS_Read.o [4]
  .rodata             const    0x00053dcc     0x64  FAT_Open.o [4]
  .rodata             const    0x00053e30     0x64  IP_ICMP.o [5]
  .text               ro code  0x00053e94     0x64  FltToDbl.o [7]
  .text               ro code  0x00053ef8     0x64  S32ToFlt.o [7]
  .rodata             const    0x00053f5c     0x60  FS_Core.o [4]
  .rodata             const    0x00053fbc     0x60  FAT_Read.o [4]
  .rodata             const    0x0005401c     0x60  IP_ARP.o [5]
  .rodata             const    0x0005407c     0x60  IP_socket2.o [5]
  .text               ro code  0x000540dc     0x60  OS_DeactivateP.o [6]
  .text               ro code  0x0005413c     0x60  DblToS32.o [7]
  .rodata             const    0x0005419c     0x5c  FS_Storage.o [4]
  .rodata             const    0x000541f8     0x5c  MMC_SD_CardMode_Drv.o [4]
  .rodata             const    0x00054254     0x58  MMC_SD_CardMode_Drv.o [4]
  .rodata             const    0x000542ac     0x58  IP_NI_LPC24xx.o [5]
  .rodata             const    0x00054304     0x58  FAT_Write.o [4]
  .text               ro code  0x0005435c     0x58  FltToS32.o [7]
  .text               ro code  0x000543b4     0x58  S32ToDbl.o [7]
  .rodata             const    0x0005440c     0x54  MMC_SD_CardMode_Drv.o [4]
  .rodata             const    0x00054460     0x54  IP_Core.o [5]
  .text               ro code  0x000544b4     0x54  Alarm.o [1]
  .text               ro code  0x00054508     0x54  Control.o [1]
  .text               ro code  0x0005455c     0x54  OS_Error.o [1]
  .text               ro code  0x000545b0     0x54  OS_GetCPUState.o [6]
  .text               ro code  0x00054604     0x54  strlen.o [7]
  .text               ro code  0x00054658     0x54  floorf.o [3]
  .rodata             const    0x000546ac     0x50  FS_Misc.o [4]
  .rodata             const    0x000546fc     0x50  FAT_FormatSD.o [4]
  .text               ro code  0x0005474c     0x50  Communication.o [1]
  .text               ro code  0x0005479c     0x50  OSISTASK.o [6]
  .text               ro code  0x000547ec     0x50  OS_EVENT_Reset.o [6]
  .text               ro code  0x0005483c     0x50  cstartup.o [7]
  .rodata             const    0x0005488c     0x4c  FAT_Write.o [4]
  .rodata             const    0x000548d8     0x4c  FS_Partition.o [4]
  .rodata             const    0x00054924     0x4c  IP_TCP_usr.o [5]
  .text               ro code  0x00054970     0x4c  Communication.o [1]
  .text               ro code  0x000549bc     0x4c  FS_Rename.o [4]
  .text               ro code  0x00054a08     0x4c  OS_Wait.o [6]
  .text               ro code  0x00054a54     0x4c  strncmp.o [3]
  .rodata             const    0x00054aa0     0x48  COM.o [1]
  .rodata             const    0x00054ae8     0x48  Finger.o [1]
  .rodata             const    0x00054b30     0x48  Key.o [1]
  .rodata             const    0x00054b78     0x48  MY_USB.o [1]
  .rodata             const    0x00054bc0     0x48  Mifare.o [1]
  .rodata             const    0x00054c08     0x48  MifareEx.o [1]
  .rodata             const    0x00054c50     0x48  Network.o [1]
  .rodata             const    0x00054c98     0x48  FAT_FormatSD.o [4]
  .rodata             const    0x00054ce0     0x48  MMC_SD_CardMode_Drv.o [4]
  .rodata             const    0x00054d28     0x48  FAT_Misc.o [4]
  .rodata             const    0x00054d70     0x48  IP_TCP.o [5]
  .rodata             const    0x00054db8     0x48  IP_TCP.o [5]
  .text               ro code  0x00054e00     0x48  FS_ErrorOut.o [4]
  .text               ro code  0x00054e48     0x48  FS_Warn.o [4]
  .text               ro code  0x00054e90     0x48  MtxWrapper.o [3]
  .text               ro code  0x00054ed8     0x48  ABImemset48.o [7]
  .text               ro code  0x00054f20     0x48  newop_0.o [3]
  .rodata             const    0x00054f68     0x44  IP_Core.o [5]
  .rodata             const    0x00054fac     0x44  FS_Dir.o [4]
  .rodata             const    0x00054ff0     0x44  USB_HW_LPC23xx.o [9]
  .rodata             const    0x00055034     0x44  IP_Q.o [5]
  .rodata             const    0x00055078     0x44  IP_UDP.o [5]
  .text               ro code  0x000550bc     0x44  iarwrite.o [8]
  .rodata             const    0x00055100     0x40  IP_NI_LPC24xx.o [5]
  .rodata             const    0x00055140     0x40  IP_ICMP.o [5]
  .text               ro code  0x00055180     0x40  OSINFO.o [6]
  .text               ro code  0x000551c0     0x40  putchar.o [3]
  .text               ro code  0x00055200     0x40  xgetmemchunk.o [3]
  .rodata             const    0x00055240     0x3c  FAT_Write.o [4]
  .rodata             const    0x0005527c     0x3c  FAT_Misc.o [4]
  .rodata             const    0x000552b8     0x3c  IP_Packet.o [5]
  .text               ro code  0x000552f4     0x3c  Alarm.o [1]
  .text               ro code  0x00055330     0x3c  COM.o [1]
  .text               ro code  0x0005536c     0x3c  FS_ConfigIO.o [1]
  .text               ro code  0x000553a8     0x3c  DblToU32.o [7]
  .rodata             const    0x000553e4     0x38  MMC_SD_CardMode_Drv.o [4]
  .rodata             const    0x0005541c     0x38  FS_Partition.o [4]
  .text               ro code  0x00055454     0x38  printf.o [3]
  .text               ro code  0x0005548c     0x38  DblCmpLe.o [7]
  .text               ro code  0x000554c4     0x38  DblCmpGe.o [7]
  .text               ro code  0x000554fc     0x38  cmain.o [7]
  .text               ro code  0x00055534     0x38  data_init2.o [7]
  .rodata             const    0x0005556c     0x34  FS_Misc.o [4]
  .rodata             const    0x000555a0     0x34  FS_Read.o [4]
  .rodata             const    0x000555d4     0x34  FAT_Open.o [4]
  .rodata             const    0x00055608     0x34  FAT_Misc.o [4]
  .rodata             const    0x0005563c     0x34  IP_TCP_in.o [5]
  .text               ro code  0x00055670     0x34  OSCPU1.o [6]
  .text               ro code  0x000556a4     0x34  strcat.o [3]
  .text               ro code  0x000556d8     0x34  FltToU32.o [7]
  .rodata             const    0x0005570c     0x30  IP_Core.o [5]
  .rodata             const    0x0005573c     0x30  xdint.o [3]
  .text               ro code  0x0005576c     0x30  Communication.o [1]
  .text               ro code  0x0005579c     0x30  Control.o [1]
  .text               ro code  0x000557cc     0x30  FS_FRead.o [4]
  .text               ro code  0x000557fc     0x30  FS_AssignCache.o [4]
  .text               ro code  0x0005582c     0x30  dwrite.o [8]
  .rodata             const    0x0005585c     0x2c  FS_Misc.o [4]
  .rodata             const    0x00055888     0x2c  FS_Storage.o [4]
  .rodata             const    0x000558b4     0x2c  MMC_SD_CardMode_Drv.o [4]
  .rodata             const    0x000558e0     0x2c  IP_Core.o [5]
  .rodata             const    0x0005590c     0x2c  IP_socket.o [5]
  .rodata             const    0x00055938     0x2c  IP_TCP.o [5]
  .text               ro code  0x00055964     0x2c  Alarm.o [1]
  .text               ro code  0x00055990     0x2c  Communication.o [1]
  .text               ro code  0x000559bc     0x2c  Communication.o [1]
  .text               ro code  0x000559e8     0x2c  MY_USB.o [1]
  .text               ro code  0x00055a14     0x2c  Main.o [1]
  .text               ro code  0x00055a40     0x2c  FltCmpLe.o [7]
  .text               ro code  0x00055a6c     0x2c  FltCmpGe.o [7]
  .text               ro code  0x00055a98     0x2c  DblCmpEq.o [7]
  .rodata             const    0x00055ac4     0x28  FS_Volume.o [4]
  .rodata             const    0x00055aec     0x28  IP_Core.o [5]
  .rodata             const    0x00055b14     0x28  IP_NI_LPC24xx.o [5]
  .rodata             const    0x00055b3c     0x28  IP_socket.o [5]
  .rodata             const    0x00055b64     0x28  IP_socket.o [5]
  .rodata             const    0x00055b8c     0x28  FAT_Write.o [4]
  .rodata             const    0x00055bb4     0x28  FS_LogBlock.o [4]
  .rodata             const    0x00055bdc     0x28  xfdint.o [3]
  .text               ro code  0x00055c04     0x28  Alarm.o [1]
  .text               ro code  0x00055c2c     0x28  Communication.o [1]
  .text               ro code  0x00055c54     0x28  OS_EVENT_Create.o [6]
  .text               ro code  0x00055c7c     0x28  xprout.o [3]
  .text               ro code  0x00055ca4     0x28  errno.o [3]
  .text               ro code  0x00055ccc     0x28  zero_init2.o [7]
  .rodata             const    0x00055cf4     0x24  IP_ConfigIO.o [1]
  .rodata             const    0x00055d18     0x24  IP_socket.o [5]
  .rodata             const    0x00055d3c     0x24  IP_socket.o [5]
  .rodata             const    0x00055d60     0x24  FS_LogBlock.o [4]
  .rodata             const    0x00055d84     0x24  IP_ARP.o [5]
  .rodata             const    0x00055da8     0x24  IP_TCP_subr.o [5]
  .rodata             const    0x00055dcc     0x24  IP_TCP_subr.o [5]
  .text               ro code  0x00055df0     0x24  Alarm.o [1]
  .text               ro code  0x00055e14     0x24  Buffer.o [1]
  .text               ro code  0x00055e38     0x24  Key.o [1]
  .text               ro code  0x00055e5c     0x24  OSTimeGS.o [6]
  SHT$$PREINIT_ARRAY           0x00055e80      0x0  <Block>
  SHT$$INIT_ARRAY              0x00055e80     0x24  <Block>
    .difunct          const    0x00055e80      0x4  Alarm.o [1]
    .difunct          const    0x00055e84      0x4  COM.o [1]
    .difunct          const    0x00055e88      0x4  Communication.o [1]
    .difunct          const    0x00055e8c      0x4  Control.o [1]
    .difunct          const    0x00055e90      0x4  Finger.o [1]
    .difunct          const    0x00055e94      0x4  Menu.o [1]
    .difunct          const    0x00055e98      0x4  Mifare.o [1]
    .difunct          const    0x00055e9c      0x4  MifareEx.o [1]
    .difunct          const    0x00055ea0      0x4  Network.o [1]
  .iar.init_table     const    0x00055ea4     0x2c  - Linker created -
  .rodata             const    0x00055ed0     0x20  Setting.o [1]
  .rodata             const    0x00055ef0     0x20  FS_Misc.o [4]
  .rodata             const    0x00055f10     0x20  MMC_SD_CardMode_Drv.o [4]
  .rodata             const    0x00055f30     0x20  MMC_SD_CardMode_Drv.o [4]
  .rodata             const    0x00055f50     0x20  USB_MSD_STORAGE_FS.o [9]
  .rodata             const    0x00055f70     0x20  IP_socket.o [5]
  .rodata             const    0x00055f90     0x20  IP_socket.o [5]
  .rodata             const    0x00055fb0     0x20  IP_socket.o [5]
  .rodata             const    0x00055fd0     0x20  IP_ARP.o [5]
  .rodata             const    0x00055ff0     0x20  IP_ARP.o [5]
  .rodata             const    0x00056010     0x20  IP_TCP.o [5]
  .rodata             const    0x00056030     0x20  IP_UDP.o [5]
  .text               ro code  0x00056050     0x20  COM.o [1]
  .text               ro code  0x00056070     0x20  OSCPU.o [6]
  .text               ro code  0x00056090     0x20  exit.o [8]
  .text               ro code  0x000560b0     0x20  strchr.o [7]
  .rodata             const    0x000560d0     0x1c  Menu.o [1]
  .rodata             const    0x000560ec     0x1c  Network.o [1]
  .rodata             const    0x00056108     0x1c  FS_Misc.o [4]
  .rodata             const    0x00056124     0x1c  MMC_SD_CardMode_Drv.o [4]
  .rodata             const    0x00056140     0x1c  IP_socket.o [5]
  .rodata             const    0x0005615c     0x1c  IP_TCP_subr.o [5]
  .text               ro code  0x00056178     0x1c  Alarm.o [1]
  .text               ro code  0x00056194     0x1c  Alarm.o [1]
  .text               ro code  0x000561b0     0x1c  Alarm.o [1]
  .text               ro code  0x000561cc     0x1c  Buffer.o [1]
  .text               ro code  0x000561e8     0x1c  Buffer.o [1]
  .text               ro code  0x00056204     0x1c  Communication.o [1]
  .text               ro code  0x00056220     0x1c  Communication.o [1]
  .text               ro code  0x0005623c     0x1c  Control.o [1]
  .text               ro code  0x00056258     0x1c  Key.o [1]
  .text               ro code  0x00056274     0x1c  FS_GetFileSize.o [4]
  .rodata             const    0x00056290     0x18  Alarm.o [1]
  .rodata             const    0x000562a8     0x18  Communication.o [1]
  .rodata             const    0x000562c0     0x18  Communication.o [1]
  .rodata             const    0x000562d8     0x18  Menu.o [1]
  .rodata             const    0x000562f0     0x18  Menu.o [1]
  .rodata             const    0x00056308     0x18  Menu.o [1]
  .rodata             const    0x00056320     0x18  Menu.o [1]
  .rodata             const    0x00056338     0x18  Menu.o [1]
  .rodata             const    0x00056350     0x18  Menu.o [1]
  .rodata             const    0x00056368     0x18  Menu.o [1]
  .rodata             const    0x00056380     0x18  Menu.o [1]
  .rodata             const    0x00056398     0x18  Menu.o [1]
  .rodata             const    0x000563b0     0x18  Menu.o [1]
  .rodata             const    0x000563c8     0x18  Network.o [1]
  .rodata             const    0x000563e0     0x18  Personal.o [1]
  .rodata             const    0x000563f8     0x18  Personal.o [1]
  .rodata             const    0x00056410     0x18  Personal.o [1]
  .rodata             const    0x00056428     0x18  Personal.o [1]
  .rodata             const    0x00056440     0x18  Personal.o [1]
  .rodata             const    0x00056458     0x18  Setting.o [1]
  .rodata             const    0x00056470     0x18  Status.o [1]
  .rodata             const    0x00056488     0x18  View.o [1]
  .rodata             const    0x000564a0     0x18  IP_Core.o [5]
  .rodata             const    0x000564b8     0x18  IP_Core.o [5]
  .rodata             const    0x000564d0     0x18  IP_NI_LPC24xx.o [5]
  .rodata             const    0x000564e8     0x18  IP_Log.o [5]
  .rodata             const    0x00056500     0x18  IP_socket.o [5]
  .rodata             const    0x00056518     0x18  IP_socket.o [5]
  .rodata             const    0x00056530     0x18  IP_Q.o [5]
  .text               ro code  0x00056548     0x18  Alarm.o [1]
  .text               ro code  0x00056560     0x18  Alarm.o [1]
  .text               ro code  0x00056578     0x18  Alarm.o [1]
  .text               ro code  0x00056590     0x18  Alarm.o [1]
  .text               ro code  0x000565a8     0x18  Alarm.o [1]
  .text               ro code  0x000565c0     0x18  COM.o [1]
  .text               ro code  0x000565d8     0x18  COM.o [1]
  .text               ro code  0x000565f0     0x18  Communication.o [1]
  .text               ro code  0x00056608     0x18  Control.o [1]
  .text               ro code  0x00056620     0x18  cexit.o [7]
  .rodata             const    0x00056638     0x14  BackLight.o [1]
  .rodata             const    0x0005664c     0x14  Communication.o [1]
  .rodata             const    0x00056660     0x14  Communication.o [1]
  .rodata             const    0x00056674     0x14  Communication.o [1]
  .rodata             const    0x00056688     0x14  CommunicationPacket.o [1]
  .rodata             const    0x0005669c     0x14  Control.o [1]
  .rodata             const    0x000566b0     0x14  Control.o [1]
  .rodata             const    0x000566c4     0x14  DAC.o [1]
  .rodata             const    0x000566d8     0x14  FingerPacket.o [1]
  .rodata             const    0x000566ec     0x14  IP_ConfigIO.o [1]
  .rodata             const    0x00056700     0x14  LCD.o [1]
  .rodata             const    0x00056714     0x14  LED.o [1]
  .rodata             const    0x00056728     0x14  Menu.o [1]
  .rodata             const    0x0005673c     0x14  Menu.o [1]
  .rodata             const    0x00056750     0x14  Menu.o [1]
  .rodata             const    0x00056764     0x14  Menu.o [1]
  .rodata             const    0x00056778     0x14  Menu.o [1]
  .rodata             const    0x0005678c     0x14  Menu.o [1]
  .rodata             const    0x000567a0     0x14  Menu.o [1]
  .rodata             const    0x000567b4     0x14  Menu.o [1]
  .rodata             const    0x000567c8     0x14  Menu.o [1]
  .rodata             const    0x000567dc     0x14  Menu.o [1]
  .rodata             const    0x000567f0     0x14  Menu.o [1]
  .rodata             const    0x00056804     0x14  Menu.o [1]
  .rodata             const    0x00056818     0x14  Menu.o [1]
  .rodata             const    0x0005682c     0x14  Menu.o [1]
  .rodata             const    0x00056840     0x14  Menu.o [1]
  .rodata             const    0x00056854     0x14  Menu.o [1]
  .rodata             const    0x00056868     0x14  Menu.o [1]
  .rodata             const    0x0005687c     0x14  Menu.o [1]
  .rodata             const    0x00056890     0x14  Menu.o [1]
  .rodata             const    0x000568a4     0x14  Menu.o [1]
  .rodata             const    0x000568b8     0x14  Menu.o [1]
  .rodata             const    0x000568cc     0x14  Menu.o [1]
  .rodata             const    0x000568e0     0x14  Menu.o [1]
  .rodata             const    0x000568f4     0x14  Menu.o [1]
  .rodata             const    0x00056908     0x14  Menu.o [1]
  .rodata             const    0x0005691c     0x14  Menu.o [1]
  .rodata             const    0x00056930     0x14  MifarePacket.o [1]
  .rodata             const    0x00056944     0x14  Network.o [1]
  .rodata             const    0x00056958     0x14  Network.o [1]
  .rodata             const    0x0005696c     0x14  Network.o [1]
  .rodata             const    0x00056980     0x14  Network.o [1]
  .rodata             const    0x00056994     0x14  Packet.o [1]
  .rodata             const    0x000569a8     0x14  Personal.o [1]
  .rodata             const    0x000569bc     0x14  Personal.o [1]
  .rodata             const    0x000569d0     0x14  Personal.o [1]
  .rodata             const    0x000569e4     0x14  Personal.o [1]
  .rodata             const    0x000569f8     0x14  Personal.o [1]
  .rodata             const    0x00056a0c     0x14  Personal.o [1]
  .rodata             const    0x00056a20     0x14  Personal.o [1]
  .rodata             const    0x00056a34     0x14  Personal.o [1]
  .rodata             const    0x00056a48     0x14  Setting.o [1]
  .rodata             const    0x00056a5c     0x14  Setting.o [1]
  .rodata             const    0x00056a70     0x14  Setting.o [1]
  .rodata             const    0x00056a84     0x14  IP_Core.o [5]
  .rodata             const    0x00056a98     0x14  USB_MSD.o [9]
  .rodata             const    0x00056aac     0x14  IP_TCP.o [5]
  .rodata             const    0x00056ac0     0x14  IP_TCP_out.o [5]
  .text               ro code  0x00056ad4     0x14  Alarm.o [1]
  .text               ro code  0x00056ae8     0x14  Control.o [1]
  .text               ro code  0x00056afc     0x14  delop_0.o [3]
  .rodata             const    0x00056b10     0x10  BackLight.o [1]
  .rodata             const    0x00056b20     0x10  Communication.o [1]
  .rodata             const    0x00056b30     0x10  Communication.o [1]
  .rodata             const    0x00056b40     0x10  FS_ConfigIO.o [1]
  .rodata             const    0x00056b50     0x10  FS_ConfigIO.o [1]
  .rodata             const    0x00056b60     0x10  MY_USB.o [1]
  .rodata             const    0x00056b70     0x10  MY_USB.o [1]
  .rodata             const    0x00056b80     0x10  Menu.o [1]
  .rodata             const    0x00056b90     0x10  Menu.o [1]
  .rodata             const    0x00056ba0     0x10  Menu.o [1]
  .rodata             const    0x00056bb0     0x10  Menu.o [1]
  .rodata             const    0x00056bc0     0x10  Menu.o [1]
  .rodata             const    0x00056bd0     0x10  Menu.o [1]
  .rodata             const    0x00056be0     0x10  Menu.o [1]
  .rodata             const    0x00056bf0     0x10  Menu.o [1]
  .rodata             const    0x00056c00     0x10  Menu.o [1]
  .rodata             const    0x00056c10     0x10  Menu.o [1]
  .rodata             const    0x00056c20     0x10  Menu.o [1]
  .rodata             const    0x00056c30     0x10  Menu.o [1]
  .rodata             const    0x00056c40     0x10  Menu.o [1]
  .rodata             const    0x00056c50     0x10  Menu.o [1]
  .rodata             const    0x00056c60     0x10  Menu.o [1]
  .rodata             const    0x00056c70     0x10  Menu.o [1]
  .rodata             const    0x00056c80     0x10  Menu.o [1]
  .rodata             const    0x00056c90     0x10  Menu.o [1]
  .rodata             const    0x00056ca0     0x10  Menu.o [1]
  .rodata             const    0x00056cb0     0x10  Menu.o [1]
  .rodata             const    0x00056cc0     0x10  Menu.o [1]
  .rodata             const    0x00056cd0     0x10  Menu.o [1]
  .rodata             const    0x00056ce0     0x10  Menu.o [1]
  .rodata             const    0x00056cf0     0x10  Menu.o [1]
  .rodata             const    0x00056d00     0x10  Menu.o [1]
  .rodata             const    0x00056d10     0x10  Menu.o [1]
  .rodata             const    0x00056d20     0x10  Menu.o [1]
  .rodata             const    0x00056d30     0x10  Menu.o [1]
  .rodata             const    0x00056d40     0x10  Menu.o [1]
  .rodata             const    0x00056d50     0x10  Menu.o [1]
  .rodata             const    0x00056d60     0x10  Menu.o [1]
  .rodata             const    0x00056d70     0x10  Menu.o [1]
  .rodata             const    0x00056d80     0x10  Menu.o [1]
  .rodata             const    0x00056d90     0x10  Menu.o [1]
  .rodata             const    0x00056da0     0x10  Personal.o [1]
  .rodata             const    0x00056db0     0x10  Personal.o [1]
  .rodata             const    0x00056dc0     0x10  Setting.o [1]
  .rodata             const    0x00056dd0     0x10  Setting.o [1]
  .rodata             const    0x00056de0     0x10  Setting.o [1]
  .rodata             const    0x00056df0     0x10  ShowTime.o [1]
  .rodata             const    0x00056e00     0x10  IP_Core.o [5]
  .rodata             const    0x00056e10     0x10  IP_Log.o [5]
  .rodata             const    0x00056e20     0x10  FAT_Misc.o [4]
  .rodata             const    0x00056e30     0x10  IP_TCP.o [5]
  .rodata             const    0x00056e40     0x10  IP_Q.o [5]
  .rodata             const    0x00056e50     0x10  IP_TCP_timr.o [5]
  .rodata             const    0x00056e60     0x10  IP_socket2.o [5]
  .rodata             const    0x00056e70     0x10  FS_Log.o [4]
  .rodata             const    0x00056e80     0x10  IP_TCP_pcb.o [5]
  .rodata             const    0x00056e90     0x10  IP_UDPSock.o [5]
  .text               ro code  0x00056ea0     0x10  targetabi.o [3]
  .text               ro code  0x00056eb0     0x10  U32ToFlt.o [7]
  .text               ro code  0x00056ec0     0x10  xcloseall.o [3]
  .rodata             const    0x00056ed0      0xc  Beep.o [1]
  .rodata             const    0x00056edc      0xc  COM.o [1]
  .rodata             const    0x00056ee8      0xc  Communication.o [1]
  .rodata             const    0x00056ef4      0xc  Communication.o [1]
  .rodata             const    0x00056f00      0xc  Communication.o [1]
  .rodata             const    0x00056f0c      0xc  Communication.o [1]
  .rodata             const    0x00056f18      0xc  Communication.o [1]
  .rodata             const    0x00056f24      0xc  Communication.o [1]
  .rodata             const    0x00056f30      0xc  DateTime.o [1]
  .rodata             const    0x00056f3c      0xc  DateTime.o [1]
  .rodata             const    0x00056f48      0xc  MY_USB.o [1]
  .rodata             const    0x00056f54      0xc  Menu.o [1]
  .rodata             const    0x00056f60      0xc  Menu.o [1]
  .rodata             const    0x00056f6c      0xc  Menu.o [1]
  .rodata             const    0x00056f78      0xc  Menu.o [1]
  .rodata             const    0x00056f84      0xc  Menu.o [1]
  .rodata             const    0x00056f90      0xc  Menu.o [1]
  .rodata             const    0x00056f9c      0xc  Menu.o [1]
  .rodata             const    0x00056fa8      0xc  Menu.o [1]
  .rodata             const    0x00056fb4      0xc  Menu.o [1]
  .rodata             const    0x00056fc0      0xc  Menu.o [1]
  .rodata             const    0x00056fcc      0xc  Menu.o [1]
  .rodata             const    0x00056fd8      0xc  Menu.o [1]
  .rodata             const    0x00056fe4      0xc  Menu.o [1]
  .rodata             const    0x00056ff0      0xc  Menu.o [1]
  .rodata             const    0x00056ffc      0xc  Menu.o [1]
  .rodata             const    0x00057008      0xc  Menu.o [1]
  .rodata             const    0x00057014      0xc  Menu.o [1]
  .rodata             const    0x00057020      0xc  Menu.o [1]
  .rodata             const    0x0005702c      0xc  Menu.o [1]
  .rodata             const    0x00057038      0xc  Menu.o [1]
  .rodata             const    0x00057044      0xc  Menu.o [1]
  .rodata             const    0x00057050      0xc  Menu.o [1]
  .rodata             const    0x0005705c      0xc  Menu.o [1]
  .rodata             const    0x00057068      0xc  Menu.o [1]
  .rodata             const    0x00057074      0xc  Menu.o [1]
  .rodata             const    0x00057080      0xc  Personal.o [1]
  .rodata             const    0x0005708c      0xc  Personal.o [1]
  .rodata             const    0x00057098      0xc  Personal.o [1]
  .rodata             const    0x000570a4      0xc  Personal.o [1]
  .rodata             const    0x000570b0      0xc  Personal.o [1]
  .rodata             const    0x000570bc      0xc  Personal.o [1]
  .rodata             const    0x000570c8      0xc  Personal.o [1]
  .rodata             const    0x000570d4      0xc  Personal.o [1]
  .rodata             const    0x000570e0      0xc  Personal.o [1]
  .rodata             const    0x000570ec      0xc  Personal.o [1]
  .rodata             const    0x000570f8      0xc  Setting.o [1]
  .rodata             const    0x00057104      0xc  USB_MSD.o [9]
  .rodata             const    0x00057110      0xc  IP_socket2.o [5]
  .text               ro code  0x0005711c      0xc  U32ToDbl.o [7]
  .text               ro code  0x00057128      0xc  abort.o [3]
  .rodata             const    0x00057134      0x8  COM.o [1]
  .rodata             const    0x0005713c      0x8  COM.o [1]
  .rodata             const    0x00057144      0x8  COM.o [1]
  .rodata             const    0x0005714c      0x8  COM.o [1]
  .rodata             const    0x00057154      0x8  COM.o [1]
  .rodata             const    0x0005715c      0x8  COM.o [1]
  .rodata             const    0x00057164      0x8  COM.o [1]
  .rodata             const    0x0005716c      0x8  COM.o [1]
  .rodata             const    0x00057174      0x8  Communication.o [1]
  .rodata             const    0x0005717c      0x8  Communication.o [1]
  .rodata             const    0x00057184      0x8  Communication.o [1]
  .rodata             const    0x0005718c      0x8  Communication.o [1]
  .rodata             const    0x00057194      0x8  Communication.o [1]
  .rodata             const    0x0005719c      0x8  Communication.o [1]
  .rodata             const    0x000571a4      0x8  Control.o [1]
  .rodata             const    0x000571ac      0x8  Control.o [1]
  .rodata             const    0x000571b4      0x8  Control.o [1]
  .rodata             const    0x000571bc      0x8  Control.o [1]
  .rodata             const    0x000571c4      0x8  Control.o [1]
  .rodata             const    0x000571cc      0x8  Control.o [1]
  .rodata             const    0x000571d4      0x8  Control.o [1]
  .rodata             const    0x000571dc      0x8  Control.o [1]
  .rodata             const    0x000571e4      0x8  Control.o [1]
  .rodata             const    0x000571ec      0x8  Control.o [1]
  .rodata             const    0x000571f4      0x8  DateTime.o [1]
  .rodata             const    0x000571fc      0x8  DateTime.o [1]
  .rodata             const    0x00057204      0x8  DateTime.o [1]
  .rodata             const    0x0005720c      0x8  DateTime.o [1]
  .rodata             const    0x00057214      0x8  DateTime.o [1]
  .rodata             const    0x0005721c      0x8  MY_USB.o [1]
  .rodata             const    0x00057224      0x8  MY_USB.o [1]
  .rodata             const    0x0005722c      0x8  MY_USB.o [1]
  .rodata             const    0x00057234      0x8  MY_USB.o [1]
  .rodata             const    0x0005723c      0x8  Menu.o [1]
  .rodata             const    0x00057244      0x8  Menu.o [1]
  .rodata             const    0x0005724c      0x8  Menu.o [1]
  .rodata             const    0x00057254      0x8  Menu.o [1]
  .rodata             const    0x0005725c      0x8  Menu.o [1]
  .rodata             const    0x00057264      0x8  Menu.o [1]
  .rodata             const    0x0005726c      0x8  Menu.o [1]
  .rodata             const    0x00057274      0x8  Menu.o [1]
  .rodata             const    0x0005727c      0x8  Menu.o [1]
  .rodata             const    0x00057284      0x8  Menu.o [1]
  .rodata             const    0x0005728c      0x8  Menu.o [1]
  .rodata             const    0x00057294      0x8  Menu.o [1]
  .rodata             const    0x0005729c      0x8  Menu.o [1]
  .rodata             const    0x000572a4      0x8  Menu.o [1]
  .rodata             const    0x000572ac      0x8  Menu.o [1]
  .rodata             const    0x000572b4      0x8  Menu.o [1]
  .rodata             const    0x000572bc      0x8  Menu.o [1]
  .rodata             const    0x000572c4      0x8  Personal.o [1]
  .rodata             const    0x000572cc      0x8  Personal.o [1]
  .rodata             const    0x000572d4      0x8  Personal.o [1]
  .rodata             const    0x000572dc      0x8  Personal.o [1]
  .rodata             const    0x000572e4      0x8  Personal.o [1]
  .rodata             const    0x000572ec      0x8  Personal.o [1]
  .rodata             const    0x000572f4      0x8  Personal.o [1]
  .rodata             const    0x000572fc      0x8  OSINFO.o [6]
  .rodata             const    0x00057304      0x8  USB_MSD.o [9]
  .rodata             const    0x0005730c      0x8  IP_ARP.o [5]
  .rodata             const    0x00057314      0x8  IP_TCP.o [5]
  .rodata             const    0x0005731c      0x8  IP_PHY.o [5]
  .rodata             const    0x00057324      0x8  IP_socket2.o [5]
  .rodata             const    0x0005732c      0x8  IP_socket2.o [5]
  .rodata             const    0x00057334      0x8  xprintfsmall.o [3]
  .text               ro code  0x0005733c      0x8  Alarm.o [1]
  .text               ro code  0x00057344      0x8  Buffer.o [1]
  .text               ro code  0x0005734c      0x8  xpurevirtual.o [3]
  .text               ro code  0x00057354      0x8  ABImemclr4.o [7]
  .text               ro code  0x0005735c      0x8  ABImemclr.o [7]
  .text               ro code  0x00057364      0x8  exit.o [3]
  .rodata             const    0x0005736c      0x4  FS_Misc.o [4]
  .rodata             const    0x00057370      0x4  FS_Misc.o [4]
  .rodata             const    0x00057374      0x4  FS_Misc.o [4]
  .rodata             const    0x00057378      0x4  FS_Misc.o [4]
  .rodata             const    0x0005737c      0x4  FS_Misc.o [4]
  .rodata             const    0x00057380      0x4  FS_Misc.o [4]
  .rodata             const    0x00057384      0x4  FS_Misc.o [4]
  .rodata             const    0x00057388      0x4  FS_Misc.o [4]
  .rodata             const    0x0005738c      0x4  FS_Misc.o [4]
  .rodata             const    0x00057390      0x4  FS_Misc.o [4]
  .rodata             const    0x00057394      0x4  FS_Misc.o [4]
  .rodata             const    0x00057398      0x4  FS_Misc.o [4]
  .rodata             const    0x0005739c      0x4  string.o [3]
  .text               ro code  0x000573a0      0x4  Alarm.o [1]
  .text               ro code  0x000573a4      0x4  delaop_0.o [3]
  .text               ro code  0x000573a8      0x4  newaop_0.o [3]
  .text               ro code  0x000573ac      0x4  vectortrap.o [7]
  .text               ro code  0x000573b0      0x4  IntDivZer.o [7]
  .text               ro code  0x000573b4      0x4  xreturnswi.o [8]
  .rodata             const    0x000573b8      0x2  FS_Misc.o [4]
  .rodata             const    0x000573ba      0x2  FS_Misc.o [4]
  .rodata             const    0x000573bc      0x2  FS_Misc.o [4]
  Initializer bytes   ro data  0x000573be     0x7f  <for P2 s0>
                             - 0x0005743d  0x5723d

"P2", part 1 of 3:                          0x1ad8
  HEAP                         0x40000000    0xc00  <Block>
    HEAP              uninit   0x40000000    0xc00  <Block tail>
  CSTACK                       0x40000c00    0x800  <Block>
    CSTACK            uninit   0x40000c00    0x800  <Block tail>
  IRQ_STACK                    0x40001400    0x400  <Block>
    IRQ_STACK         uninit   0x40001400    0x400  <Block tail>
  .iar.dynexit                 0x40001800    0x258  <Block>
    .iar.dynexit      uninit   0x40001800      0xc  cppinit.o [3]
    .iar.dynexit      uninit   0x4000180c    0x24c  <Block tail>
  FIQ_STACK                    0x40001a58     0x80  <Block>
    FIQ_STACK         uninit   0x40001a58     0x80  <Block tail>
                             - 0x40001ad8   0x1ad8

"P2", part 2 of 3:                          0xd8d0
  .bss                zero     0x40001ad8   0x4000  IP_Config_LPC23xx.o [1]
  .bss                zero     0x40005ad8   0x2200  FS_ConfigMMC_MCI.o [1]
  .bss                zero     0x40007cd8    0xe10  Personal.o [1]
  .bss                zero     0x40008ae8    0xaf0  Personal.o [1]
  .bss                zero     0x400095d8    0x800  Network.o [1]
  .bss                zero     0x40009dd8    0x600  Communication.o [1]
  .bss                zero     0x4000a3d8    0x4b0  ShowTime.o [1]
  .bss                zero     0x4000a888    0x400  JLINKDCC_ProcessV2.o [1]
  .bss                zero     0x4000ac88    0x400  MY_USB.o [1]
  .bss                zero     0x4000b088    0x400  MY_USB.o [1]
  .bss                zero     0x4000b488    0x400  Menu.o [1]
  .bss                zero     0x4000b888    0x400  Network.o [1]
  .bss                zero     0x4000bc88    0x400  Network.o [1]
  .bss                zero     0x4000c088    0x400  Setting.o [1]
  .bss                zero     0x4000c488    0x400  Setting.o [1]
  .bss                zero     0x4000c888    0x200  BackLight.o [1]
  .bss                zero     0x4000ca88    0x200  Beep.o [1]
  .bss                zero     0x4000cc88    0x200  Network.o [1]
  .bss                zero     0x4000ce88    0x200  Network.o [1]
  .bss                zero     0x4000d088    0x200  Network.o [1]
  .bss                zero     0x4000d288    0x198  Communication.o [1]
  .bss                zero     0x4000d420    0x198  Finger.o [1]
  .bss                zero     0x4000d5b8    0x190  Key.o [1]
  .bss                zero     0x4000d748    0x18c  USB_Main.o [9]
  .bss                zero     0x4000d8d4    0x138  USB_MSD.o [9]
  .bss                zero     0x4000da0c    0x108  IP_TCP_subr.o [5]
  .bss                zero     0x4000db14     0xd4  IP_Debug.o [5]
  .bss                zero     0x4000dbe8     0xa0  Setting.o [1]
  .bss                zero     0x4000dc88     0x94  COM.o [1]
  .bss                zero     0x4000dd1c     0x94  COM.o [1]
  .bss                zero     0x4000ddb0     0x94  Communication.o [1]
  .bss                zero     0x4000de44     0x94  Communication.o [1]
  .bss                zero     0x4000ded8     0x94  Finger.o [1]
  .bss                zero     0x4000df6c     0x94  Finger.o [1]
  .bss                zero     0x4000e000     0x94  Menu.o [1]
  .bss                zero     0x4000e094     0x94  Mifare.o [1]
  .bss                zero     0x4000e128     0x94  Mifare.o [1]
  .bss                zero     0x4000e1bc     0x94  MifareEx.o [1]
  .bss                zero     0x4000e250     0x94  MifareEx.o [1]
  .bss                zero     0x4000e2e4     0x94  Network.o [1]
  .bss                zero     0x4000e378     0x94  Network.o [1]
  .bss                zero     0x4000e40c     0x8c  Control.o [1]
  .bss                zero     0x4000e498     0x8c  Menu.o [1]
  .bss                zero     0x4000e524     0x7c  IP_Core.o [5]
  .bss                zero     0x4000e5a0     0x6c  IP_ICMP.o [5]
  .bss                zero     0x4000e60c     0x5c  FS_Storage.o [4]
  .bss                zero     0x4000e668     0x54  xxwritebuffered.o [3]
  .bss                zero     0x4000e6bc     0x44  USB_MSD_STORAGE_FS.o [9]
  .bss                zero     0x4000e700     0x40  USB_OS.o [1]
  .bss                zero     0x4000e740     0x3c  IP_TCP.o [5]
  .bss                zero     0x4000e77c     0x38  BackLight.o [1]
  .bss                zero     0x4000e7b4     0x38  Beep.o [1]
  .bss                zero     0x4000e7ec     0x38  Communication.o [1]
  .bss                zero     0x4000e824     0x38  MY_USB.o [1]
  .bss                zero     0x4000e85c     0x38  Menu.o [1]
  .bss                zero     0x4000e894     0x38  Network.o [1]
  .bss                zero     0x4000e8cc     0x38  Network.o [1]
  .bss                zero     0x4000e904     0x38  Network.o [1]
  .bss                zero     0x4000e93c     0x38  Network.o [1]
  .bss                zero     0x4000e974     0x38  Network.o [1]
  .bss                zero     0x4000e9ac     0x38  Network.o [1]
  .bss                zero     0x4000e9e4     0x38  Personal.o [1]
  .bss                zero     0x4000ea1c     0x38  Personal.o [1]
  .bss                zero     0x4000ea54     0x38  Setting.o [1]
  .bss                zero     0x4000ea8c     0x38  Setting.o [1]
  .bss                zero     0x4000eac4     0x38  ShowTime.o [1]
  .bss                zero     0x4000eafc     0x28  IP_TCP_in.o [5]
  .bss                zero     0x4000eb24     0x24  Control.o [1]
  .bss                zero     0x4000eb48     0x24  IP_TCP.o [5]
  .bss                zero     0x4000eb6c     0x21  IP_NI_LPC24xx.o [5]
  .bss                zero     0x4000eb90     0x1c  Alarm.o [1]
  .bss                zero     0x4000ebac     0x1c  Alarm.o [1]
  .bss                zero     0x4000ebc8     0x1c  Alarm.o [1]
  .bss                zero     0x4000ebe4     0x14  Alarm.o [1]
  .bss                zero     0x4000ebf8     0x14  Alarm.o [1]
  .bss                zero     0x4000ec0c     0x14  COM.o [1]
  .bss                zero     0x4000ec20     0x14  Communication.o [1]
  .bss                zero     0x4000ec34     0x14  Control.o [1]
  .bss                zero     0x4000ec48     0x14  Control.o [1]
  .bss                zero     0x4000ec5c     0x14  Control.o [1]
  .bss                zero     0x4000ec70     0x14  Finger.o [1]
  .bss                zero     0x4000ec84     0x14  IP_OS.o [1]
  .bss                zero     0x4000ec98     0x14  LED.o [1]
  .bss                zero     0x4000ecac     0x14  LED.o [1]
  .bss                zero     0x4000ecc0     0x14  LED.o [1]
  .bss                zero     0x4000ecd4     0x14  LED.o [1]
  .bss                zero     0x4000ece8     0x14  LED.o [1]
  .bss                zero     0x4000ecfc     0x14  LED.o [1]
  .bss                zero     0x4000ed10     0x14  LED.o [1]
  .bss                zero     0x4000ed24     0x14  LED.o [1]
  .bss                zero     0x4000ed38     0x14  Menu.o [1]
  .bss                zero     0x4000ed4c     0x14  Menu.o [1]
  .bss                zero     0x4000ed60     0x14  Menu.o [1]
  .bss                zero     0x4000ed74     0x14  Menu.o [1]
  .bss                zero     0x4000ed88     0x14  Menu.o [1]
  .bss                zero     0x4000ed9c     0x14  Mifare.o [1]
  .bss                zero     0x4000edb0     0x14  Mifare.o [1]
  .bss                zero     0x4000edc4     0x14  MifareEx.o [1]
  .bss                zero     0x4000edd8     0x14  MifareEx.o [1]
  .bss                zero     0x4000edec     0x14  MifareEx.o [1]
  .bss                zero     0x4000ee00     0x14  MifareEx.o [1]
  .bss                zero     0x4000ee14     0x14  Personal.o [1]
  .bss                zero     0x4000ee28     0x14  Personal.o [1]
  .bss                zero     0x4000ee3c     0x14  Personal.o [1]
  .bss                zero     0x4000ee50     0x14  Personal.o [1]
  .bss                zero     0x4000ee64     0x14  Personal.o [1]
  .bss                zero     0x4000ee78     0x14  Status.o [1]
  .bss                zero     0x4000ee8c     0x14  View.o [1]
  .bss                zero     0x4000eea0     0x14  FS_Storage.o [4]
  .bss                zero     0x4000eeb4     0x14  IP_socket.o [5]
  .bss                zero     0x4000eec8     0x14  IP_Debug.o [5]
  .bss                zero     0x4000eedc     0x14  IP_Packet.o [5]
  .bss                zero     0x4000eef0     0x14  IP_UDP.o [5]
  .bss                zero     0x4000ef04     0x14  IP_TCP_pcb.o [5]
  .bss                zero     0x4000ef18     0x14  xsyslock.o [3]
  .bss                zero     0x4000ef2c     0x10  Communication.o [1]
  .bss                zero     0x4000ef3c     0x10  Control.o [1]
  .bss                zero     0x4000ef4c     0x10  Control.o [1]
  .bss                zero     0x4000ef5c     0x10  Setting.o [1]
  .bss                zero     0x4000ef6c     0x10  FS_Misc.o [4]
  .bss                zero     0x4000ef7c     0x10  FS_Core.o [4]
  .bss                zero     0x4000ef8c     0x10  MMC_SD_CardMode_Drv.o [4]
  .bss                zero     0x4000ef9c     0x10  IP_Core.o [5]
  .bss                zero     0x4000efac      0xc  Alarm.o [1]
  .bss                zero     0x4000efb8      0xc  Alarm.o [1]
  .bss                zero     0x4000efc4      0xc  Alarm.o [1]
  .bss                zero     0x4000efd0      0xc  Communication.o [1]
  .bss                zero     0x4000efdc      0xc  Communication.o [1]
  .bss                zero     0x4000efe8      0xc  Personal.o [1]
  .bss                zero     0x4000eff4      0xc  IP_socket.o [5]
  .bss                zero     0x4000f000      0x8  DAC.o [1]
  .bss                zero     0x4000f008      0x8  DAC.o [1]
  .bss                zero     0x4000f010      0x8  DAC.o [1]
  .bss                zero     0x4000f018      0x8  IP_OS.o [1]
  .bss                zero     0x4000f020      0x8  IP_OS.o [1]
  .bss                zero     0x4000f028      0x8  JLINKDCC_ProcessV2.o [1]
  .bss                zero     0x4000f030      0x8  JLINKDCC_ProcessV2.o [1]
  .bss                zero     0x4000f038      0x8  MMC_SD_CardMode_Drv.o [4]
  .bss                zero     0x4000f040      0x8  USB_HW_LPC23xx.o [9]
  .bss                zero     0x4000f048      0x8  IP_TCP.o [5]
  .bss                zero     0x4000f050      0x8  IP_TCP_pcb.o [5]
  .bss                zero     0x4000f058      0x8  errno.o [3]
  .bss                zero     0x4000f060      0x8  xxmemxmalloc.o [3]
  .bss                zero     0x4000f068      0x4  Alarm.o [1]
  .bss                zero     0x4000f06c      0x4  Alarm.o [1]
  .bss                zero     0x4000f070      0x4  BackLight.o [1]
  .bss                zero     0x4000f074      0x4  Beep.o [1]
  .bss                zero     0x4000f078      0x4  Beep.o [1]
  .bss                zero     0x4000f07c      0x4  Beep.o [1]
  .bss                zero     0x4000f080      0x4  COM.o [1]
  .bss                zero     0x4000f084      0x4  COM.o [1]
  .bss                zero     0x4000f088      0x4  COM.o [1]
  .bss                zero     0x4000f08c      0x4  COM.o [1]
  .bss                zero     0x4000f090      0x4  COM.o [1]
  .bss                zero     0x4000f094      0x4  COM.o [1]
  .bss                zero     0x4000f098      0x4  COM.o [1]
  .bss                zero     0x4000f09c      0x4  COM.o [1]
  .bss                zero     0x4000f0a0      0x4  COM.o [1]
  .bss                zero     0x4000f0a4      0x4  COM.o [1]
  .bss                zero     0x4000f0a8      0x4  Communication.o [1]
  .bss                zero     0x4000f0ac      0x4  Communication.o [1]
  .bss                zero     0x4000f0b0      0x4  Communication.o [1]
  .bss                zero     0x4000f0b4      0x4  Communication.o [1]
  .bss                zero     0x4000f0b8      0x4  Communication.o [1]
  .bss                zero     0x4000f0bc      0x4  Communication.o [1]
  .bss                zero     0x4000f0c0      0x4  Communication.o [1]
  .bss                zero     0x4000f0c4      0x4  Control.o [1]
  .bss                zero     0x4000f0c8      0x4  DAC.o [1]
  .bss                zero     0x4000f0cc      0x4  DAC.o [1]
  .bss                zero     0x4000f0d0      0x4  Device.o [1]
  .bss                zero     0x4000f0d4      0x4  FS_MMC_HW_MCI.o [1]
  .bss                zero     0x4000f0d8      0x4  FS_MMC_HW_MCI.o [1]
  .bss                zero     0x4000f0dc      0x4  Finger.o [1]
  .bss                zero     0x4000f0e0      0x4  Finger.o [1]
  .bss                zero     0x4000f0e4      0x4  Finger.o [1]
  .bss                zero     0x4000f0e8      0x4  Finger.o [1]
  .bss                zero     0x4000f0ec      0x4  Finger.o [1]
  .bss                zero     0x4000f0f0      0x4  Finger.o [1]
  .bss                zero     0x4000f0f4      0x4  Finger.o [1]
  .bss                zero     0x4000f0f8      0x4  Finger.o [1]
  .bss                zero     0x4000f0fc      0x4  Finger.o [1]
  .bss                zero     0x4000f100      0x4  Finger.o [1]
  .bss                zero     0x4000f104      0x4  Finger.o [1]
  .bss                zero     0x4000f108      0x4  Finger.o [1]
  .bss                zero     0x4000f10c      0x4  Finger.o [1]
  .bss                zero     0x4000f110      0x4  Finger.o [1]
  .bss                zero     0x4000f114      0x4  Finger.o [1]
  .bss                zero     0x4000f118      0x4  Finger.o [1]
  .bss                zero     0x4000f11c      0x4  Finger.o [1]
  .bss                zero     0x4000f120      0x4  Finger.o [1]
  .bss                zero     0x4000f124      0x4  Finger.o [1]
  .bss                zero     0x4000f128      0x4  Finger.o [1]
  .bss                zero     0x4000f12c      0x4  Finger.o [1]
  .bss                zero     0x4000f130      0x4  Finger.o [1]
  .bss                zero     0x4000f134      0x4  Finger.o [1]
  .bss                zero     0x4000f138      0x4  Finger.o [1]
  .bss                zero     0x4000f13c      0x4  Finger.o [1]
  .bss                zero     0x4000f140      0x4  Finger.o [1]
  .bss                zero     0x4000f144      0x4  Finger.o [1]
  .bss                zero     0x4000f148      0x4  Finger.o [1]
  .bss                zero     0x4000f14c      0x4  Finger.o [1]
  .bss                zero     0x4000f150      0x4  Finger.o [1]
  .bss                zero     0x4000f154      0x4  Finger.o [1]
  .bss                zero     0x4000f158      0x4  Finger.o [1]
  .bss                zero     0x4000f15c      0x4  IP_OS.o [1]
  .bss                zero     0x4000f160      0x4  JLINKDCC_ProcessV2.o [1]
  .bss                zero     0x4000f164      0x4  JLINKDCC_ProcessV2.o [1]
  .bss                zero     0x4000f168      0x4  JLINKDCC_ProcessV2.o [1]
  .bss                zero     0x4000f16c      0x4  JLINKDCC_ProcessV2.o [1]
  .bss                zero     0x4000f170      0x4  JLINKDCC_ProcessV2.o [1]
  .bss                zero     0x4000f174      0x4  JLINKDCC_ProcessV2.o [1]
  .bss                zero     0x4000f178      0x4  JLINKDCC_ProcessV2.o [1]
  .bss                zero     0x4000f17c      0x4  Key.o [1]
  .bss                zero     0x4000f180      0x4  Key.o [1]
  .bss                zero     0x4000f184      0x4  Key.o [1]
  .bss                zero     0x4000f188      0x4  Key.o [1]
  .bss                zero     0x4000f18c      0x4  Key.o [1]
  .bss                zero     0x4000f190      0x4  Key.o [1]
  .bss                zero     0x4000f194      0x4  Key.o [1]
  .bss                zero     0x4000f198      0x4  Key.o [1]
  .bss                zero     0x4000f19c      0x4  Key.o [1]
  .bss                zero     0x4000f1a0      0x4  Key.o [1]
  .bss                zero     0x4000f1a4      0x4  Key.o [1]
  .bss                zero     0x4000f1a8      0x4  Key.o [1]
  .bss                zero     0x4000f1ac      0x4  Key.o [1]
  .bss                zero     0x4000f1b0      0x4  Key.o [1]
  .bss                zero     0x4000f1b4      0x4  Key.o [1]
  .bss                zero     0x4000f1b8      0x4  Key.o [1]
  .bss                zero     0x4000f1bc      0x4  Key.o [1]
  .bss                zero     0x4000f1c0      0x4  Key.o [1]
  .bss                zero     0x4000f1c4      0x4  Key.o [1]
  .bss                zero     0x4000f1c8      0x4  Key.o [1]
  .bss                zero     0x4000f1cc      0x4  Key.o [1]
  .bss                zero     0x4000f1d0      0x4  MY_USB.o [1]
  .bss                zero     0x4000f1d4      0x4  MY_USB.o [1]
  .bss                zero     0x4000f1d8      0x4  Menu.o [1]
  .bss                zero     0x4000f1dc      0x4  Menu.o [1]
  .bss                zero     0x4000f1e0      0x4  Menu.o [1]
  .bss                zero     0x4000f1e4      0x4  Menu.o [1]
  .bss                zero     0x4000f1e8      0x4  Menu.o [1]
  .bss                zero     0x4000f1ec      0x4  Mifare.o [1]
  .bss                zero     0x4000f1f0      0x4  Mifare.o [1]
  .bss                zero     0x4000f1f4      0x4  Mifare.o [1]
  .bss                zero     0x4000f1f8      0x4  Mifare.o [1]
  .bss                zero     0x4000f1fc      0x4  Mifare.o [1]
  .bss                zero     0x4000f200      0x4  Mifare.o [1]
  .bss                zero     0x4000f204      0x4  Mifare.o [1]
  .bss                zero     0x4000f208      0x4  Mifare.o [1]
  .bss                zero     0x4000f20c      0x4  Mifare.o [1]
  .bss                zero     0x4000f210      0x4  MifareEx.o [1]
  .bss                zero     0x4000f214      0x4  MifareEx.o [1]
  .bss                zero     0x4000f218      0x4  MifareEx.o [1]
  .bss                zero     0x4000f21c      0x4  MifareEx.o [1]
  .bss                zero     0x4000f220      0x4  MifareEx.o [1]
  .bss                zero     0x4000f224      0x4  MifareEx.o [1]
  .bss                zero     0x4000f228      0x4  MifareEx.o [1]
  .bss                zero     0x4000f22c      0x4  MifareEx.o [1]
  .bss                zero     0x4000f230      0x4  MifareEx.o [1]
  .bss                zero     0x4000f234      0x4  Network.o [1]
  .bss                zero     0x4000f238      0x4  Network.o [1]
  .bss                zero     0x4000f23c      0x4  Network.o [1]
  .bss                zero     0x4000f240      0x4  Network.o [1]
  .bss                zero     0x4000f244      0x4  Network.o [1]
  .bss                zero     0x4000f248      0x4  Network.o [1]
  .bss                zero     0x4000f24c      0x4  Network.o [1]
  .bss                zero     0x4000f250      0x4  Network.o [1]
  .bss                zero     0x4000f254      0x4  Network.o [1]
  .bss                zero     0x4000f258      0x4  Network.o [1]
  .bss                zero     0x4000f25c      0x4  Network.o [1]
  .bss                zero     0x4000f260      0x4  Network.o [1]
  .bss                zero     0x4000f264      0x4  Network.o [1]
  .bss                zero     0x4000f268      0x4  Network.o [1]
  .bss                zero     0x4000f26c      0x4  Network.o [1]
  .bss                zero     0x4000f270      0x4  Network.o [1]
  .bss                zero     0x4000f274      0x4  Network.o [1]
  .bss                zero     0x4000f278      0x4  Network.o [1]
  .bss                zero     0x4000f27c      0x4  Personal.o [1]
  .bss                zero     0x4000f280      0x4  Personal.o [1]
  .bss                zero     0x4000f284      0x4  Personal.o [1]
  .bss                zero     0x4000f288      0x4  Personal.o [1]
  .bss                zero     0x4000f28c      0x4  Personal.o [1]
  .bss                zero     0x4000f290      0x4  Personal.o [1]
  .bss                zero     0x4000f294      0x4  Personal.o [1]
  .bss                zero     0x4000f298      0x4  Personal.o [1]
  .bss                zero     0x4000f29c      0x4  Personal.o [1]
  .bss                zero     0x4000f2a0      0x4  Personal.o [1]
  .bss                zero     0x4000f2a4      0x4  Personal.o [1]
  .bss                zero     0x4000f2a8      0x4  Personal.o [1]
  .bss                zero     0x4000f2ac      0x4  Personal.o [1]
  .bss                zero     0x4000f2b0      0x4  Personal.o [1]
  .bss                zero     0x4000f2b4      0x4  Personal.o [1]
  .bss                zero     0x4000f2b8      0x4  Personal.o [1]
  .bss                zero     0x4000f2bc      0x4  Personal.o [1]
  .bss                zero     0x4000f2c0      0x4  Personal.o [1]
  .bss                zero     0x4000f2c4      0x4  Personal.o [1]
  .bss                zero     0x4000f2c8      0x4  Personal.o [1]
  .bss                zero     0x4000f2cc      0x4  Personal.o [1]
  .bss                zero     0x4000f2d0      0x4  Personal.o [1]
  .bss                zero     0x4000f2d4      0x4  Personal.o [1]
  .bss                zero     0x4000f2d8      0x4  Personal.o [1]
  .bss                zero     0x4000f2dc      0x4  Personal.o [1]
  .bss                zero     0x4000f2e0      0x4  Personal.o [1]
  .bss                zero     0x4000f2e4      0x4  Personal.o [1]
  .bss                zero     0x4000f2e8      0x4  Personal.o [1]
  .bss                zero     0x4000f2ec      0x4  Setting.o [1]
  .bss                zero     0x4000f2f0      0x4  Setting.o [1]
  .bss                zero     0x4000f2f4      0x4  Setting.o [1]
  .bss                zero     0x4000f2f8      0x4  Setting.o [1]
  .bss                zero     0x4000f2fc      0x4  Sound.o [1]
  .bss                zero     0x4000f300      0x4  Sound.o [1]
  .bss                zero     0x4000f304      0x4  Sound.o [1]
  .bss                zero     0x4000f308      0x4  OSGLOBAL.o [6]
  .bss                zero     0x4000f30c      0x4  OSGLOBAL.o [6]
  .bss                zero     0x4000f310      0x4  OSGLOBAL.o [6]
  .bss                zero     0x4000f314      0x4  OSGLOBAL.o [6]
  .bss                zero     0x4000f318      0x4  OSTERM.o [6]
  .bss                zero     0x4000f31c      0x4  IP_Core.o [5]
  .bss                zero     0x4000f320      0x4  IP_Core.o [5]
  .bss                zero     0x4000f324      0x4  IP_Core.o [5]
  .bss                zero     0x4000f328      0x4  IP_TCP_timr.o [5]
  .bss                zero     0x4000f32c      0x4  IP_TCP_usr.o [5]
  .bss                zero     0x4000f330      0x4  cppinit.o [3]
  .bss                zero     0x4000f334      0x4  MtxWrapper.o [3]
  .bss                zero     0x4000f338      0x4  MtxWrapper.o [3]
  .bss                zero     0x4000f33c      0x4  MtxWrapper.o [3]
  .bss                zero     0x4000f340      0x4  MtxWrapper.o [3]
  .bss                zero     0x4000f344      0x4  new.o [3]
  .bss                zero     0x4000f348      0x4  xgetmemchunk.o [3]
  .bss                zero     0x4000f34c      0x4  iarwstd.o [8]
  .bss                zero     0x4000f350      0x2  DAC.o [1]
  .bss                zero     0x4000f352      0x2  Finger.o [1]
  .bss                zero     0x4000f354      0x2  Finger.o [1]
  .bss                zero     0x4000f356      0x2  JLINKDCC_ProcessV2.o [1]
  .bss                zero     0x4000f358      0x2  IP_TCP.o [5]
  .bss                zero     0x4000f35a      0x2  IP_UDP.o [5]
  .bss                zero     0x4000f35c      0x1  Alarm.o [1]
  .bss                zero     0x4000f35d      0x1  Alarm.o [1]
  .bss                zero     0x4000f35e      0x1  Alarm.o [1]
  .bss                zero     0x4000f35f      0x1  Alarm.o [1]
  .bss                zero     0x4000f360      0x1  BackLight.o [1]
  .bss                zero     0x4000f361      0x1  COM.o [1]
  .bss                zero     0x4000f362      0x1  COM.o [1]
  .bss                zero     0x4000f363      0x1  COM.o [1]
  .bss                zero     0x4000f364      0x1  COM.o [1]
  .bss                zero     0x4000f365      0x1  COM.o [1]
  .bss                zero     0x4000f366      0x1  Communication.o [1]
  .bss                zero     0x4000f367      0x1  Communication.o [1]
  .bss                zero     0x4000f368      0x1  Communication.o [1]
  .bss                zero     0x4000f369      0x1  Communication.o [1]
  .bss                zero     0x4000f36a      0x1  Control.o [1]
  .bss                zero     0x4000f36b      0x1  Control.o [1]
  .bss                zero     0x4000f36c      0x1  DAC.o [1]
  .bss                zero     0x4000f36d      0x1  DAC.o [1]
  .bss                zero     0x4000f36e      0x1  DAC.o [1]
  .bss                zero     0x4000f36f      0x1  FS_MMC_HW_MCI.o [1]
  .bss                zero     0x4000f370      0x1  Finger.o [1]
  .bss                zero     0x4000f371      0x1  Finger.o [1]
  .bss                zero     0x4000f372      0x1  Finger.o [1]
  .bss                zero     0x4000f373      0x1  Finger.o [1]
  .bss                zero     0x4000f374      0x1  Finger.o [1]
  .bss                zero     0x4000f375      0x1  Finger.o [1]
  .bss                zero     0x4000f376      0x1  Finger.o [1]
  .bss                zero     0x4000f377      0x1  Finger.o [1]
  .bss                zero     0x4000f378      0x1  Finger.o [1]
  .bss                zero     0x4000f379      0x1  JLINKDCC_ProcessV2.o [1]
  .bss                zero     0x4000f37a      0x1  JLINKDCC_ProcessV2.o [1]
  .bss                zero     0x4000f37b      0x1  JLINKDCC_ProcessV2.o [1]
  .bss                zero     0x4000f37c      0x1  JLINKDCC_ProcessV2.o [1]
  .bss                zero     0x4000f37d      0x1  Key.o [1]
  .bss                zero     0x4000f37e      0x1  LED.o [1]
  .bss                zero     0x4000f37f      0x1  MY_USB.o [1]
  .bss                zero     0x4000f380      0x1  MY_USB.o [1]
  .bss                zero     0x4000f381      0x1  Menu.o [1]
  .bss                zero     0x4000f382      0x1  Menu.o [1]
  .bss                zero     0x4000f383      0x1  Mifare.o [1]
[...]
__iar_Memset            0x00053658          Code  Gb  ABImemset.o [7]
__iar_Memset4_word      0x00054ee4          Code  Gb  ABImemset48.o [7]
__iar_Memset8_word      0x00054ee4          Code  Gb  ABImemset48.o [7]
__iar_Memset_word       0x00053664          Code  Gb  ABImemset.o [7]
__iar_Mtxdst            0x00054e98     0x4  Code  Gb  MtxWrapper.o [3]
__iar_Mtxinit           0x00054e90     0x8  Code  Gb  MtxWrapper.o [3]
__iar_Mtxlock           0x00054eb8     0x8  Code  Gb  MtxWrapper.o [3]
__iar_Mtxunlock         0x00054ec0     0x8  Code  Gb  MtxWrapper.o [3]
__iar_New_hand          0x4000f344     0x4  Data  Gb  new.o [3]
__iar_Strchr            0x000560b0          Code  Gb  strchr.o [7]
__iar_SubNrm            0x000509ec          Code  Gb  FltMul.o [7]
__iar_SubNrmP           0x000509e8          Code  Gb  FltMul.o [7]
__iar_Tls_setup___iar_Errno
                        0x4000f058     0x4  Data  Gb  errno.o [3]
__iar_Unlocksyslock     0x00052700    0x20  Code  Gb  xsyslock.o [3]
__iar_cstart_call_ctors
                        0x0005550c          Code  Gb  cmain.o [7]
__iar_dadd              0x00050a28          Code  Gb  DblAdd.o [7]
__iar_data_init2        0x00055534    0x38  Code  Gb  data_init2.o [7]
__iar_dsub              0x0004f1a4          Code  Gb  DblSub.o [7]
__iar_dsubStart         0x0004f1c4          Code  Gb  DblSub.o [7]
__iar_fadd              0x00052c70          Code  Gb  FltAdd.o [7]
__iar_fsub              0x00050dd4          Code  Gb  FltSub.o [7]
__iar_fsubStart         0x00050de4          Code  Gb  FltSub.o [7]
__iar_i2d               0x000543b8          Code  Gb  S32ToDbl.o [7]
__iar_i2f               0x00053f0c          Code  Gb  S32ToFlt.o [7]
__iar_packbits_init2    0x00051ac8    0xf4  Code  Gb  packbits_init2.o [7]
__iar_program_start     0x0005483c          Code  Gb  cstartup.o [7]
__iar_return_from_swi   0x000573b4     0x4  Code  Gb  xreturnswi.o [8]
__iar_sh_stdout         0x00052a00    0x74  Code  Gb  iarwstd.o [8]
__iar_sh_stdout_close   0x000529d0    0x30  Code  Gb  iarwstd.o [8]
__iar_sh_stdout_handle  0x4000f34c     0x4  Data  Lc  iarwstd.o [8]
__iar_sh_write          0x000550bc    0x44  Code  Gb  iarwrite.o [8]
__iar_zero_init2        0x00055ccc    0x28  Code  Gb  zero_init2.o [7]
__low_level_init        0x000450f0    0x44  Code  Gb  RTOSINIT_LPC2378.o [1]
__vector                0x00000000          Code  Gb  cstartup.o [7]
__write_buffered        0x0005021c   0x15c  Code  Gb  xxwritebuffered.o [3]
_aARP                   0x4000f59c    0x70  Data  Lc  IP_ARP.o [5]
_aAccessMode            0x00052d08    0x78  Data  Lc  FS_Misc.o [4]
_aCHSInfo               0x000546fc    0x50  Data  Lc  FAT_FormatSD.o [4]
_aCSW                   0x4000d9b8    0x10  Data  Lc  USB_MSD.o [9]
_aData                  0x4000d9cc    0x40  Data  Lc  USB_MSD.o [9]
_aDescBuffer            0x4000f3a8   0x100  Data  Lc  USB_Setup.o [9]
_aDriverData            0x4000e6bc    0x40  Data  Lc  USB_MSD_STORAGE_FS.o [9]
_aEPOutIntEnable        0x4000f040     0x8  Data  Lc  USB_HW_LPC23xx.o [9]
_aEvent                 0x4000e700    0x40  Data  Lc  USB_OS.o [1]
_aFATTypeInfo           0x0004fdd0    0x18  Data  Lc  FAT_Format.o [4]
_aFactor                0x0005442c    0x10  Data  Lc  MMC_SD_CardMode_Drv.o [4]
_aFormatInfo            0x00053cfc    0x68  Data  Lc  FAT_Format.o [4]
_aInquiry               0x00057304     0x8  Data  Lc  USB_MSD.o [9]
_aLunInfo               0x4000d8d8    0xc0  Data  Lc  USB_MSD.o [9]
_aMemBlock              0x40005ad8  0x2200  Data  Lc  FS_ConfigMMC_MCI.o [1]
_aPool                  0x40001ad8  0x4000  Data  Gb  IP_Config_LPC23xx.o [1]
_aSizeInfo              0x00054c98    0x48  Data  Lc  FAT_FormatSD.o [4]
_aTimer                 0x4000e524    0x78  Data  Lc  IP_Core.o [5]
_aUnit                  0x0005440c    0x20  Data  Lc  MMC_SD_CardMode_Drv.o [4]
_abHardwareAddrBroadcast
                        0x0005730c     0x8  Data  Gb  IP_ARP.o [5]
_acBuffer               0x4000a888   0x400  Data  Lc  JLINKDCC_ProcessV2.o [1]
_acVolumeLabel          0x0004ff40     0xc  Data  Gb  FAT_Format.o [4]
_accept                 0x0002c49c   0x170  Code  Lc  IP_socket.o [5]
_apInst                 0x4000f038     0x4  Data  Lc  MMC_SD_CardMode_Drv.o [4]
_cbw                    0x4000d998    0x20  Data  Lc  USB_MSD.o [9]
_exit                   0x00056620          Code  Gb  cexit.o [7]
_ld(unsigned long)      0x0003b204    0x3c  Code  Lc  FS_MMC_HW_MCI.o [1]
_pBuffer                0x4000e6fc     0x4  Data  Lc  USB_MSD_STORAGE_FS.o [9]
_pFirstSCHook           0x4000d8d0     0x4  Data  Lc  USB_Main.o [9]
_pMem                   0x4000ef7c     0x4  Data  Lc  FS_Core.o [4]
_pTCPWait               0x4000f15c     0x4  Data  Lc  IP_OS.o [1]
_pTxBuffer              0x4000eb88     0x4  Data  Lc  IP_NI_LPC24xx.o [5]
_paRxBufDesc            0x4000eb7c     0x4  Data  Lc  IP_NI_LPC24xx.o [5]
_paRxBufStat            0x4000eb80     0x4  Data  Lc  IP_NI_LPC24xx.o [5]
_paTxBufDesc            0x4000eb84     0x4  Data  Lc  IP_NI_LPC24xx.o [5]
_pfOnRx                 0x4000f028     0x8  Data  Gb  JLINKDCC_ProcessV2.o [1]
_pfOnRx                 0x4000e608     0x4  Data  Lc  IP_ICMP.o [5]
_pfOnTx                 0x4000f030     0x8  Data  Gb  JLINKDCC_ProcessV2.o [1]
_puts(const char *)     0x0004d7ac    0x34  Code  Lc  IP_ConfigIO.o [1]
_sendto                 0x0002cdfc   0x130  Code  Lc  IP_socket.o [5]
_soclose                0x0002c284   0x214  Code  Lc  IP_socket.o [5]
_socreate               0x0002bf7c    0xcc  Code  Lc  IP_socket.o [5]
_sosend                 0x0002c648   0x340  Code  Lc  IP_socket.o [5]
_strlen                 0x000324ec    0x28  Code  Lc  USB_Setup.o [9]
_udp_soinput            0x00043e98    0xd0  Code  Lc  IP_UDPSock.o [5]
aKeyInfo                0x0005077c   0x150  Data  Lc  Font2.o [1]
abort                   0x00057128     0xc  Code  Gb  abort.o [3]
alarm_music             0x0001fa54  0x1bbc  Data  Lc  Sound.o [1]
arp_ageout              0x4000f598     0x4  Data  Lc  IP_ARP.o [5]
b_e_chars               0x00017aac  0x257c  Data  Lc  Font.o [1]
b_f_chars               0x00008108  0x399c  Data  Lc  Font.o [1]
b_f_n_chars             0x000495a4   0x3f4  Data  Lc  Font.o [1]
b_icons                 0x0002949c  0x154c  Data  Lc  Font.o [1]
ceil                    0x00053b4c    0x70  Code  Gb  ceil.o [3]
char_allocator::char_allocator()
                        0x00056548    0x18  Code  Gb  Alarm.o [1]
char_allocator::char_allocator() [internal]
                        0x000573a0     0x4  Code  Gb  Alarm.o [1]
char_traits::length(const char *)
                        0x00056ad4    0x14  Code  Gb  Alarm.o [1]
clearlocks              0x00052668    0x2c  Code  Lc  xsyslock.o [3]
ding_dang_music         0x000150f0  0x29bc  Data  Lc  Sound.o [1]
ding_music              0x0001dd78  0x1cdc  Data  Lc  Sound.o [1]
dtom                    0x0003dd20    0x5c  Code  Gb  IP_TCP.o [5]
exit                    0x00057364     0x8  Code  Gb  exit.o [3]
firstudp                0x4000f31c     0x4  Data  Gb  IP_Core.o [5]
floorf                  0x00054658    0x54  Code  Gb  floorf.o [3]
free                    0x000516a0   0x110  Code  Gb  xxmemxfree.o [3]
icmp_destun             0x0004d424   0x128  Code  Gb  IP_ICMP.o [5]
if_netnumber            0x0003a5c4     0x8  Code  Gb  IP_Core.o [5]
in_broadcast            0x0003e0b4    0x18  Code  Gb  IP_TCP.o [5]
in_setpeeraddr          0x000476a4    0x40  Code  Gb  IP_TCP_pcb.o [5]
in_setsockaddr          0x00047664    0x40  Code  Gb  IP_TCP_pcb.o [5]
index_table             0x0004de88   0x240  Data  Lc  Font2.o [1]
inpcb_cachehits         0x4000f050     0x4  Data  Gb  IP_TCP_pcb.o [5]
inpcb_cachemiss         0x4000f054     0x4  Data  Gb  IP_TCP_pcb.o [5]
insert_device_music     0x000230bc  0x1a0c  Data  Lc  Sound.o [1]
insque                  0x0003dda4    0x20  Code  Gb  IP_TCP.o [5]
ip_mib                  0x4000f524    0x50  Data  Gb  IP_Core.o [5]
ip_mymach               0x0003a5cc     0xc  Code  Gb  IP_Core.o [5]
ip_output               0x0003de10   0x2a4  Code  Gb  IP_TCP.o [5]
irq_handler             0x0004f124          Code  Gb  rtos.o [6]
log                     0x00055e38    0x24  Code  Gb  Key.o [1]
log(float)              0x00056258    0x1c  Code  Gb  Key.o [1]
logo                    0x000489b4   0x400  Data  Lc  Font.o [1]
m_adj                   0x0003dc28    0xd0  Code  Gb  IP_TCP.o [5]
m_copy                  0x0003da80   0x1a8  Code  Gb  IP_TCP.o [5]
m_e_chars               0x0002a9e8  0x146c  Data  Lc  Font.o [1]
m_f_chars               0x0001a028  0x1f60  Data  Lc  Font.o [1]
m_f_n_chars             0x0004e784   0x228  Data  Lc  Font.o [1]
m_free                  0x0003d9d0    0x94  Code  Gb  IP_TCP.o [5]
m_freem                 0x0003da64    0x1c  Code  Gb  IP_TCP.o [5]
m_icons                 0x0005236c    0xc8  Data  Lc  Font.o [1]
main                    0x00055a14    0x2c  Code  Gb  Main.o [1]
malloc                  0x00050628   0x154  Code  Gb  xxmemxmalloc.o [3]
mbstat                  0x4000f048     0x8  Data  Gb  IP_TCP.o [5]
mbuf_len                0x0003dcf8    0x28  Code  Gb  IP_TCP.o [5]
memchr                  0x00053008          Code  Gb  memchr.o [7]
memcmp                  0x000538a8          Code  Gb  memcmp.o [7]
memcpy                  0x00055990    0x2c  Code  Gb  Communication.o [1]
memset                  0x000559e8    0x2c  Code  Gb  MY_USB.o [1]
mtx                     0x4000ef1c    0x10  Data  Lc  xsyslock.o [3]
mtxdst                  0x4000f338     0x4  Data  Lc  MtxWrapper.o [3]
mtxinit                 0x4000f334     0x4  Data  Lc  MtxWrapper.o [3]
mtxlock                 0x4000f33c     0x4  Data  Lc  MtxWrapper.o [3]
mtxunlock               0x4000f340     0x4  Data  Lc  MtxWrapper.o [3]
next_abi_dtor_rec       0x4000f694     0x4  Data  Lc  cppinit.o [3]
operator delete (void *)
                        0x00056afc    0x14  Code  Gb  delop_0.o [3]
operator delete[] (void *)
                        0x000573a4     0x4  Code  Gb  delaop_0.o [3]
operator new (unsigned int)
                        0x00054f20    0x48  Code  Gb  newop_0.o [3]
operator new[] (unsigned int)
                        0x000573a8     0x4  Code  Gb  newaop_0.o [3]
pad                     0x00041d38    0x74  Code  Lc  xprintfsmall.o [3]
pffindproto             0x0003d8dc    0x30  Code  Gb  IP_TCP.o [5]
pffindtype              0x0003d88c    0x50  Code  Gb  IP_TCP.o [5]
pk_free                 0x0004e3ec    0xc8  Code  Gb  IP_Packet.o [5]
pk_init                 0x0004e4b8    0x84  Code  Gb  IP_Packet.o [5]
pow(double, int)        0x000524f0    0xbc  Code  Gb  DAC.o [1]
pow(float, int)         0x00053358    0x88  Code  Gb  DigitalData.o [1]
printf                  0x00055454    0x38  Code  Gb  printf.o [3]
putchar                 0x000551c0    0x40  Code  Gb  putchar.o [3]
remove_device_music     0x00024ac8  0x19f8  Data  Lc  Sound.o [1]
remque                  0x0003dd7c    0x28  Code  Gb  IP_TCP.o [5]
s_e_chars               0x00039120   0xb84  Data  Lc  Font.o [1]
s_f_chars               0x0002d1d0  0x11b0  Data  Lc  Font.o [1]
s_f_n_chars             0x00050b58   0x138  Data  Lc  Font.o [1]
s_icons                 0x000517b0   0x108  Data  Lc  Font.o [1]
sbappend                0x000404d4    0x54  Code  Gb  IP_socket2.o [5]
sbappendaddr            0x00040528    0xd4  Code  Gb  IP_socket2.o [5]
sbcompress              0x000405fc    0xdc  Code  Gb  IP_socket2.o [5]
sbdrop                  0x00040720    0xbc  Code  Gb  IP_socket2.o [5]
sbdropend               0x000407dc    0x80  Code  Gb  IP_socket2.o [5]
sbdroprecord            0x0004085c    0x40  Code  Gb  IP_socket2.o [5]
sbflush                 0x000406d8    0x48  Code  Gb  IP_socket2.o [5]
sbrelease               0x000404bc    0x18  Code  Gb  IP_socket2.o [5]
sbspace                 0x0004089c    0x14  Code  Gb  IP_socket2.o [5]
sbwait                  0x00040430    0x30  Code  Gb  IP_socket2.o [5]
sbwakeup                0x00040460    0x4c  Code  Gb  IP_socket2.o [5]
select_wait             0x4000f358     0x2  Data  Gb  IP_TCP.o [5]
soabort                 0x0002c254    0x20  Code  Gb  IP_socket.o [5]
socantrcvmore           0x0004041c    0x14  Code  Gb  IP_socket2.o [5]
socantsendmore          0x00040408    0x14  Code  Gb  IP_socket2.o [5]
sofree                  0x0002be54   0x124  Code  Gb  IP_socket.o [5]
soisconnected           0x0004011c    0x84  Code  Gb  IP_socket2.o [5]
soisconnecting          0x00040100    0x1c  Code  Gb  IP_socket2.o [5]
soisdisconnected        0x000401bc    0x28  Code  Gb  IP_socket2.o [5]
soisdisconnecting       0x000401a0    0x1c  Code  Gb  IP_socket2.o [5]
sonewconn               0x00040204   0x140  Code  Gb  IP_socket2.o [5]
soqinsque               0x00040344    0x44  Code  Gb  IP_socket2.o [5]
soqremque               0x00040388    0x80  Code  Gb  IP_socket2.o [5]
soreceive               0x0002c988   0x3b8  Code  Gb  IP_socket.o [5]
soreserve               0x000404ac    0x10  Code  Gb  IP_socket2.o [5]
store                   0x4000e66c    0x50  Data  Lc  xxwritebuffered.o [3]
storeLen                0x4000e668     0x4  Data  Lc  xxwritebuffered.o [3]
strcat                  0x000556a4    0x34  Code  Gb  strcat.o [3]
strchr                  0x000560b0          Code  Gb  strchr.o [7]
strcmp                  0x00053834          Code  Gb  strcmp.o [7]
strcpy                  0x00053c28          Code  Gb  strcpy.o [7]
string::_Copy(unsigned int, unsigned int)
                        0x00044d70    0xb0  Code  Gb  string.o [3]
string::_Grow(unsigned int, bool)
                        0x00044e20    0x88  Code  Gb  string.o [3]
string::_Myptr()        0x000561e8    0x1c  Code  Gb  Buffer.o [1]
string::_Pdif(const char *, const char *)
                        0x00056608    0x18  Code  Gb  Control.o [1]
string::_Tidy(bool, unsigned int)
                        0x00044ea8    0x5c  Code  Gb  string.o [3]
string::append(const char *)
                        0x00055c2c    0x28  Code  Gb  Communication.o [1]
string::append(const char *, unsigned int)
                        0x00044a3c    0xc4  Code  Gb  string.o [3]
string::append(const string&)
                        0x000559bc    0x2c  Code  Gb  Communication.o [1]
string::append(const string&, unsigned int, unsigned int)
                        0x000449a0    0x9c  Code  Gb  string.o [3]
string::append(unsigned int, char)
                        0x00044b00    0x84  Code  Gb  string.o [3]
string::assign(const char *)
                        0x00055c04    0x28  Code  Gb  Alarm.o [1]
string::assign(const char *, unsigned int)
                        0x00044c40    0xac  Code  Gb  string.o [3]
string::assign(const string&)
                        0x00055964    0x2c  Code  Gb  Alarm.o [1]
string::assign(const string&, unsigned int, unsigned int)
                        0x00044b84    0xbc  Code  Gb  string.o [3]
string::begin()         0x00056ae8    0x14  Code  Gb  Control.o [1]
string::clear()         0x0005579c    0x30  Code  Gb  Control.o [1]
string::end()           0x0005623c    0x1c  Code  Gb  Control.o [1]
string::erase(char *, char *)
                        0x00054508    0x54  Code  Gb  Control.o [1]
string::erase(unsigned int, unsigned int)
                        0x00044cec    0x84  Code  Gb  string.o [3]
string::length() const  0x00057344     0x8  Code  Gb  Buffer.o [1]
string::npos            0x0005739c     0x4  Data  Gb  string.o [3]
string::operator +=(char)
                        0x00055e14    0x24  Code  Gb  Buffer.o [1]
string::operator +=(const char *)
                        0x00056220    0x1c  Code  Gb  Communication.o [1]
string::operator +=(const string&)
                        0x00056204    0x1c  Code  Gb  Communication.o [1]
string::operator =(const char *)
                        0x000561b0    0x1c  Code  Gb  Alarm.o [1]
string::operator =(const string&)
                        0x00056194    0x1c  Code  Gb  Alarm.o [1]
string::operator [](unsigned int)
                        0x000561cc    0x1c  Code  Gb  Buffer.o [1]
string::size() const    0x0005733c     0x8  Code  Gb  Alarm.o [1]
string::string()        0x00056590    0x18  Code  Gb  Alarm.o [1]
string::string() [internal]
                        0x000552f4    0x3c  Code  Gb  Alarm.o [1]
string::string(const char *)
                        0x000565f0    0x18  Code  Gb  Communication.o [1]
string::string(const char *) [internal]
                        0x0005474c    0x50  Code  Gb  Communication.o [1]
string::string(const string&)
                        0x000565a8    0x18  Code  Gb  Alarm.o [1]
string::string(const string&) [internal]
                        0x000544b4    0x54  Code  Gb  Alarm.o [1]
string::~string()       0x00056178    0x1c  Code  Gb  Alarm.o [1]
string::~string() [internal]
                        0x00055df0    0x24  Code  Gb  Alarm.o [1]
strlen                  0x00054604          Code  Gb  strlen.o [7]
strncmp                 0x00054a54    0x4c  Code  Gb  strncmp.o [3]
strncpy                 0x00052e40          Code  Gb  strncpy.o [7]
syslock_o               0x4000ef18     0x4  Data  Lc  xsyslock.o [3]
t_accept                0x0002c60c    0x3c  Code  Gb  IP_socket.o [5]
t_bind                  0x0002c0ac    0xf0  Code  Gb  IP_socket.o [5]
t_listen                0x0002c19c    0xb8  Code  Gb  IP_socket.o [5]
t_recv                  0x0002cd50    0xac  Code  Gb  IP_socket.o [5]
t_send                  0x0002cf2c   0x144  Code  Gb  IP_socket.o [5]
t_socket                0x0002c04c    0x60  Code  Gb  IP_socket.o [5]
t_socketclose           0x0002d080    0x48  Code  Gb  IP_socket.o [5]
tcp_backoff             0x00056e50    0x10  Data  Gb  IP_TCP_timr.o [5]
tcp_canceltimers        0x00045c1c    0x1c  Code  Gb  IP_TCP_timr.o [5]
tcp_close               0x000488f8    0xa4  Code  Gb  IP_TCP_subr.o [5]
tcp_disconnect          0x00046498    0xe8  Code  Lc  IP_TCP_usr.o [5]
tcp_drop                0x00048870    0x88  Code  Gb  IP_TCP_subr.o [5]
tcp_init                0x0004855c    0x24  Code  Gb  IP_TCP_subr.o [5]
tcp_iss                 0x4000f328     0x4  Data  Gb  IP_TCP_timr.o [5]
tcp_newtcpcb            0x000487cc    0xa4  Code  Gb  IP_TCP_subr.o [5]
tcp_outflags            0x00051bbc     0xc  Data  Gb  IP_TCP_out.o [5]
tcp_output              0x0003cf9c   0x824  Code  Gb  IP_TCP_out.o [5]
tcp_protosw             0x4000f630    0x10  Data  Gb  IP_TCP.o [5]
tcp_quench              0x000489a0    0x14  Code  Gb  IP_TCP_subr.o [5]
tcp_reass               0x000218f0   0x22c  Code  Lc  IP_TCP_in.o [5]
tcp_respond             0x000485f8   0x1d4  Code  Gb  IP_TCP_subr.o [5]
tcp_saveti              0x4000eafc    0x28  Data  Gb  IP_TCP_in.o [5]
tcp_setpersist          0x0003d7c0    0x68  Code  Gb  IP_TCP_out.o [5]
tcp_template            0x00048580    0x78  Code  Gb  IP_TCP_subr.o [5]
tcp_usrreq              0x00046580   0x438  Code  Gb  IP_TCP_usr.o [5]
tcpmib                  0x4000e740    0x3c  Data  Gb  IP_TCP.o [5]
udp4_sockaddr           0x0004439c    0x88  Code  Gb  IP_UDPSock.o [5]
udp4_sockbind           0x000440f8   0x164  Code  Gb  IP_UDPSock.o [5]
udp4_socksend           0x0004425c   0x140  Code  Gb  IP_UDPSock.o [5]
udp_maxalloc            0x00042ae8    0x20  Code  Gb  IP_UDP.o [5]
udp_mib                 0x4000ef9c    0x10  Data  Gb  IP_Core.o [5]
udp_protosw             0x4000f640    0x10  Data  Gb  IP_TCP.o [5]
udp_soinput             0x00043f68    0x14  Code  Lc  IP_UDPSock.o [5]
udp_usrreq              0x00043f7c   0x17c  Code  Gb  IP_UDPSock.o [5]
udpswap                 0x000425e0    0x44  Code  Lc  IP_UDP.o [5]
usocket                 0x4000f35a     0x2  Data  Lc  IP_UDP.o [5]


[1] = E:\Ghadir_Win_Prg\hardware\GP\Output\LPC2388\Debug_Flash\Obj
[2] = command line
[3] = dl4t_al_in.a
[4] = fs4t_al__dn.a
[5] = ip4t_al__d.a
[6] = os4t_al__d.a
[7] = rt4t_al.a
[8] = shs_l.a
[9] = usb4t_al__d.a

  250 388 bytes of readonly  code memory
  106 601 bytes of readonly  data memory
   63 140 bytes of readwrite data memory

Errors: none
Warnings: none
