###############################################################################
#                                                                             #
# IAR ELF Linker V5.40.0.51500/W32 for ARM              21/Jan/2013  10:13:29 #
# Copyright (C) 2007-2009 IAR Systems AB.                                     #
#                                                                             #
#    Output file  =  E:\Ghadir_Win_Prg\hardware\GP\Output\LPC2388\Release_FLA #
#                    SH\Exe\GP.out.tmp                                        #
#    Map file     =  E:\Ghadir_Win_Prg\hardware\GP\Output\LPC2388\Release_FLA #
#                    SH\List\GP.map                                           #
#    Command line =  "D:\Program Files\IAR Systems\Embedded Workbench         #
#                    5.4\arm\PowerPac\FileSystem\Lib\fs4t_al__dn.a"           #
#                    "D:\Program Files\IAR Systems\Embedded Workbench         #
#                    5.4\arm\PowerPac\FileSystem\Lib\fs4t_al__rs.a"           #
#                    "D:\Program Files\IAR Systems\Embedded Workbench         #
#                    5.4\arm\PowerPac\RTOS\Lib\os4t_al__r.a" "D:\Program      #
#                    Files\IAR Systems\Embedded Workbench                     #
#                    5.4\arm\PowerPac\TCPIP\Lib\ip4t_al__r.a" "D:\Program     #
#                    Files\IAR Systems\Embedded Workbench                     #
#                    5.4\arm\PowerPac\USB\Lib\usb4t_al__r.a"                  #
#                    E:\Ghadir_Win_Prg\hardware\GP\Output\LPC2388\Release_FLA #
#                    SH\Obj\Alarm.o E:\Ghadir_Win_Prg\hardware\GP\Output\LPC2 #
#                    388\Release_FLASH\Obj\BSP.o                              #
#                    E:\Ghadir_Win_Prg\hardware\GP\Output\LPC2388\Release_FLA #
#                    SH\Obj\BackLight.o E:\Ghadir_Win_Prg\hardware\GP\Output\ #
#                    LPC2388\Release_FLASH\Obj\Beep.o                         #
#                    E:\Ghadir_Win_Prg\hardware\GP\Output\LPC2388\Release_FLA #
#                    SH\Obj\Buffer.o E:\Ghadir_Win_Prg\hardware\GP\Output\LPC #
#                    2388\Release_FLASH\Obj\COM.o                             #
#                    E:\Ghadir_Win_Prg\hardware\GP\Output\LPC2388\Release_FLA #
#                    SH\Obj\Coding.o E:\Ghadir_Win_Prg\hardware\GP\Output\LPC #
#                    2388\Release_FLASH\Obj\Communication.o                   #
#                    E:\Ghadir_Win_Prg\hardware\GP\Output\LPC2388\Release_FLA #
#                    SH\Obj\CommunicationPacket.o                             #
#                    E:\Ghadir_Win_Prg\hardware\GP\Output\LPC2388\Release_FLA #
#                    SH\Obj\Control.o E:\Ghadir_Win_Prg\hardware\GP\Output\LP #
#                    C2388\Release_FLASH\Obj\DAC.o                            #
#                    E:\Ghadir_Win_Prg\hardware\GP\Output\LPC2388\Release_FLA #
#                    SH\Obj\DateTime.o E:\Ghadir_Win_Prg\hardware\GP\Output\L #
#                    PC2388\Release_FLASH\Obj\Device.o                        #
#                    E:\Ghadir_Win_Prg\hardware\GP\Output\LPC2388\Release_FLA #
#                    SH\Obj\DigitalData.o E:\Ghadir_Win_Prg\hardware\GP\Outpu #
#                    t\LPC2388\Release_FLASH\Obj\FS_ConfigIO.o                #
#                    E:\Ghadir_Win_Prg\hardware\GP\Output\LPC2388\Release_FLA #
#                    SH\Obj\FS_ConfigMMC_MCI.o E:\Ghadir_Win_Prg\hardware\GP\ #
#                    Output\LPC2388\Release_FLASH\Obj\FS_MMC_HW_MCI.o         #
#                    E:\Ghadir_Win_Prg\hardware\GP\Output\LPC2388\Release_FLA #
#                    SH\Obj\FS_OS.o E:\Ghadir_Win_Prg\hardware\GP\Output\LPC2 #
#                    388\Release_FLASH\Obj\Finger.o                           #
#                    E:\Ghadir_Win_Prg\hardware\GP\Output\LPC2388\Release_FLA #
#                    SH\Obj\FingerPacket.o E:\Ghadir_Win_Prg\hardware\GP\Outp #
#                    ut\LPC2388\Release_FLASH\Obj\Font.o                      #
#                    E:\Ghadir_Win_Prg\hardware\GP\Output\LPC2388\Release_FLA #
#                    SH\Obj\Font2.o E:\Ghadir_Win_Prg\hardware\GP\Output\LPC2 #
#                    388\Release_FLASH\Obj\HResource.o                        #
#                    E:\Ghadir_Win_Prg\hardware\GP\Output\LPC2388\Release_FLA #
#                    SH\Obj\Hardware.o E:\Ghadir_Win_Prg\hardware\GP\Output\L #
#                    PC2388\Release_FLASH\Obj\IP_ConfigIO.o                   #
#                    E:\Ghadir_Win_Prg\hardware\GP\Output\LPC2388\Release_FLA #
#                    SH\Obj\IP_Config_LPC23xx.o E:\Ghadir_Win_Prg\hardware\GP #
#                    \Output\LPC2388\Release_FLASH\Obj\IP_OS.o                #
#                    E:\Ghadir_Win_Prg\hardware\GP\Output\LPC2388\Release_FLA #
#                    SH\Obj\JLINKDCC_ProcessV2.o                              #
#                    E:\Ghadir_Win_Prg\hardware\GP\Output\LPC2388\Release_FLA #
#                    SH\Obj\Key.o E:\Ghadir_Win_Prg\hardware\GP\Output\LPC238 #
#                    8\Release_FLASH\Obj\LCD.o E:\Ghadir_Win_Prg\hardware\GP\ #
#                    Output\LPC2388\Release_FLASH\Obj\LED.o                   #
#                    E:\Ghadir_Win_Prg\hardware\GP\Output\LPC2388\Release_FLA #
#                    SH\Obj\MResource.o E:\Ghadir_Win_Prg\hardware\GP\Output\ #
#                    LPC2388\Release_FLASH\Obj\MY_USB.o                       #
#                    E:\Ghadir_Win_Prg\hardware\GP\Output\LPC2388\Release_FLA #
#                    SH\Obj\Main.o E:\Ghadir_Win_Prg\hardware\GP\Output\LPC23 #
#                    88\Release_FLASH\Obj\Menu.o                              #
#                    E:\Ghadir_Win_Prg\hardware\GP\Output\LPC2388\Release_FLA #
#                    SH\Obj\Mifare.o E:\Ghadir_Win_Prg\hardware\GP\Output\LPC #
#                    2388\Release_FLASH\Obj\MifareEx.o                        #
#                    E:\Ghadir_Win_Prg\hardware\GP\Output\LPC2388\Release_FLA #
#                    SH\Obj\MifarePacket.o E:\Ghadir_Win_Prg\hardware\GP\Outp #
#                    ut\LPC2388\Release_FLASH\Obj\Network.o                   #
#                    E:\Ghadir_Win_Prg\hardware\GP\Output\LPC2388\Release_FLA #
#                    SH\Obj\Notify.o E:\Ghadir_Win_Prg\hardware\GP\Output\LPC #
#                    2388\Release_FLASH\Obj\OS_Error.o                        #
#                    E:\Ghadir_Win_Prg\hardware\GP\Output\LPC2388\Release_FLA #
#                    SH\Obj\Packet.o E:\Ghadir_Win_Prg\hardware\GP\Output\LPC #
#                    2388\Release_FLASH\Obj\Personal.o                        #
#                    E:\Ghadir_Win_Prg\hardware\GP\Output\LPC2388\Release_FLA #
#                    SH\Obj\RTOSINIT_LPC2378.o E:\Ghadir_Win_Prg\hardware\GP\ #
#                    Output\LPC2388\Release_FLASH\Obj\Setting.o               #
#                    E:\Ghadir_Win_Prg\hardware\GP\Output\LPC2388\Release_FLA #
#                    SH\Obj\ShowTime.o E:\Ghadir_Win_Prg\hardware\GP\Output\L #
#                    PC2388\Release_FLASH\Obj\Sound.o                         #
#                    E:\Ghadir_Win_Prg\hardware\GP\Output\LPC2388\Release_FLA #
#                    SH\Obj\Status.o E:\Ghadir_Win_Prg\hardware\GP\Output\LPC #
#                    2388\Release_FLASH\Obj\USB_Config_LPC2378.o              #
#                    E:\Ghadir_Win_Prg\hardware\GP\Output\LPC2388\Release_FLA #
#                    SH\Obj\USB_OS.o E:\Ghadir_Win_Prg\hardware\GP\Output\LPC #
#                    2388\Release_FLASH\Obj\Utility.o                         #
#                    E:\Ghadir_Win_Prg\hardware\GP\Output\LPC2388\Release_FLA #
#                    SH\Obj\View.o E:\Ghadir_Win_Prg\hardware\GP\Output\LPC23 #
#                    88\Release_FLASH\Obj\target.o --redirect                 #
#                    _Printf=_PrintfSmall --redirect _Scanf=_ScanfSmall -o    #
#                    E:\Ghadir_Win_Prg\hardware\GP\Output\LPC2388\Release_FLA #
#                    SH\Exe\GP.out.tmp --map E:\Ghadir_Win_Prg\hardware\GP\Ou #
#                    tput\LPC2388\Release_FLASH\List\GP.map --config          #
#                    E:\Ghadir_Win_Prg\hardware\GP\GP.icf --redirect          #
#                    __write=__write_buffered --semihosting                   #
#                                                                             #
#                                                                             #
###############################################################################

*******************************************************************************
*** RUNTIME MODEL ATTRIBUTES
***

__endian      = little
__thumb_aware = enabled


*******************************************************************************
*** PLACEMENT SUMMARY
***

"A1":  place at 0x00000000 { ro section .intvec };
"A2":  place at 0x000001fc { ro section CRP_Pattern };
"P1":  place in [from 0x00002000 to 0x0007ffff] { ro };
"P2":  place in [from 0x40000000 to 0x4000ffff] {
          rw, block CSTACK, block SVC_STACK, block IRQ_STACK, block FIQ_STACK,
          block UND_STACK, block ABT_STACK, block HEAP };

  Section             Kind        Address     Size  Object
  -------             ----        -------     ----  ------
"A1":                                         0x3c
  .intvec             ro code  0x00000000     0x3c  cstartup.o [7]
                             - 0x0000003c     0x3c

"A2":                                          0x4
  CRP_Pattern         const    0x000001fc      0x4  Main.o [1]
                             - 0x00000200      0x4

"P1":                                      0x52e2b
  .text               ro code  0x00002000   0x7f08  Menu.o [1]
  .rodata             const    0x00009f08   0x399c  Font.o [1]
  .text               ro code  0x0000d8a4   0x3644  Communication.o [1]
  .text               ro code  0x00010ee8   0x33ac  Hardware.o [1]
  .text               ro code  0x00014294   0x2d4c  Personal.o [1]
  .rodata             const    0x00016fe0   0x29bc  Sound.o [1]
  .rodata             const    0x0001999c   0x257c  Font.o [1]
  .rodata             const    0x0001bf18   0x1f60  Font.o [1]
  .text               ro code  0x0001de78   0x1dc0  Control.o [1]
  .rodata             const    0x0001fc38   0x1cdc  Sound.o [1]
  .rodata             const    0x00021914   0x1bbc  Sound.o [1]
  .rodata             const    0x000234d0   0x1a0c  Sound.o [1]
  .rodata             const    0x00024edc   0x19f8  Sound.o [1]
  .text               ro code  0x000268d4   0x1814  Finger.o [1]
  .text               ro code  0x000280e8   0x168c  USB_MSD.o [9]
  .text               ro code  0x00029774   0x15c0  IP_TCP_in.o [5]
  .rodata             const    0x0002ad34   0x154c  Font.o [1]
  .rodata             const    0x0002c280   0x146c  Font.o [1]
  .rodata             const    0x0002d6ec   0x11b0  Font.o [1]
  .text               ro code  0x0002e89c   0x10e0  IP_socket.o [5]
  .text               ro code  0x0002f97c   0x10b4  MMC_SD_CardMode_Drv.o [4]
  .text               ro code  0x00030a30   0x101c  FAT_Misc.o [4]
  .text               ro code  0x00031a4c    0xfe0  MifareEx.o [1]
  .text               ro code  0x00032a2c    0xfc8  DateTime.o [1]
  .text               ro code  0x000339f4    0xed8  USB_Setup.o [9]
  .text               ro code  0x000348cc    0xec0  LCD.o [1]
  .text               ro code  0x0003578c    0xe58  USB_Main.o [9]
  .text               ro code  0x000365e4    0xdac  Setting.o [1]
  .text               ro code  0x00037390    0xcbc  Mifare.o [1]
  .text               ro code  0x0003804c    0xc50  CommunicationPacket.o [1]
  .text               ro code  0x00038c9c    0xc30  Key.o [1]
  .rodata             const    0x000398cc    0xb84  Font.o [1]
  .text               ro code  0x0003a450    0xac8  COM.o [1]
  .text               ro code  0x0003af18    0xa48  Notify.o [1]
  .text               ro code  0x0003b960    0x9e8  FS_MMC_HW_MCI.o [1]
  .text               ro code  0x0003c348    0x974  FAT_Open.o [4]
  .text               ro code  0x0003ccbc    0x8bc  IP_Core.o [5]
  .text               ro code  0x0003d578    0x85c  Network.o [1]
  .text               ro code  0x0003ddd4    0x858  FS_LogBlock.o [4]
  .text               ro code  0x0003e62c    0x7bc  FAT_Format.o [4]
  .text               ro code  0x0003ede8    0x7bc  IP_TCP_out.o [5]
  .text               ro code  0x0003f5a4    0x7b4  LED.o [1]
  .text               ro code  0x0003fd58    0x7a8  USB_HW_LPC23xx.o [9]
  .text               ro code  0x00040500    0x794  FS_Misc.o [4]
  .text               ro code  0x00040c94    0x710  IP_TCP.o [5]
  .text               ro code  0x000413a4    0x704  xprintfsmall.o [3]
  .text               ro code  0x00041aa8    0x700  IP_socket2.o [5]
  .text               ro code  0x000421a8    0x6b0  OSKERN.o [6]
  .text               ro code  0x00042858    0x688  Alarm.o [1]
  .text               ro code  0x00042ee0    0x67c  IP_NI_LPC24xx.o [5]
  .text               ro code  0x0004355c    0x578  FAT_Write.o [4]
  .text               ro code  0x00043ad4    0x570  string.o [3]
  .text               ro code  0x00044044    0x564  FingerPacket.o [1]
  .text               ro code  0x000445a8    0x558  Font2.o [1]
  .text               ro code  0x00044b00    0x540  IP_UDP.o [5]
  .text               ro code  0x00045040    0x524  IP_UDPSock.o [5]
  .text               ro code  0x00045564    0x508  IP_ARP.o [5]
  .text               ro code  0x00045a6c    0x4ec  FS_Storage.o [4]
  .text               ro code  0x00045f58    0x4d8  IP_TCP_timr.o [5]
  .text               ro code  0x00046430    0x4cc  Buffer.o [1]
  .text               ro code  0x000468fc    0x4cc  RTOSINIT_LPC2378.o [1]
  .text               ro code  0x00046dc8    0x490  xlog.o [3]
  .text               ro code  0x00047258    0x46c  IP_TCP_pcb.o [5]
  .text               ro code  0x000476c4    0x468  IP_TCP_usr.o [5]
  .text               ro code  0x00047b2c    0x45c  FAT_FormatSD.o [4]
  .rodata             const    0x00047f88    0x400  Font.o [1]
  .text               ro code  0x00048388    0x3f8  BackLight.o [1]
  .text               ro code  0x00048780    0x3f8  Font.o [1]
  .rodata             const    0x00048b78    0x3f4  Font.o [1]
  .text               ro code  0x00048f6c    0x3f0  DigitalData.o [1]
  .text               ro code  0x0004935c    0x3c4  IP_TCP_subr.o [5]
  .text               ro code  0x00049720    0x39c  FAT_Dir.o [4]
  .text               ro code  0x00049abc    0x398  MY_USB.o [1]
  .text               ro code  0x00049e54    0x378  target.o [1]
  .text               ro code  0x0004a1cc    0x374  MifarePacket.o [1]
  .text               ro code  0x0004a540    0x35c  Utility.o [1]
  .text               ro code  0x0004a89c    0x354  Status.o [1]
  .text               ro code  0x0004abf0    0x338  DblDiv.o [7]
  .text               ro code  0x0004af28    0x320  DAC.o [1]
  .text               ro code  0x0004b248    0x31c  Beep.o [1]
  .text               ro code  0x0004b564    0x31c  FAT_Read.o [4]
  .text               ro code  0x0004b880    0x2b4  IP_PHY.o [5]
  .text               ro code  0x0004bb34    0x2b0  IP_IP.o [5]
  .text               ro code  0x0004bde4    0x2ac  View.o [1]
  .text               ro code  0x0004c090    0x2a8  xflog.o [3]
  .text               ro code  0x0004c338    0x29c  Sound.o [1]
  .text               ro code  0x0004c5d4    0x288  ShowTime.o [1]
  .text               ro code  0x0004c85c    0x25c  FS_Dir.o [4]
  .text               ro code  0x0004cab8    0x258  IP_OS.o [1]
  .text               ro code  0x0004cd10    0x248  FS_Core.o [4]
  .rodata             const    0x0004cf58    0x240  Font2.o [1]
  .text               ro code  0x0004d198    0x23c  USB_MSD_STORAGE_FS.o [9]
  .rodata             const    0x0004d3d4    0x228  Font.o [1]
  .text               ro code  0x0004d5fc    0x200  FS_Log.o [4]
  .text               ro code  0x0004d7fc    0x200  FAT_Move.o [4]
  .text               ro code  0x0004d9fc    0x1f8  DblMul.o [7]
  .text               ro code  0x0004dbf4    0x1f0  rtos.o [6]
  .text               ro code  0x0004dde4    0x1f0  DblSub.o [7]
  .text               ro code  0x0004dfd4    0x1d4  I32DivMod.o [7]
  .text               ro code  0x0004e1a8    0x1c8  FltDiv.o [7]
  .text               ro code  0x0004e370    0x194  FS_Partition.o [4]
  .text               ro code  0x0004e504    0x180  OSTIME.o [6]
  .rodata             const    0x0004e684    0x17c  FAT_Format.o [4]
  .text               ro code  0x0004e800    0x17c  OSRSEM.o [6]
  .text               ro code  0x0004e97c    0x174  IP_ICMP.o [5]
  .text               ro code  0x0004eaf0    0x170  Device.o [1]
  .text               ro code  0x0004ec60    0x160  USB_Config_LPC2378.o [1]
  .text               ro code  0x0004edc0    0x15c  xxwritebuffered.o [3]
  .text               ro code  0x0004ef1c    0x15c  xdint.o [3]
  .text               ro code  0x0004f078    0x154  xdnorm.o [3]
  .text               ro code  0x0004f1cc    0x154  xxmemxmalloc.o [3]
  .rodata             const    0x0004f320    0x150  Font2.o [1]
  .text               ro code  0x0004f470    0x14c  IP_Packet.o [5]
  .text               ro code  0x0004f5bc    0x14c  FltMul.o [7]
  .text               ro code  0x0004f708    0x140  DblAdd.o [7]
  .rodata             const    0x0004f848    0x138  Font.o [1]
  .text               ro code  0x0004f980    0x12c  FltSub.o [7]
  .text               ro code  0x0004faac    0x120  IP_Config_LPC23xx.o [1]
  .text               ro code  0x0004fbcc    0x118  FS_ConfigMMC_MCI.o [1]
  .text               ro code  0x0004fce4    0x118  IP_Q.o [5]
  .rodata             const    0x0004fdfc    0x114  FAT_Misc.o [4]
  .text               ro code  0x0004ff10    0x114  FS_memcpy.o [4]
  .text               ro code  0x00050024    0x110  xxmemxfree.o [3]
  .rodata             const    0x00050134    0x108  Font.o [1]
  .text               ro code  0x0005023c    0x108  USB_OS.o [1]
  .text               ro code  0x00050344    0x108  cppinit.o [3]
  .text               ro code  0x0005044c     0xf4  packbits_init2.o [7]
  .text               ro code  0x00050540     0xe8  xfdint.o [3]
  .text               ro code  0x00050628     0xe0  xfdnorm.o [3]
  .text               ro code  0x00050708     0xdc  BSP.o [1]
  .text               ro code  0x000507e4     0xd4  ABImemcpy.o [7]
  .text               ro code  0x000508b8     0xd4  ABImemmove.o [7]
  .text               ro code  0x0005098c     0xcc  MResource.o [1]
  .rodata             const    0x00050a58     0xc8  Font.o [1]
  .text               ro code  0x00050b20     0xbc  DAC.o [1]
  .text               ro code  0x00050bdc     0xbc  OSCSEM.o [6]
  .text               ro code  0x00050c98     0xbc  IP_TCP_zio.o [5]
  .text               ro code  0x00050d54     0xbc  xsyslock.o [3]
  .text               ro code  0x00050e10     0xb0  HResource.o [1]
  .text               ro code  0x00050ec0     0xac  OSTERM.o [6]
  .text               ro code  0x00050f6c     0xac  DblToFlt.o [7]
  .text               ro code  0x00051018     0xa8  FS_Unmount.o [4]
  .text               ro code  0x000510c0     0xa8  iarwstd.o [8]
  .rodata             const    0x00051168     0xa4  FAT_Move.o [4]
  .text               ro code  0x0005120c     0xa4  FS_Volume.o [4]
  .text               ro code  0x000512b0     0xa4  FltAdd.o [7]
  .text               ro code  0x00051354     0xa0  OS_Suspend.o [6]
  .rodata             const    0x000513f4     0x9c  FS_Misc.o [4]
  .rodata             const    0x00051490     0x9c  FAT_Dir.o [4]
  .text               ro code  0x0005152c     0x9c  strncpy.o [7]
  .text               ro code  0x000515c8     0x94  memchr.o [7]
  .text               ro code  0x0005165c     0x90  FS_Write.o [4]
  .rodata             const    0x000516ec     0x88  FS_Misc.o [4]
  .text               ro code  0x00051774     0x88  DigitalData.o [1]
  .text               ro code  0x000517fc     0x80  OS_EVENT_WaitTimed.o [6]
  .text               ro code  0x0005187c     0x80  OS_TICK_Handle.o [6]
  .text               ro code  0x000518fc     0x80  FAT_Rename.o [4]
  .text               ro code  0x0005197c     0x7c  ABImemset.o [7]
  .rodata             const    0x000519f8     0x78  FAT_Read.o [4]
  .text               ro code  0x00051a70     0x74  Packet.o [1]
  .text               ro code  0x00051ae4     0x74  strcmp.o [7]
  .text               ro code  0x00051b58     0x74  memcmp.o [7]
  .rodata             const    0x00051bcc     0x70  MMC_SD_CardMode_Drv.o [4]
  .rodata             const    0x00051c3c     0x70  FS_Write.o [4]
  .rodata             const    0x00051cac     0x70  FAT_Misc.o [4]
  .text               ro code  0x00051d1c     0x70  OS_CreateTaskEx.o [6]
  .text               ro code  0x00051d8c     0x70  OS_EVENT_Set.o [6]
  .text               ro code  0x00051dfc     0x70  OS_DeactivateTP.o [6]
  .text               ro code  0x00051e6c     0x70  ceil.o [3]
  .rodata             const    0x00051edc     0x6c  FAT_Misc.o [4]
  .text               ro code  0x00051f48     0x6c  strcpy.o [7]
  .rodata             const    0x00051fb4     0x68  FAT_Format.o [4]
  .text               ro code  0x0005201c     0x68  OS_CreateTask.o [6]
  .text               ro code  0x00052084     0x68  FS_Read.o [4]
  .rodata             const    0x000520ec     0x64  FAT_Open.o [4]
  .text               ro code  0x00052150     0x64  IP_ConfigIO.o [1]
  .text               ro code  0x000521b4     0x64  FltToDbl.o [7]
  .text               ro code  0x00052218     0x64  S32ToFlt.o [7]
  .rodata             const    0x0005227c     0x60  FS_Core.o [4]
  .rodata             const    0x000522dc     0x60  FAT_Read.o [4]
  .text               ro code  0x0005233c     0x60  OS_DeactivateP.o [6]
  .text               ro code  0x0005239c     0x60  DblToS32.o [7]
  .rodata             const    0x000523fc     0x5c  FS_Storage.o [4]
  .rodata             const    0x00052458     0x5c  MMC_SD_CardMode_Drv.o [4]
  .rodata             const    0x000524b4     0x58  MMC_SD_CardMode_Drv.o [4]
  .rodata             const    0x0005250c     0x58  FAT_Write.o [4]
  .text               ro code  0x00052564     0x58  OS_EVENT_Pulse.o [6]
  .text               ro code  0x000525bc     0x58  FltToS32.o [7]
  .text               ro code  0x00052614     0x58  S32ToDbl.o [7]
  .rodata             const    0x0005266c     0x54  MMC_SD_CardMode_Drv.o [4]
  .text               ro code  0x000526c0     0x54  Alarm.o [1]
  .text               ro code  0x00052714     0x54  Control.o [1]
  .text               ro code  0x00052768     0x54  strlen.o [7]
  .text               ro code  0x000527bc     0x54  floorf.o [3]
  .rodata             const    0x00052810     0x50  FS_Misc.o [4]
  .rodata             const    0x00052860     0x50  FAT_FormatSD.o [4]
  .text               ro code  0x000528b0     0x50  Communication.o [1]
  .text               ro code  0x00052900     0x50  cstartup.o [7]
  .rodata             const    0x00052950     0x4c  FAT_Write.o [4]
  .rodata             const    0x0005299c     0x4c  FS_Partition.o [4]
  .text               ro code  0x000529e8     0x4c  Communication.o [1]
  .text               ro code  0x00052a34     0x4c  FS_Rename.o [4]
  .text               ro code  0x00052a80     0x4c  strncmp.o [3]
  .rodata             const    0x00052acc     0x48  COM.o [1]
  .rodata             const    0x00052b14     0x48  Finger.o [1]
  .rodata             const    0x00052b5c     0x48  Key.o [1]
  .rodata             const    0x00052ba4     0x48  MY_USB.o [1]
  .rodata             const    0x00052bec     0x48  Mifare.o [1]
  .rodata             const    0x00052c34     0x48  MifareEx.o [1]
  .rodata             const    0x00052c7c     0x48  Network.o [1]
  .rodata             const    0x00052cc4     0x48  FAT_FormatSD.o [4]
  .rodata             const    0x00052d0c     0x48  MMC_SD_CardMode_Drv.o [4]
  .rodata             const    0x00052d54     0x48  FAT_Misc.o [4]
  .text               ro code  0x00052d9c     0x48  OSISTASK.o [6]
  .text               ro code  0x00052de4     0x48  OS_EVENT_Wait.o [6]
  .text               ro code  0x00052e2c     0x48  FS_ErrorOut.o [4]
  .text               ro code  0x00052e74     0x48  FS_Warn.o [4]
  .text               ro code  0x00052ebc     0x48  ABImemset48.o [7]
  .text               ro code  0x00052f04     0x48  newop_0.o [3]
  .text               ro code  0x00052f4c     0x48  MtxWrapper.o [3]
  .rodata             const    0x00052f94     0x44  FS_Dir.o [4]
  .rodata             const    0x00052fd8     0x44  USB_HW_LPC23xx.o [9]
  .text               ro code  0x0005301c     0x44  iarwrite.o [8]
  .text               ro code  0x00053060     0x40  putchar.o [3]
  .text               ro code  0x000530a0     0x40  xgetmemchunk.o [3]
  .rodata             const    0x000530e0     0x3c  FAT_Write.o [4]
  .rodata             const    0x0005311c     0x3c  FAT_Misc.o [4]
  .text               ro code  0x00053158     0x3c  Alarm.o [1]
  .text               ro code  0x00053194     0x3c  COM.o [1]
  .text               ro code  0x000531d0     0x3c  FS_ConfigIO.o [1]
  .text               ro code  0x0005320c     0x3c  OS_Wait.o [6]
  .text               ro code  0x00053248     0x3c  DblToU32.o [7]
  .rodata             const    0x00053284     0x38  MMC_SD_CardMode_Drv.o [4]
  .rodata             const    0x000532bc     0x38  FS_Partition.o [4]
  .text               ro code  0x000532f4     0x38  printf.o [3]
  .text               ro code  0x0005332c     0x38  DblCmpLe.o [7]
  .text               ro code  0x00053364     0x38  DblCmpGe.o [7]
  .text               ro code  0x0005339c     0x38  cmain.o [7]
  .text               ro code  0x000533d4     0x38  data_init2.o [7]
  .rodata             const    0x0005340c     0x34  FS_Misc.o [4]
  .rodata             const    0x00053440     0x34  FS_Read.o [4]
  .rodata             const    0x00053474     0x34  FAT_Open.o [4]
  .rodata             const    0x000534a8     0x34  FAT_Misc.o [4]
  .text               ro code  0x000534dc     0x34  strcat.o [3]
  .text               ro code  0x00053510     0x34  FltToU32.o [7]
  .rodata             const    0x00053544     0x30  xdint.o [3]
  .text               ro code  0x00053574     0x30  Communication.o [1]
  .text               ro code  0x000535a4     0x30  Control.o [1]
  .text               ro code  0x000535d4     0x30  FS_FRead.o [4]
  .text               ro code  0x00053604     0x30  OS_EVENT_Delete.o [6]
  .text               ro code  0x00053634     0x30  FS_AssignCache.o [4]
  .text               ro code  0x00053664     0x30  dwrite.o [8]
  .rodata             const    0x00053694     0x2c  FS_Misc.o [4]
  .rodata             const    0x000536c0     0x2c  FS_Storage.o [4]
  .rodata             const    0x000536ec     0x2c  MMC_SD_CardMode_Drv.o [4]
  .text               ro code  0x00053718     0x2c  Alarm.o [1]
  .text               ro code  0x00053744     0x2c  Communication.o [1]
  .text               ro code  0x00053770     0x2c  Communication.o [1]
  .text               ro code  0x0005379c     0x2c  MY_USB.o [1]
  .text               ro code  0x000537c8     0x2c  Main.o [1]
  .text               ro code  0x000537f4     0x2c  OS_EVENT_Reset.o [6]
  .text               ro code  0x00053820     0x2c  FltCmpLe.o [7]
  .text               ro code  0x0005384c     0x2c  FltCmpGe.o [7]
  .text               ro code  0x00053878     0x2c  DblCmpEq.o [7]
  .rodata             const    0x000538a4     0x28  FS_Volume.o [4]
  .rodata             const    0x000538cc     0x28  FAT_Write.o [4]
  .rodata             const    0x000538f4     0x28  FS_LogBlock.o [4]
  .rodata             const    0x0005391c     0x28  xfdint.o [3]
  .text               ro code  0x00053944     0x28  Alarm.o [1]
  .text               ro code  0x0005396c     0x28  Communication.o [1]
  .text               ro code  0x00053994     0x28  xprout.o [3]
  .text               ro code  0x000539bc     0x28  errno.o [3]
  .text               ro code  0x000539e4     0x28  zero_init2.o [7]
  .rodata             const    0x00053a0c     0x24  IP_ConfigIO.o [1]
  .rodata             const    0x00053a30     0x24  FS_LogBlock.o [4]
  .text               ro code  0x00053a54     0x24  Alarm.o [1]
  .text               ro code  0x00053a78     0x24  Buffer.o [1]
  .text               ro code  0x00053a9c     0x24  Key.o [1]
  SHT$$PREINIT_ARRAY           0x00053ac0      0x0  <Block>
  SHT$$INIT_ARRAY              0x00053ac0     0x24  <Block>
    .difunct          const    0x00053ac0      0x4  Alarm.o [1]
    .difunct          const    0x00053ac4      0x4  COM.o [1]
    .difunct          const    0x00053ac8      0x4  Communication.o [1]
    .difunct          const    0x00053acc      0x4  Control.o [1]
    .difunct          const    0x00053ad0      0x4  Finger.o [1]
    .difunct          const    0x00053ad4      0x4  Menu.o [1]
    .difunct          const    0x00053ad8      0x4  Mifare.o [1]
    .difunct          const    0x00053adc      0x4  MifareEx.o [1]
    .difunct          const    0x00053ae0      0x4  Network.o [1]
  .iar.init_table     const    0x00053ae4     0x2c  - Linker created -
  .rodata             const    0x00053b10     0x20  Setting.o [1]
  .rodata             const    0x00053b30     0x20  FS_Misc.o [4]
  .rodata             const    0x00053b50     0x20  MMC_SD_CardMode_Drv.o [4]
  .rodata             const    0x00053b70     0x20  MMC_SD_CardMode_Drv.o [4]
  .rodata             const    0x00053b90     0x20  USB_MSD_STORAGE_FS.o [9]
  .text               ro code  0x00053bb0     0x20  COM.o [1]
  .text               ro code  0x00053bd0     0x20  OSCPU.o [6]
  .text               ro code  0x00053bf0     0x20  IP_Log.o [5]
  .text               ro code  0x00053c10     0x20  exit.o [8]
  .text               ro code  0x00053c30     0x20  strchr.o [7]
  .rodata             const    0x00053c50     0x1c  Menu.o [1]
  .rodata             const    0x00053c6c     0x1c  Network.o [1]
  .rodata             const    0x00053c88     0x1c  FS_Misc.o [4]
  .rodata             const    0x00053ca4     0x1c  MMC_SD_CardMode_Drv.o [4]
  .text               ro code  0x00053cc0     0x1c  Alarm.o [1]
  .text               ro code  0x00053cdc     0x1c  Alarm.o [1]
  .text               ro code  0x00053cf8     0x1c  Alarm.o [1]
  .text               ro code  0x00053d14     0x1c  Buffer.o [1]
  .text               ro code  0x00053d30     0x1c  Buffer.o [1]
  .text               ro code  0x00053d4c     0x1c  Communication.o [1]
  .text               ro code  0x00053d68     0x1c  Communication.o [1]
  .text               ro code  0x00053d84     0x1c  Control.o [1]
  .text               ro code  0x00053da0     0x1c  Key.o [1]
  .text               ro code  0x00053dbc     0x1c  FS_GetFileSize.o [4]
  .rodata             const    0x00053dd8     0x18  Alarm.o [1]
  .rodata             const    0x00053df0     0x18  Communication.o [1]
  .rodata             const    0x00053e08     0x18  Communication.o [1]
  .rodata             const    0x00053e20     0x18  Menu.o [1]
  .rodata             const    0x00053e38     0x18  Menu.o [1]
  .rodata             const    0x00053e50     0x18  Menu.o [1]
  .rodata             const    0x00053e68     0x18  Menu.o [1]
  .rodata             const    0x00053e80     0x18  Menu.o [1]
  .rodata             const    0x00053e98     0x18  Menu.o [1]
  .rodata             const    0x00053eb0     0x18  Menu.o [1]
  .rodata             const    0x00053ec8     0x18  Menu.o [1]
  .rodata             const    0x00053ee0     0x18  Menu.o [1]
  .rodata             const    0x00053ef8     0x18  Menu.o [1]
  .rodata             const    0x00053f10     0x18  Network.o [1]
  .rodata             const    0x00053f28     0x18  Personal.o [1]
  .rodata             const    0x00053f40     0x18  Personal.o [1]
  .rodata             const    0x00053f58     0x18  Personal.o [1]
  .rodata             const    0x00053f70     0x18  Personal.o [1]
  .rodata             const    0x00053f88     0x18  Personal.o [1]
  .rodata             const    0x00053fa0     0x18  Setting.o [1]
  .rodata             const    0x00053fb8     0x18  Status.o [1]
  .rodata             const    0x00053fd0     0x18  View.o [1]
  .rodata             const    0x00053fe8     0x18  IP_NI_LPC24xx.o [5]
  .text               ro code  0x00054000     0x18  Alarm.o [1]
  .text               ro code  0x00054018     0x18  Alarm.o [1]
  .text               ro code  0x00054030     0x18  Alarm.o [1]
  .text               ro code  0x00054048     0x18  Alarm.o [1]
  .text               ro code  0x00054060     0x18  Alarm.o [1]
  .text               ro code  0x00054078     0x18  COM.o [1]
  .text               ro code  0x00054090     0x18  COM.o [1]
  .text               ro code  0x000540a8     0x18  Communication.o [1]
  .text               ro code  0x000540c0     0x18  Control.o [1]
  .text               ro code  0x000540d8     0x18  cexit.o [7]
  .rodata             const    0x000540f0     0x14  BackLight.o [1]
  .rodata             const    0x00054104     0x14  Communication.o [1]
  .rodata             const    0x00054118     0x14  Communication.o [1]
  .rodata             const    0x0005412c     0x14  Communication.o [1]
  .rodata             const    0x00054140     0x14  CommunicationPacket.o [1]
  .rodata             const    0x00054154     0x14  Control.o [1]
  .rodata             const    0x00054168     0x14  Control.o [1]
  .rodata             const    0x0005417c     0x14  DAC.o [1]
  .rodata             const    0x00054190     0x14  FingerPacket.o [1]
  .rodata             const    0x000541a4     0x14  LCD.o [1]
  .rodata             const    0x000541b8     0x14  LED.o [1]
  .rodata             const    0x000541cc     0x14  Menu.o [1]
  .rodata             const    0x000541e0     0x14  Menu.o [1]
  .rodata             const    0x000541f4     0x14  Menu.o [1]
  .rodata             const    0x00054208     0x14  Menu.o [1]
  .rodata             const    0x0005421c     0x14  Menu.o [1]
  .rodata             const    0x00054230     0x14  Menu.o [1]
  .rodata             const    0x00054244     0x14  Menu.o [1]
  .rodata             const    0x00054258     0x14  Menu.o [1]
  .rodata             const    0x0005426c     0x14  Menu.o [1]
  .rodata             const    0x00054280     0x14  Menu.o [1]
  .rodata             const    0x00054294     0x14  Menu.o [1]
  .rodata             const    0x000542a8     0x14  Menu.o [1]
  .rodata             const    0x000542bc     0x14  Menu.o [1]
  .rodata             const    0x000542d0     0x14  Menu.o [1]
  .rodata             const    0x000542e4     0x14  Menu.o [1]
  .rodata             const    0x000542f8     0x14  Menu.o [1]
  .rodata             const    0x0005430c     0x14  Menu.o [1]
  .rodata             const    0x00054320     0x14  Menu.o [1]
  .rodata             const    0x00054334     0x14  Menu.o [1]
  .rodata             const    0x00054348     0x14  Menu.o [1]
  .rodata             const    0x0005435c     0x14  Menu.o [1]
  .rodata             const    0x00054370     0x14  Menu.o [1]
  .rodata             const    0x00054384     0x14  Menu.o [1]
  .rodata             const    0x00054398     0x14  Menu.o [1]
  .rodata             const    0x000543ac     0x14  Menu.o [1]
  .rodata             const    0x000543c0     0x14  Menu.o [1]
  .rodata             const    0x000543d4     0x14  MifarePacket.o [1]
  .rodata             const    0x000543e8     0x14  Network.o [1]
  .rodata             const    0x000543fc     0x14  Network.o [1]
  .rodata             const    0x00054410     0x14  Network.o [1]
  .rodata             const    0x00054424     0x14  Network.o [1]
  .rodata             const    0x00054438     0x14  Packet.o [1]
  .rodata             const    0x0005444c     0x14  Personal.o [1]
  .rodata             const    0x00054460     0x14  Personal.o [1]
  .rodata             const    0x00054474     0x14  Personal.o [1]
  .rodata             const    0x00054488     0x14  Personal.o [1]
  .rodata             const    0x0005449c     0x14  Personal.o [1]
  .rodata             const    0x000544b0     0x14  Personal.o [1]
  .rodata             const    0x000544c4     0x14  Personal.o [1]
  .rodata             const    0x000544d8     0x14  Personal.o [1]
  .rodata             const    0x000544ec     0x14  Setting.o [1]
  .rodata             const    0x00054500     0x14  Setting.o [1]
  .rodata             const    0x00054514     0x14  Setting.o [1]
  .rodata             const    0x00054528     0x14  USB_MSD.o [9]
  .text               ro code  0x0005453c     0x14  Alarm.o [1]
  .text               ro code  0x00054550     0x14  Control.o [1]
  .text               ro code  0x00054564     0x14  delop_0.o [3]
  .rodata             const    0x00054578     0x10  BackLight.o [1]
  .rodata             const    0x00054588     0x10  Communication.o [1]
  .rodata             const    0x00054598     0x10  Communication.o [1]
  .rodata             const    0x000545a8     0x10  FS_ConfigIO.o [1]
  .rodata             const    0x000545b8     0x10  FS_ConfigIO.o [1]
  .rodata             const    0x000545c8     0x10  MY_USB.o [1]
  .rodata             const    0x000545d8     0x10  MY_USB.o [1]
  .rodata             const    0x000545e8     0x10  Menu.o [1]
  .rodata             const    0x000545f8     0x10  Menu.o [1]
  .rodata             const    0x00054608     0x10  Menu.o [1]
  .rodata             const    0x00054618     0x10  Menu.o [1]
  .rodata             const    0x00054628     0x10  Menu.o [1]
  .rodata             const    0x00054638     0x10  Menu.o [1]
  .rodata             const    0x00054648     0x10  Menu.o [1]
  .rodata             const    0x00054658     0x10  Menu.o [1]
  .rodata             const    0x00054668     0x10  Menu.o [1]
  .rodata             const    0x00054678     0x10  Menu.o [1]
  .rodata             const    0x00054688     0x10  Menu.o [1]
  .rodata             const    0x00054698     0x10  Menu.o [1]
  .rodata             const    0x000546a8     0x10  Menu.o [1]
  .rodata             const    0x000546b8     0x10  Menu.o [1]
  .rodata             const    0x000546c8     0x10  Menu.o [1]
  .rodata             const    0x000546d8     0x10  Menu.o [1]
  .rodata             const    0x000546e8     0x10  Menu.o [1]
  .rodata             const    0x000546f8     0x10  Menu.o [1]
  .rodata             const    0x00054708     0x10  Menu.o [1]
  .rodata             const    0x00054718     0x10  Menu.o [1]
  .rodata             const    0x00054728     0x10  Menu.o [1]
  .rodata             const    0x00054738     0x10  Menu.o [1]
  .rodata             const    0x00054748     0x10  Menu.o [1]
  .rodata             const    0x00054758     0x10  Menu.o [1]
  .rodata             const    0x00054768     0x10  Menu.o [1]
  .rodata             const    0x00054778     0x10  Menu.o [1]
  .rodata             const    0x00054788     0x10  Menu.o [1]
  .rodata             const    0x00054798     0x10  Menu.o [1]
  .rodata             const    0x000547a8     0x10  Menu.o [1]
  .rodata             const    0x000547b8     0x10  Menu.o [1]
  .rodata             const    0x000547c8     0x10  Menu.o [1]
  .rodata             const    0x000547d8     0x10  Menu.o [1]
  .rodata             const    0x000547e8     0x10  Menu.o [1]
  .rodata             const    0x000547f8     0x10  Menu.o [1]
  .rodata             const    0x00054808     0x10  Personal.o [1]
  .rodata             const    0x00054818     0x10  Personal.o [1]
  .rodata             const    0x00054828     0x10  Setting.o [1]
  .rodata             const    0x00054838     0x10  Setting.o [1]
  .rodata             const    0x00054848     0x10  Setting.o [1]
  .rodata             const    0x00054858     0x10  ShowTime.o [1]
  .rodata             const    0x00054868     0x10  FAT_Misc.o [4]
  .rodata             const    0x00054878     0x10  IP_TCP_timr.o [5]
  .rodata             const    0x00054888     0x10  FS_Log.o [4]
  .text               ro code  0x00054898     0x10  targetabi.o [3]
  .text               ro code  0x000548a8     0x10  U32ToFlt.o [7]
  .text               ro code  0x000548b8     0x10  xcloseall.o [3]
  .rodata             const    0x000548c8      0xc  Beep.o [1]
  .rodata             const    0x000548d4      0xc  COM.o [1]
  .rodata             const    0x000548e0      0xc  Communication.o [1]
  .rodata             const    0x000548ec      0xc  Communication.o [1]
  .rodata             const    0x000548f8      0xc  Communication.o [1]
  .rodata             const    0x00054904      0xc  Communication.o [1]
  .rodata             const    0x00054910      0xc  Communication.o [1]
  .rodata             const    0x0005491c      0xc  Communication.o [1]
  .rodata             const    0x00054928      0xc  DateTime.o [1]
  .rodata             const    0x00054934      0xc  DateTime.o [1]
  .rodata             const    0x00054940      0xc  MY_USB.o [1]
  .rodata             const    0x0005494c      0xc  Menu.o [1]
  .rodata             const    0x00054958      0xc  Menu.o [1]
  .rodata             const    0x00054964      0xc  Menu.o [1]
  .rodata             const    0x00054970      0xc  Menu.o [1]
  .rodata             const    0x0005497c      0xc  Menu.o [1]
  .rodata             const    0x00054988      0xc  Menu.o [1]
  .rodata             const    0x00054994      0xc  Menu.o [1]
  .rodata             const    0x000549a0      0xc  Menu.o [1]
  .rodata             const    0x000549ac      0xc  Menu.o [1]
  .rodata             const    0x000549b8      0xc  Menu.o [1]
  .rodata             const    0x000549c4      0xc  Menu.o [1]
  .rodata             const    0x000549d0      0xc  Menu.o [1]
  .rodata             const    0x000549dc      0xc  Menu.o [1]
  .rodata             const    0x000549e8      0xc  Menu.o [1]
  .rodata             const    0x000549f4      0xc  Menu.o [1]
  .rodata             const    0x00054a00      0xc  Menu.o [1]
  .rodata             const    0x00054a0c      0xc  Menu.o [1]
  .rodata             const    0x00054a18      0xc  Menu.o [1]
  .rodata             const    0x00054a24      0xc  Menu.o [1]
  .rodata             const    0x00054a30      0xc  Menu.o [1]
  .rodata             const    0x00054a3c      0xc  Menu.o [1]
  .rodata             const    0x00054a48      0xc  Menu.o [1]
  .rodata             const    0x00054a54      0xc  Menu.o [1]
  .rodata             const    0x00054a60      0xc  Menu.o [1]
  .rodata             const    0x00054a6c      0xc  Menu.o [1]
  .rodata             const    0x00054a78      0xc  Personal.o [1]
  .rodata             const    0x00054a84      0xc  Personal.o [1]
  .rodata             const    0x00054a90      0xc  Personal.o [1]
  .rodata             const    0x00054a9c      0xc  Personal.o [1]
  .rodata             const    0x00054aa8      0xc  Personal.o [1]
  .rodata             const    0x00054ab4      0xc  Personal.o [1]
  .rodata             const    0x00054ac0      0xc  Personal.o [1]
  .rodata             const    0x00054acc      0xc  Personal.o [1]
  .rodata             const    0x00054ad8      0xc  Personal.o [1]
  .rodata             const    0x00054ae4      0xc  Personal.o [1]
  .rodata             const    0x00054af0      0xc  Setting.o [1]
  .rodata             const    0x00054afc      0xc  USB_MSD.o [9]
  .rodata             const    0x00054b08      0xc  IP_TCP_out.o [5]
  .text               ro code  0x00054b14      0xc  U32ToDbl.o [7]
  .text               ro code  0x00054b20      0xc  abort.o [3]
  .rodata             const    0x00054b2c      0x8  COM.o [1]
  .rodata             const    0x00054b34      0x8  COM.o [1]
  .rodata             const    0x00054b3c      0x8  COM.o [1]
  .rodata             const    0x00054b44      0x8  COM.o [1]
  .rodata             const    0x00054b4c      0x8  COM.o [1]
  .rodata             const    0x00054b54      0x8  COM.o [1]
  .rodata             const    0x00054b5c      0x8  COM.o [1]
  .rodata             const    0x00054b64      0x8  COM.o [1]
  .rodata             const    0x00054b6c      0x8  Communication.o [1]
  .rodata             const    0x00054b74      0x8  Communication.o [1]
  .rodata             const    0x00054b7c      0x8  Communication.o [1]
  .rodata             const    0x00054b84      0x8  Communication.o [1]
  .rodata             const    0x00054b8c      0x8  Communication.o [1]
  .rodata             const    0x00054b94      0x8  Communication.o [1]
  .rodata             const    0x00054b9c      0x8  Control.o [1]
  .rodata             const    0x00054ba4      0x8  Control.o [1]
  .rodata             const    0x00054bac      0x8  Control.o [1]
  .rodata             const    0x00054bb4      0x8  Control.o [1]
  .rodata             const    0x00054bbc      0x8  Control.o [1]
  .rodata             const    0x00054bc4      0x8  Control.o [1]
  .rodata             const    0x00054bcc      0x8  Control.o [1]
  .rodata             const    0x00054bd4      0x8  Control.o [1]
  .rodata             const    0x00054bdc      0x8  Control.o [1]
  .rodata             const    0x00054be4      0x8  Control.o [1]
  .rodata             const    0x00054bec      0x8  DateTime.o [1]
  .rodata             const    0x00054bf4      0x8  DateTime.o [1]
  .rodata             const    0x00054bfc      0x8  DateTime.o [1]
  .rodata             const    0x00054c04      0x8  DateTime.o [1]
  .rodata             const    0x00054c0c      0x8  DateTime.o [1]
  .rodata             const    0x00054c14      0x8  MY_USB.o [1]
  .rodata             const    0x00054c1c      0x8  MY_USB.o [1]
  .rodata             const    0x00054c24      0x8  MY_USB.o [1]
  .rodata             const    0x00054c2c      0x8  MY_USB.o [1]
  .rodata             const    0x00054c34      0x8  Menu.o [1]
  .rodata             const    0x00054c3c      0x8  Menu.o [1]
  .rodata             const    0x00054c44      0x8  Menu.o [1]
  .rodata             const    0x00054c4c      0x8  Menu.o [1]
  .rodata             const    0x00054c54      0x8  Menu.o [1]
  .rodata             const    0x00054c5c      0x8  Menu.o [1]
  .rodata             const    0x00054c64      0x8  Menu.o [1]
  .rodata             const    0x00054c6c      0x8  Menu.o [1]
  .rodata             const    0x00054c74      0x8  Menu.o [1]
  .rodata             const    0x00054c7c      0x8  Menu.o [1]
  .rodata             const    0x00054c84      0x8  Menu.o [1]
  .rodata             const    0x00054c8c      0x8  Menu.o [1]
  .rodata             const    0x00054c94      0x8  Menu.o [1]
  .rodata             const    0x00054c9c      0x8  Menu.o [1]
  .rodata             const    0x00054ca4      0x8  Menu.o [1]
  .rodata             const    0x00054cac      0x8  Menu.o [1]
  .rodata             const    0x00054cb4      0x8  Menu.o [1]
  .rodata             const    0x00054cbc      0x8  Personal.o [1]
  .rodata             const    0x00054cc4      0x8  Personal.o [1]
  .rodata             const    0x00054ccc      0x8  Personal.o [1]
  .rodata             const    0x00054cd4      0x8  Personal.o [1]
  .rodata             const    0x00054cdc      0x8  Personal.o [1]
  .rodata             const    0x00054ce4      0x8  Personal.o [1]
  .rodata             const    0x00054cec      0x8  Personal.o [1]
  .rodata             const    0x00054cf4      0x8  IP_NI_LPC24xx.o [5]
  .rodata             const    0x00054cfc      0x8  USB_MSD.o [9]
  .rodata             const    0x00054d04      0x8  IP_ARP.o [5]
  .rodata             const    0x00054d0c      0x8  IP_PHY.o [5]
  .rodata             const    0x00054d14      0x8  xprintfsmall.o [3]
  .text               ro code  0x00054d1c      0x8  Alarm.o [1]
  .text               ro code  0x00054d24      0x8  Buffer.o [1]
  .text               ro code  0x00054d2c      0x8  OS_EVENT_Create.o [6]
  .text               ro code  0x00054d34      0x8  OSTimeGS.o [6]
  .text               ro code  0x00054d3c      0x8  xpurevirtual.o [3]
  .text               ro code  0x00054d44      0x8  ABImemclr4.o [7]
  .text               ro code  0x00054d4c      0x8  ABImemclr.o [7]
  .text               ro code  0x00054d54      0x8  exit.o [3]
  .rodata             const    0x00054d5c      0x4  FS_Misc.o [4]
  .rodata             const    0x00054d60      0x4  FS_Misc.o [4]
  .rodata             const    0x00054d64      0x4  FS_Misc.o [4]
  .rodata             const    0x00054d68      0x4  FS_Misc.o [4]
  .rodata             const    0x00054d6c      0x4  FS_Misc.o [4]
  .rodata             const    0x00054d70      0x4  FS_Misc.o [4]
  .rodata             const    0x00054d74      0x4  FS_Misc.o [4]
  .rodata             const    0x00054d78      0x4  FS_Misc.o [4]
  .rodata             const    0x00054d7c      0x4  FS_Misc.o [4]
  .rodata             const    0x00054d80      0x4  FS_Misc.o [4]
  .rodata             const    0x00054d84      0x4  FS_Misc.o [4]
  .rodata             const    0x00054d88      0x4  FS_Misc.o [4]
  .rodata             const    0x00054d8c      0x4  string.o [3]
  .text               ro code  0x00054d90      0x4  Alarm.o [1]
  .text               ro code  0x00054d94      0x4  delaop_0.o [3]
  .text               ro code  0x00054d98      0x4  newaop_0.o [3]
  .text               ro code  0x00054d9c      0x4  vectortrap.o [7]
  .text               ro code  0x00054da0      0x4  IntDivZer.o [7]
  .text               ro code  0x00054da4      0x4  xreturnswi.o [8]
  .rodata             const    0x00054da8      0x2  FS_Misc.o [4]
  .rodata             const    0x00054daa      0x2  FS_Misc.o [4]
  .rodata             const    0x00054dac      0x2  FS_Misc.o [4]
  Initializer bytes   ro data  0x00054dae     0x7d  <for P2 s0>
                             - 0x00054e2b  0x52e2b

"P2", part 1 of 3:                          0x1ad8
  HEAP                         0x40000000    0xc00  <Block>
    HEAP              uninit   0x40000000    0xc00  <Block tail>
  CSTACK                       0x40000c00    0x800  <Block>
    CSTACK            uninit   0x40000c00    0x800  <Block tail>
  IRQ_STACK                    0x40001400    0x400  <Block>
    IRQ_STACK         uninit   0x40001400    0x400  <Block tail>
  .iar.dynexit                 0x40001800    0x258  <Block>
    .iar.dynexit      uninit   0x40001800      0xc  cppinit.o [3]
    .iar.dynexit      uninit   0x4000180c    0x24c  <Block tail>
  FIQ_STACK                    0x40001a58     0x80  <Block>
    FIQ_STACK         uninit   0x40001a58     0x80  <Block tail>
                             - 0x40001ad8   0x1ad8

"P2", part 2 of 3:                          0xd0ec
  .bss                zero     0x40001ad8   0x4000  IP_Config_LPC23xx.o [1]
  .bss                zero     0x40005ad8   0x2200  FS_ConfigMMC_MCI.o [1]
  .bss                zero     0x40007cd8    0xe10  Personal.o [1]
  .bss                zero     0x40008ae8    0xaf0  Personal.o [1]
  .bss                zero     0x400095d8    0x800  Network.o [1]
  .bss                zero     0x40009dd8    0x600  Communication.o [1]
  .bss                zero     0x4000a3d8    0x4b0  ShowTime.o [1]
  .bss                zero     0x4000a888    0x400  MY_USB.o [1]
  .bss                zero     0x4000ac88    0x400  MY_USB.o [1]
  .bss                zero     0x4000b088    0x400  Menu.o [1]
  .bss                zero     0x4000b488    0x400  Network.o [1]
  .bss                zero     0x4000b888    0x400  Network.o [1]
  .bss                zero     0x4000bc88    0x400  Setting.o [1]
  .bss                zero     0x4000c088    0x400  Setting.o [1]
  .bss                zero     0x4000c488    0x200  BackLight.o [1]
  .bss                zero     0x4000c688    0x200  Beep.o [1]
  .bss                zero     0x4000c888    0x200  Network.o [1]
  .bss                zero     0x4000ca88    0x200  Network.o [1]
  .bss                zero     0x4000cc88    0x200  Network.o [1]
  .bss                zero     0x4000ce88    0x198  Communication.o [1]
  .bss                zero     0x4000d020    0x198  Finger.o [1]
  .bss                zero     0x4000d1b8    0x190  Key.o [1]
  .bss                zero     0x4000d348    0x18c  USB_Main.o [9]
  .bss                zero     0x4000d4d4    0x138  USB_MSD.o [9]
  .bss                zero     0x4000d60c     0xa0  Setting.o [1]
  .bss                zero     0x4000d6ac     0x94  COM.o [1]
  .bss                zero     0x4000d740     0x94  COM.o [1]
  .bss                zero     0x4000d7d4     0x94  Communication.o [1]
  .bss                zero     0x4000d868     0x94  Communication.o [1]
  .bss                zero     0x4000d8fc     0x94  Finger.o [1]
  .bss                zero     0x4000d990     0x94  Finger.o [1]
  .bss                zero     0x4000da24     0x94  Menu.o [1]
  .bss                zero     0x4000dab8     0x94  Mifare.o [1]
  .bss                zero     0x4000db4c     0x94  Mifare.o [1]
  .bss                zero     0x4000dbe0     0x94  MifareEx.o [1]
  .bss                zero     0x4000dc74     0x94  MifareEx.o [1]
  .bss                zero     0x4000dd08     0x94  Network.o [1]
  .bss                zero     0x4000dd9c     0x94  Network.o [1]
  .bss                zero     0x4000de30     0x94  IP_Debug.o [5]
  .bss                zero     0x4000dec4     0x8c  Control.o [1]
  .bss                zero     0x4000df50     0x8c  Menu.o [1]
  .bss                zero     0x4000dfdc     0x7c  IP_Core.o [5]
  .bss                zero     0x4000e058     0x5c  FS_Storage.o [4]
  .bss                zero     0x4000e0b4     0x54  xxwritebuffered.o [3]
  .bss                zero     0x4000e108     0x44  USB_MSD_STORAGE_FS.o [9]
  .bss                zero     0x4000e14c     0x40  USB_OS.o [1]
  .bss                zero     0x4000e18c     0x24  BackLight.o [1]
  .bss                zero     0x4000e1b0     0x24  Beep.o [1]
  .bss                zero     0x4000e1d4     0x24  Communication.o [1]
  .bss                zero     0x4000e1f8     0x24  Control.o [1]
  .bss                zero     0x4000e21c     0x24  MY_USB.o [1]
  .bss                zero     0x4000e240     0x24  Menu.o [1]
  .bss                zero     0x4000e264     0x24  Network.o [1]
  .bss                zero     0x4000e288     0x24  Network.o [1]
  .bss                zero     0x4000e2ac     0x24  Network.o [1]
  .bss                zero     0x4000e2d0     0x24  Network.o [1]
  .bss                zero     0x4000e2f4     0x24  Network.o [1]
  .bss                zero     0x4000e318     0x24  Network.o [1]
  .bss                zero     0x4000e33c     0x24  Personal.o [1]
  .bss                zero     0x4000e360     0x24  Personal.o [1]
  .bss                zero     0x4000e384     0x24  Setting.o [1]
  .bss                zero     0x4000e3a8     0x24  Setting.o [1]
  .bss                zero     0x4000e3cc     0x24  ShowTime.o [1]
  .bss                zero     0x4000e3f0     0x24  IP_TCP.o [5]
  .bss                zero     0x4000e414     0x21  IP_NI_LPC24xx.o [5]
  .bss                zero     0x4000e438     0x1c  Alarm.o [1]
  .bss                zero     0x4000e454     0x1c  Alarm.o [1]
  .bss                zero     0x4000e470     0x1c  Alarm.o [1]
  .bss                zero     0x4000e48c     0x18  IP_TCP_subr.o [5]
  .bss                zero     0x4000e4a4     0x14  Alarm.o [1]
  .bss                zero     0x4000e4b8     0x14  Alarm.o [1]
  .bss                zero     0x4000e4cc     0x14  COM.o [1]
  .bss                zero     0x4000e4e0     0x14  Communication.o [1]
  .bss                zero     0x4000e4f4     0x14  Control.o [1]
  .bss                zero     0x4000e508     0x14  Control.o [1]
  .bss                zero     0x4000e51c     0x14  Control.o [1]
  .bss                zero     0x4000e530     0x14  Finger.o [1]
  .bss                zero     0x4000e544     0x14  LED.o [1]
  .bss                zero     0x4000e558     0x14  LED.o [1]
  .bss                zero     0x4000e56c     0x14  LED.o [1]
  .bss                zero     0x4000e580     0x14  LED.o [1]
  .bss                zero     0x4000e594     0x14  LED.o [1]
  .bss                zero     0x4000e5a8     0x14  LED.o [1]
  .bss                zero     0x4000e5bc     0x14  LED.o [1]
  .bss                zero     0x4000e5d0     0x14  LED.o [1]
  .bss                zero     0x4000e5e4     0x14  Menu.o [1]
  .bss                zero     0x4000e5f8     0x14  Menu.o [1]
  .bss                zero     0x4000e60c     0x14  Menu.o [1]
  .bss                zero     0x4000e620     0x14  Menu.o [1]
  .bss                zero     0x4000e634     0x14  Menu.o [1]
  .bss                zero     0x4000e648     0x14  Mifare.o [1]
  .bss                zero     0x4000e65c     0x14  Mifare.o [1]
  .bss                zero     0x4000e670     0x14  MifareEx.o [1]
  .bss                zero     0x4000e684     0x14  MifareEx.o [1]
  .bss                zero     0x4000e698     0x14  MifareEx.o [1]
  .bss                zero     0x4000e6ac     0x14  MifareEx.o [1]
  .bss                zero     0x4000e6c0     0x14  Personal.o [1]
  .bss                zero     0x4000e6d4     0x14  Personal.o [1]
  .bss                zero     0x4000e6e8     0x14  Personal.o [1]
  .bss                zero     0x4000e6fc     0x14  Personal.o [1]
  .bss                zero     0x4000e710     0x14  Personal.o [1]
  .bss                zero     0x4000e724     0x14  Status.o [1]
  .bss                zero     0x4000e738     0x14  View.o [1]
  .bss                zero     0x4000e74c     0x14  FS_Storage.o [4]
  .bss                zero     0x4000e760     0x14  IP_Debug.o [5]
  .bss                zero     0x4000e774     0x14  xsyslock.o [3]
  .bss                zero     0x4000e788     0x10  Control.o [1]
  .bss                zero     0x4000e798     0x10  Control.o [1]
  .bss                zero     0x4000e7a8     0x10  IP_OS.o [1]
  .bss                zero     0x4000e7b8     0x10  FS_Misc.o [4]
  .bss                zero     0x4000e7c8     0x10  FS_Core.o [4]
  .bss                zero     0x4000e7d8     0x10  MMC_SD_CardMode_Drv.o [4]
  .bss                zero     0x4000e7e8      0xc  Alarm.o [1]
  .bss                zero     0x4000e7f4      0xc  Alarm.o [1]
  .bss                zero     0x4000e800      0xc  Alarm.o [1]
  .bss                zero     0x4000e80c      0xc  Communication.o [1]
  .bss                zero     0x4000e818      0xc  Communication.o [1]
  .bss                zero     0x4000e824      0xc  Personal.o [1]
  .bss                zero     0x4000e830      0xc  IP_socket.o [5]
  .bss                zero     0x4000e83c      0xc  IP_UDP.o [5]
  .bss                zero     0x4000e848      0xc  IP_TCP_pcb.o [5]
  .bss                zero     0x4000e858      0x8  DAC.o [1]
  .bss                zero     0x4000e860      0x8  DAC.o [1]
  .bss                zero     0x4000e868      0x8  DAC.o [1]
  .bss                zero     0x4000e870      0x8  Communication.o [1]
  .bss                zero     0x4000e878      0x8  IP_OS.o [1]
  .bss                zero     0x4000e880      0x8  IP_OS.o [1]
  .bss                zero     0x4000e888      0x8  Setting.o [1]
  .bss                zero     0x4000e890      0x8  MMC_SD_CardMode_Drv.o [4]
  .bss                zero     0x4000e898      0x8  IP_socket.o [5]
  .bss                zero     0x4000e8a0      0x8  USB_HW_LPC23xx.o [9]
  .bss                zero     0x4000e8a8      0x8  errno.o [3]
  .bss                zero     0x4000e8b0      0x8  xxmemxmalloc.o [3]
  .bss                zero     0x4000e8b8      0x4  Alarm.o [1]
  .bss                zero     0x4000e8bc      0x4  Alarm.o [1]
  .bss                zero     0x4000e8c0      0x4  BackLight.o [1]
  .bss                zero     0x4000e8c4      0x4  Beep.o [1]
  .bss                zero     0x4000e8c8      0x4  Beep.o [1]
  .bss                zero     0x4000e8cc      0x4  Beep.o [1]
  .bss                zero     0x4000e8d0      0x4  COM.o [1]
  .bss                zero     0x4000e8d4      0x4  COM.o [1]
  .bss                zero     0x4000e8d8      0x4  COM.o [1]
  .bss                zero     0x4000e8dc      0x4  COM.o [1]
  .bss                zero     0x4000e8e0      0x4  COM.o [1]
  .bss                zero     0x4000e8e4      0x4  COM.o [1]
  .bss                zero     0x4000e8e8      0x4  COM.o [1]
  .bss                zero     0x4000e8ec      0x4  COM.o [1]
  .bss                zero     0x4000e8f0      0x4  COM.o [1]
  .bss                zero     0x4000e8f4      0x4  COM.o [1]
  .bss                zero     0x4000e8f8      0x4  Communication.o [1]
  .bss                zero     0x4000e8fc      0x4  Communication.o [1]
  .bss                zero     0x4000e900      0x4  Communication.o [1]
  .bss                zero     0x4000e904      0x4  Communication.o [1]
  .bss                zero     0x4000e908      0x4  Communication.o [1]
  .bss                zero     0x4000e90c      0x4  Communication.o [1]
  .bss                zero     0x4000e910      0x4  Communication.o [1]
  .bss                zero     0x4000e914      0x4  Control.o [1]
  .bss                zero     0x4000e918      0x4  DAC.o [1]
  .bss                zero     0x4000e91c      0x4  DAC.o [1]
  .bss                zero     0x4000e920      0x4  Device.o [1]
  .bss                zero     0x4000e924      0x4  FS_MMC_HW_MCI.o [1]
  .bss                zero     0x4000e928      0x4  FS_MMC_HW_MCI.o [1]
  .bss                zero     0x4000e92c      0x4  Finger.o [1]
  .bss                zero     0x4000e930      0x4  Finger.o [1]
  .bss                zero     0x4000e934      0x4  Finger.o [1]
  .bss                zero     0x4000e938      0x4  Finger.o [1]
  .bss                zero     0x4000e93c      0x4  Finger.o [1]
  .bss                zero     0x4000e940      0x4  Finger.o [1]
  .bss                zero     0x4000e944      0x4  Finger.o [1]
  .bss                zero     0x4000e948      0x4  Finger.o [1]
  .bss                zero     0x4000e94c      0x4  Finger.o [1]
  .bss                zero     0x4000e950      0x4  Finger.o [1]
  .bss                zero     0x4000e954      0x4  Finger.o [1]
  .bss                zero     0x4000e958      0x4  Finger.o [1]
  .bss                zero     0x4000e95c      0x4  Finger.o [1]
  .bss                zero     0x4000e960      0x4  Finger.o [1]
  .bss                zero     0x4000e964      0x4  Finger.o [1]
  .bss                zero     0x4000e968      0x4  Finger.o [1]
  .bss                zero     0x4000e96c      0x4  Finger.o [1]
  .bss                zero     0x4000e970      0x4  Finger.o [1]
  .bss                zero     0x4000e974      0x4  Finger.o [1]
  .bss                zero     0x4000e978      0x4  Finger.o [1]
  .bss                zero     0x4000e97c      0x4  Finger.o [1]
  .bss                zero     0x4000e980      0x4  Finger.o [1]
  .bss                zero     0x4000e984      0x4  Finger.o [1]
  .bss                zero     0x4000e988      0x4  Finger.o [1]
  .bss                zero     0x4000e98c      0x4  Finger.o [1]
  .bss                zero     0x4000e990      0x4  Finger.o [1]
  .bss                zero     0x4000e994      0x4  Finger.o [1]
  .bss                zero     0x4000e998      0x4  Finger.o [1]
  .bss                zero     0x4000e99c      0x4  Finger.o [1]
  .bss                zero     0x4000e9a0      0x4  Finger.o [1]
  .bss                zero     0x4000e9a4      0x4  Finger.o [1]
  .bss                zero     0x4000e9a8      0x4  Finger.o [1]
  .bss                zero     0x4000e9ac      0x4  IP_OS.o [1]
  .bss                zero     0x4000e9b0      0x4  Key.o [1]
  .bss                zero     0x4000e9b4      0x4  Key.o [1]
  .bss                zero     0x4000e9b8      0x4  Key.o [1]
  .bss                zero     0x4000e9bc      0x4  Key.o [1]
  .bss                zero     0x4000e9c0      0x4  Key.o [1]
  .bss                zero     0x4000e9c4      0x4  Key.o [1]
  .bss                zero     0x4000e9c8      0x4  Key.o [1]
  .bss                zero     0x4000e9cc      0x4  Key.o [1]
  .bss                zero     0x4000e9d0      0x4  Key.o [1]
  .bss                zero     0x4000e9d4      0x4  Key.o [1]
  .bss                zero     0x4000e9d8      0x4  Key.o [1]
  .bss                zero     0x4000e9dc      0x4  Key.o [1]
  .bss                zero     0x4000e9e0      0x4  Key.o [1]
  .bss                zero     0x4000e9e4      0x4  Key.o [1]
  .bss                zero     0x4000e9e8      0x4  Key.o [1]
  .bss                zero     0x4000e9ec      0x4  Key.o [1]
  .bss                zero     0x4000e9f0      0x4  Key.o [1]
  .bss                zero     0x4000e9f4      0x4  Key.o [1]
  .bss                zero     0x4000e9f8      0x4  Key.o [1]
  .bss                zero     0x4000e9fc      0x4  Key.o [1]
  .bss                zero     0x4000ea00      0x4  Key.o [1]
  .bss                zero     0x4000ea04      0x4  MY_USB.o [1]
  .bss                zero     0x4000ea08      0x4  MY_USB.o [1]
  .bss                zero     0x4000ea0c      0x4  Menu.o [1]
  .bss                zero     0x4000ea10      0x4  Menu.o [1]
  .bss                zero     0x4000ea14      0x4  Menu.o [1]
  .bss                zero     0x4000ea18      0x4  Menu.o [1]
  .bss                zero     0x4000ea1c      0x4  Menu.o [1]
  .bss                zero     0x4000ea20      0x4  Mifare.o [1]
  .bss                zero     0x4000ea24      0x4  Mifare.o [1]
  .bss                zero     0x4000ea28      0x4  Mifare.o [1]
  .bss                zero     0x4000ea2c      0x4  Mifare.o [1]
  .bss                zero     0x4000ea30      0x4  Mifare.o [1]
  .bss                zero     0x4000ea34      0x4  Mifare.o [1]
  .bss                zero     0x4000ea38      0x4  Mifare.o [1]
  .bss                zero     0x4000ea3c      0x4  Mifare.o [1]
  .bss                zero     0x4000ea40      0x4  Mifare.o [1]
  .bss                zero     0x4000ea44      0x4  MifareEx.o [1]
  .bss                zero     0x4000ea48      0x4  MifareEx.o [1]
  .bss                zero     0x4000ea4c      0x4  MifareEx.o [1]
  .bss                zero     0x4000ea50      0x4  MifareEx.o [1]
  .bss                zero     0x4000ea54      0x4  MifareEx.o [1]
  .bss                zero     0x4000ea58      0x4  MifareEx.o [1]
  .bss                zero     0x4000ea5c      0x4  MifareEx.o [1]
  .bss                zero     0x4000ea60      0x4  MifareEx.o [1]
  .bss                zero     0x4000ea64      0x4  MifareEx.o [1]
  .bss                zero     0x4000ea68      0x4  Network.o [1]
  .bss                zero     0x4000ea6c      0x4  Network.o [1]
  .bss                zero     0x4000ea70      0x4  Network.o [1]
  .bss                zero     0x4000ea74      0x4  Network.o [1]
  .bss                zero     0x4000ea78      0x4  Network.o [1]
  .bss                zero     0x4000ea7c      0x4  Network.o [1]
  .bss                zero     0x4000ea80      0x4  Network.o [1]
  .bss                zero     0x4000ea84      0x4  Network.o [1]
  .bss                zero     0x4000ea88      0x4  Network.o [1]
  .bss                zero     0x4000ea8c      0x4  Network.o [1]
  .bss                zero     0x4000ea90      0x4  Network.o [1]
  .bss                zero     0x4000ea94      0x4  Network.o [1]
  .bss                zero     0x4000ea98      0x4  Network.o [1]
  .bss                zero     0x4000ea9c      0x4  Network.o [1]
  .bss                zero     0x4000eaa0      0x4  Network.o [1]
  .bss                zero     0x4000eaa4      0x4  Network.o [1]
  .bss                zero     0x4000eaa8      0x4  Network.o [1]
  .bss                zero     0x4000eaac      0x4  Network.o [1]
  .bss                zero     0x4000eab0      0x4  Personal.o [1]
  .bss                zero     0x4000eab4      0x4  Personal.o [1]
  .bss                zero     0x4000eab8      0x4  Personal.o [1]
  .bss                zero     0x4000eabc      0x4  Personal.o [1]
  .bss                zero     0x4000eac0      0x4  Personal.o [1]
  .bss                zero     0x4000eac4      0x4  Personal.o [1]
  .bss                zero     0x4000eac8      0x4  Personal.o [1]
  .bss                zero     0x4000eacc      0x4  Personal.o [1]
  .bss                zero     0x4000ead0      0x4  Personal.o [1]
  .bss                zero     0x4000ead4      0x4  Personal.o [1]
  .bss                zero     0x4000ead8      0x4  Personal.o [1]
  .bss                zero     0x4000eadc      0x4  Personal.o [1]
  .bss                zero     0x4000eae0      0x4  Personal.o [1]
  .bss                zero     0x4000eae4      0x4  Personal.o [1]
  .bss                zero     0x4000eae8      0x4  Personal.o [1]
  .bss                zero     0x4000eaec      0x4  Personal.o [1]
  .bss                zero     0x4000eaf0      0x4  Personal.o [1]
  .bss                zero     0x4000eaf4      0x4  Personal.o [1]
  .bss                zero     0x4000eaf8      0x4  Personal.o [1]
  .bss                zero     0x4000eafc      0x4  Personal.o [1]
  .bss                zero     0x4000eb00      0x4  Personal.o [1]
  .bss                zero     0x4000eb04      0x4  Personal.o [1]
  .bss                zero     0x4000eb08      0x4  Personal.o [1]
  .bss                zero     0x4000eb0c      0x4  Personal.o [1]
  .bss                zero     0x4000eb10      0x4  Personal.o [1]
  .bss                zero     0x4000eb14      0x4  Personal.o [1]
  .bss                zero     0x4000eb18      0x4  Personal.o [1]
  .bss                zero     0x4000eb1c      0x4  Personal.o [1]
  .bss                zero     0x4000eb20      0x4  Setting.o [1]
  .bss                zero     0x4000eb24      0x4  Setting.o [1]
  .bss                zero     0x4000eb28      0x4  Setting.o [1]
  .bss                zero     0x4000eb2c      0x4  Setting.o [1]
  .bss                zero     0x4000eb30      0x4  Sound.o [1]
  .bss                zero     0x4000eb34      0x4  Sound.o [1]
  .bss                zero     0x4000eb38      0x4  Sound.o [1]
  .bss                zero     0x4000eb3c      0x4  OSGLOBAL.o [6]
  .bss                zero     0x4000eb40      0x4  OSGLOBAL.o [6]
  .bss                zero     0x4000eb44      0x4  OSTERM.o [6]
  .bss                zero     0x4000eb48      0x4  IP_Core.o [5]
  .bss                zero     0x4000eb4c      0x4  IP_Core.o [5]
  .bss                zero     0x4000eb50      0x4  IP_TCP_timr.o [5]
  .bss                zero     0x4000eb54      0x4  IP_ICMP.o [5]
  .bss                zero     0x4000eb58      0x4  cppinit.o [3]
  .bss                zero     0x4000eb5c      0x4  new.o [3]
  .bss                zero     0x4000eb60      0x4  MtxWrapper.o [3]
  .bss                zero     0x4000eb64      0x4  MtxWrapper.o [3]
  .bss                zero     0x4000eb68      0x4  MtxWrapper.o [3]
  .bss                zero     0x4000eb6c      0x4  MtxWrapper.o [3]
  .bss                zero     0x4000eb70      0x4  xgetmemchunk.o [3]
  .bss                zero     0x4000eb74      0x4  iarwstd.o [8]
  .bss                zero     0x4000eb78      0x2  DAC.o [1]
  .bss                zero     0x4000eb7a      0x2  Finger.o [1]
  .bss                zero     0x4000eb7c      0x2  Finger.o [1]
  .bss                zero     0x4000eb7e      0x2  IP_TCP.o [5]
  .bss                zero     0x4000eb80      0x2  IP_UDP.o [5]
  .bss                zero     0x4000eb82      0x1  Alarm.o [1]
  .bss                zero     0x4000eb83      0x1  Alarm.o [1]
  .bss                zero     0x4000eb84      0x1  Alarm.o [1]
  .bss                zero     0x4000eb85      0x1  Alarm.o [1]
  .bss                zero     0x4000eb86      0x1  BackLight.o [1]
  .bss                zero     0x4000eb87      0x1  COM.o [1]
  .bss                zero     0x4000eb88      0x1  COM.o [1]
  .bss                zero     0x4000eb89      0x1  COM.o [1]
  .bss                zero     0x4000eb8a      0x1  COM.o [1]
  .bss                zero     0x4000eb8b      0x1  COM.o [1]
  .bss                zero     0x4000eb8c      0x1  Communication.o [1]
  .bss                zero     0x4000eb8d      0x1  Communication.o [1]
  .bss                zero     0x4000eb8e      0x1  Communication.o [1]
  .bss                zero     0x4000eb8f      0x1  Communication.o [1]
  .bss                zero     0x4000eb90      0x1  Control.o [1]
  .bss                zero     0x4000eb91      0x1  Control.o [1]
  .bss                zero     0x4000eb92      0x1  DAC.o [1]
  .bss                zero     0x4000eb93      0x1  DAC.o [1]
  .bss                zero     0x4000eb94      0x1  DAC.o [1]
  .bss                zero     0x4000eb95      0x1  FS_MMC_HW_MCI.o [1]
  .bss                zero     0x4000eb96      0x1  Finger.o [1]
  .bss                zero     0x4000eb97      0x1  Finger.o [1]
  .bss                zero     0x4000eb98      0x1  Finger.o [1]
  .bss                zero     0x4000eb99      0x1  Finger.o [1]
  .bss                zero     0x4000eb9a      0x1  Finger.o [1]
  .bss                zero     0x4000eb9b      0x1  Finger.o [1]
  .bss                zero     0x4000eb9c      0x1  Finger.o [1]
  .bss                zero     0x4000eb9d      0x1  Finger.o [1]
  .bss                zero     0x4000eb9e      0x1  Finger.o [1]
  .bss                zero     0x4000eb9f      0x1  Key.o [1]
  .bss                zero     0x4000eba0      0x1  LED.o [1]
  .bss                zero     0x4000eba1      0x1  MY_USB.o [1]
  .bss                zero     0x4000eba2      0x1  MY_USB.o [1]
  .bss                zero     0x4000eba3      0x1  Menu.o [1]
  .bss                zero     0x4000eba4      0x1  Menu.o [1]
  .bss                zero     0x4000eba5      0x1  Mifare.o [1]
  .bss                zero     0x4000eba6      0x1  Mifare.o [1]
  .bss                zero     0x4000eba7      0x1  Mifare.o [1]
  .bss                zero     0x4000eba8      0x1  Mifare.o [1]
  .bss                zero     0x4000eba9      0x1  Mifare.o [1]
  .bss                zero     0x4000ebaa      0x1  Mifare.o [1]
  .bss                zero     0x4000ebab      0x1  MifareEx.o [1]
  .bss                zero     0x4000ebac      0x1  MifareEx.o [1]
  .bss                zero     0x4000ebad      0x1  MifareEx.o [1]
  .bss                zero     0x4000ebae      0x1  MifareEx.o [1]
  .bss                zero     0x4000ebaf      0x1  MifareEx.o [1]
  .bss                zero     0x4000ebb0      0x1  MifareEx.o [1]
  .bss                zero     0x4000ebb1      0x1  MifareEx.o [1]
  .bss                zero     0x4000ebb2      0x1  Network.o [1]
  .bss                zero     0x4000ebb3      0x1  Network.o [1]
  .bss                zero     0x4000ebb4      0x1  Notify.o [1]
  .bss                zero     0x4000ebb5      0x1  Notify.o [1]
  .bss                zero     0x4000ebb6      0x1  Notify.o [1]
  .bss                zero     0x4000ebb7      0x1  Notify.o [1]
  .bss                zero     0x4000ebb8      0x1  Notify.o [1]
  .bss                zero     0x4000ebb9      0x1  Notify.o [1]
  .bss                zero     0x4000ebba      0x1  Notify.o [1]
  .bss                zero     0x4000ebbb      0x1  Personal.o [1]
  .bss                zero     0x4000ebbc      0x1  Personal.o [1]
  .bss                zero     0x4000ebbd      0x1  Personal.o [1]
  .bss                zero     0x4000ebbe      0x1  Personal.o [1]
  .bss                zero     0x4000ebbf      0x1  ShowTime.o [1]
  .bss                zero     0x4000ebc0      0x1  ShowTime.o [1]
  .bss                zero     0x4000ebc1      0x1  Sound.o [1]
  .bss                zero     0x4000ebc2      0x1  OSGLOBAL.o [6]
  .bss                zero     0x4000ebc3      0x1  OSGLOBAL.o [6]
                             - 0x4000ebc4   0xd0ec

"P2", part 3 of 3:                           0x251
  P2 s0                        0x4000ebc4    0x251  <Init block>
    .data             inited   0x4000ebc4    0x101  USB_Setup.o [9]
    .data             inited   0x4000ecc8     0x74  IP_ARP.o [5]
    .data             inited   0x4000ed3c     0x3e  IP_Core.o [5]
    .data             inited   0x4000ed7c     0x24  OSGLOBAL.o [6]
    .data             inited   0x4000eda0     0x20  IP_TCP.o [5]
    .data             inited   0x4000edc0     0x10  IP_TCP_timr.o [5]
    .data             inited   0x4000edd0      0x8  DAC.o [1]
    .data             inited   0x4000edd8      0x8  IP_TCP_timr.o [5]
    .data             inited   0x4000ede0      0x4  DAC.o [1]
    .data             inited   0x4000ede4      0x4  Key.o [1]
    .data             inited   0x4000ede8      0x4  IP_Log.o [5]
    .data             inited   0x4000edec      0x4  IP_Log.o [5]
    .data             inited   0x4000edf0      0x4  USB_HW_LPC23xx.o [9]
    .data             inited   0x4000edf4      0x4  FS_ErrorOut.o [4]
    .data             inited   0x4000edf8      0x4  FS_Warn.o [4]
    .data             inited   0x4000edfc      0x4  FAT_Misc.o [4]
    .data             inited   0x4000ee00      0x4  IP_TCP_timr.o [5]
    .data             inited   0x4000ee04      0x4  cppinit.o [3]
    .data             inited   0x4000ee08      0x3  FS_Core.o [4]
    .data             inited   0x4000ee0c      0x2  IP_socket.o [5]
    .data             inited   0x4000ee0e      0x1  Menu.o [1]
    .data             inited   0x4000ee0f      0x1  ShowTime.o [1]
    .data             inited   0x4000ee10      0x1  ShowTime.o [1]
    .data             inited   0x4000ee11      0x1  ShowTime.o [1]
    .data             inited   0x4000ee12      0x1  FS_Misc.o [4]
    .data             inited   0x4000ee13      0x1  IP_UDP.o [5]
    .data             inited   0x4000ee14      0x1  IP_UDP.o [5]
                             - 0x4000ee15    0x251


*******************************************************************************
*** INIT TABLE
***

          Address     Size
          -------     ----
Zero (__iar_zero_init2)
    1 destination range, total size 0xd0ec:
          0x40001ad8  0xd0ec

Copy/packbits (__iar_packbits_init2)
    1 source range, total size 0x7d (21% of destination):
          0x00054dae    0x7d
    1 destination range, total size 0x251:
          0x4000ebc4   0x251


*******************************************************************************
*** MODULE SUMMARY
***

    Module                 ro code  ro data  rw data
    ------                 -------  -------  -------
E:\Ghadir_Win_Prg\hardware\GP\Output\LPC2388\Release_FLASH\Obj: [1]
    Alarm.o                  2 172       28      172
    BSP.o                      220
    BackLight.o              1 016       36      553
    Beep.o                     796       12      560
    Buffer.o                 1 328
    COM.o                    2 900      152      361
    Communication.o         14 304      264    2 360
    CommunicationPacket.o    3 152       20
    Control.o                7 820      124      274
    DAC.o                      988       23       49
    DateTime.o               4 040       64
    Device.o                   368                 4
    DigitalData.o            1 144
    FS_ConfigIO.o               60       32
    FS_ConfigMMC_MCI.o         280             8 704
    FS_MMC_HW_MCI.o          2 536                 9
    Finger.o                 6 164       76      865
    FingerPacket.o           1 380       20
    Font.o                   1 016   53 896
    Font2.o                  1 368      912
    HResource.o                176
    Hardware.o              13 228
    IP_ConfigIO.o              100       36
    IP_Config_LPC23xx.o        288            16 384
    IP_OS.o                    600                36
    Key.o                    3 184       73      489
    LCD.o                    3 776       20
    LED.o                    1 972       20      161
    MResource.o                204
    MY_USB.o                   964      148    2 094
    Main.o                      44        4
    Menu.o                  32 520    1 772    1 471
    Mifare.o                 3 260       76      378
    MifareEx.o               4 064       76      419
    MifarePacket.o             884       20
[...]
__dso_handle            0x4000eb58     0x4  Data  Gb  cppinit.o [3]
__dwrite                0x00053664    0x30  Code  Gb  dwrite.o [8]
__exit                  0x00053c10    0x20  Code  Gb  exit.o [8]
__iar_Dint              0x0004ef1c   0x15c  Code  Gb  xdint.o [3]
__iar_Dnorm             0x0004f078   0x154  Code  Gb  xdnorm.o [3]
__iar_Errno             0x4000e8ac     0x4  Data  Gb  errno.o [3]
__iar_FDint             0x00050540    0xe8  Code  Gb  xfdint.o [3]
__iar_FDnorm            0x00050628    0xe0  Code  Gb  xfdnorm.o [3]
__iar_FLog              0x0004c090   0x2a8  Code  Gb  xflog.o [3]
__iar_Locksyslock       0x00050d80    0x6c  Code  Gb  xsyslock.o [3]
__iar_Log               0x00046dc8   0x490  Code  Gb  xlog.o [3]
__iar_Memchr            0x000515c8          Code  Gb  memchr.o [7]
__iar_Memset            0x0005197c          Code  Gb  ABImemset.o [7]
__iar_Memset4_word      0x00052ec8          Code  Gb  ABImemset48.o [7]
__iar_Memset8_word      0x00052ec8          Code  Gb  ABImemset48.o [7]
__iar_Memset_word       0x00051988          Code  Gb  ABImemset.o [7]
__iar_Mtxdst            0x00052f54     0x4  Code  Gb  MtxWrapper.o [3]
__iar_Mtxinit           0x00052f4c     0x8  Code  Gb  MtxWrapper.o [3]
__iar_Mtxlock           0x00052f74     0x8  Code  Gb  MtxWrapper.o [3]
__iar_Mtxunlock         0x00052f7c     0x8  Code  Gb  MtxWrapper.o [3]
__iar_New_hand          0x4000eb5c     0x4  Data  Gb  new.o [3]
__iar_Strchr            0x00053c30          Code  Gb  strchr.o [7]
__iar_SubNrm            0x0004f6dc          Code  Gb  FltMul.o [7]
__iar_SubNrmP           0x0004f6d8          Code  Gb  FltMul.o [7]
__iar_Tls_setup___iar_Errno
                        0x4000e8a8     0x4  Data  Gb  errno.o [3]
__iar_Unlocksyslock     0x00050dec    0x20  Code  Gb  xsyslock.o [3]
__iar_cstart_call_ctors
                        0x000533ac          Code  Gb  cmain.o [7]
__iar_dadd              0x0004f718          Code  Gb  DblAdd.o [7]
__iar_data_init2        0x000533d4    0x38  Code  Gb  data_init2.o [7]
__iar_dsub              0x0004ddf4          Code  Gb  DblSub.o [7]
__iar_dsubStart         0x0004de14          Code  Gb  DblSub.o [7]
__iar_fadd              0x000512bc          Code  Gb  FltAdd.o [7]
__iar_fsub              0x0004f98c          Code  Gb  FltSub.o [7]
__iar_fsubStart         0x0004f99c          Code  Gb  FltSub.o [7]
__iar_i2d               0x00052618          Code  Gb  S32ToDbl.o [7]
__iar_i2f               0x0005222c          Code  Gb  S32ToFlt.o [7]
__iar_packbits_init2    0x0005044c    0xf4  Code  Gb  packbits_init2.o [7]
__iar_program_start     0x00052900          Code  Gb  cstartup.o [7]
__iar_return_from_swi   0x00054da4     0x4  Code  Gb  xreturnswi.o [8]
__iar_sh_stdout         0x000510f0    0x74  Code  Gb  iarwstd.o [8]
__iar_sh_stdout_close   0x000510c0    0x30  Code  Gb  iarwstd.o [8]
__iar_sh_stdout_handle  0x4000eb74     0x4  Data  Lc  iarwstd.o [8]
__iar_sh_write          0x0005301c    0x44  Code  Gb  iarwrite.o [8]
__iar_zero_init2        0x000539e4    0x28  Code  Gb  zero_init2.o [7]
__low_level_init        0x00046ad8    0x44  Code  Gb  RTOSINIT_LPC2378.o [1]
__vector                0x00000000          Code  Gb  cstartup.o [7]
__write_buffered        0x0004edc0   0x15c  Code  Gb  xxwritebuffered.o [3]
_aARP                   0x4000eccc    0x70  Data  Lc  IP_ARP.o [5]
_aAccessMode            0x000513f4    0x78  Data  Lc  FS_Misc.o [4]
_aCHSInfo               0x00052860    0x50  Data  Lc  FAT_FormatSD.o [4]
_aCSW                   0x4000d5b8    0x10  Data  Lc  USB_MSD.o [9]
_aData                  0x4000d5cc    0x40  Data  Lc  USB_MSD.o [9]
_aDescBuffer            0x4000ebc4   0x100  Data  Lc  USB_Setup.o [9]
_aDriverData            0x4000e108    0x40  Data  Lc  USB_MSD_STORAGE_FS.o [9]
_aEPOutIntEnable        0x4000e8a0     0x8  Data  Lc  USB_HW_LPC23xx.o [9]
_aEvent                 0x4000e14c    0x40  Data  Lc  USB_OS.o [1]
_aFATTypeInfo           0x0004e684    0x18  Data  Lc  FAT_Format.o [4]
_aFactor                0x0005268c    0x10  Data  Lc  MMC_SD_CardMode_Drv.o [4]
_aFormatInfo            0x00051fb4    0x68  Data  Lc  FAT_Format.o [4]
_aInquiry               0x00054cfc     0x8  Data  Lc  USB_MSD.o [9]
_aLunInfo               0x4000d4d8    0xc0  Data  Lc  USB_MSD.o [9]
_aMemBlock              0x40005ad8  0x2200  Data  Lc  FS_ConfigMMC_MCI.o [1]
_aPool                  0x40001ad8  0x4000  Data  Gb  IP_Config_LPC23xx.o [1]
_aSizeInfo              0x00052cc4    0x48  Data  Lc  FAT_FormatSD.o [4]
_aTimer                 0x4000dfdc    0x78  Data  Lc  IP_Core.o [5]
_aUnit                  0x0005266c    0x20  Data  Lc  MMC_SD_CardMode_Drv.o [4]
_abHardwareAddrBroadcast
                        0x00054d04     0x8  Data  Gb  IP_ARP.o [5]
_acVolumeLabel          0x0004e7f4     0xc  Data  Gb  FAT_Format.o [4]
_accept                 0x0002ee18   0x104  Code  Lc  IP_socket.o [5]
_apInst                 0x4000e890     0x4  Data  Lc  MMC_SD_CardMode_Drv.o [4]
_cbw                    0x4000d598    0x20  Data  Lc  USB_MSD.o [9]
_exit                   0x000540d8          Code  Gb  cexit.o [7]
_ld(unsigned long)      0x0003b98c    0x3c  Code  Lc  FS_MMC_HW_MCI.o [1]
_pBuffer                0x4000e148     0x4  Data  Lc  USB_MSD_STORAGE_FS.o [9]
_pFirstSCHook           0x4000d4d0     0x4  Data  Lc  USB_Main.o [9]
_pMem                   0x4000e7c8     0x4  Data  Lc  FS_Core.o [4]
_pTCPWait               0x4000e9ac     0x4  Data  Lc  IP_OS.o [1]
_pTxBuffer              0x4000e430     0x4  Data  Lc  IP_NI_LPC24xx.o [5]
_paRxBufDesc            0x4000e424     0x4  Data  Lc  IP_NI_LPC24xx.o [5]
_paRxBufStat            0x4000e428     0x4  Data  Lc  IP_NI_LPC24xx.o [5]
_paTxBufDesc            0x4000e42c     0x4  Data  Lc  IP_NI_LPC24xx.o [5]
_pfOnRx                 0x4000eb54     0x4  Data  Lc  IP_ICMP.o [5]
_puts(const char *)     0x00052150    0x34  Code  Lc  IP_ConfigIO.o [1]
_sendto                 0x0002f608   0x11c  Code  Lc  IP_socket.o [5]
_soclose                0x0002ec50   0x1c4  Code  Lc  IP_socket.o [5]
_socreate               0x0002e99c    0xcc  Code  Lc  IP_socket.o [5]
_sosend                 0x0002ef44   0x2e8  Code  Lc  IP_socket.o [5]
_strlen                 0x000339f4    0x28  Code  Lc  USB_Setup.o [9]
_udp_soinput            0x00045040    0xcc  Code  Lc  IP_UDPSock.o [5]
aKeyInfo                0x0004f320   0x150  Data  Lc  Font2.o [1]
abort                   0x00054b20     0xc  Code  Gb  abort.o [3]
alarm_music             0x00021914  0x1bbc  Data  Lc  Sound.o [1]
arp_ageout              0x4000ecc8     0x4  Data  Lc  IP_ARP.o [5]
b_e_chars               0x0001999c  0x257c  Data  Lc  Font.o [1]
b_f_chars               0x00009f08  0x399c  Data  Lc  Font.o [1]
b_f_n_chars             0x00048b78   0x3f4  Data  Lc  Font.o [1]
b_icons                 0x0002ad34  0x154c  Data  Lc  Font.o [1]
ceil                    0x00051e6c    0x70  Code  Gb  ceil.o [3]
char_allocator::char_allocator()
                        0x00054000    0x18  Code  Gb  Alarm.o [1]
char_allocator::char_allocator() [internal]
                        0x00054d90     0x4  Code  Gb  Alarm.o [1]
char_traits::length(const char *)
                        0x0005453c    0x14  Code  Gb  Alarm.o [1]
clearlocks              0x00050d54    0x2c  Code  Lc  xsyslock.o [3]
ding_dang_music         0x00016fe0  0x29bc  Data  Lc  Sound.o [1]
ding_music              0x0001fc38  0x1cdc  Data  Lc  Sound.o [1]
dtom                    0x00041048    0x50  Code  Gb  IP_TCP.o [5]
exit                    0x00054d54     0x8  Code  Gb  exit.o [3]
firstudp                0x4000eb48     0x4  Data  Gb  IP_Core.o [5]
floorf                  0x000527bc    0x54  Code  Gb  floorf.o [3]
free                    0x00050024   0x110  Code  Gb  xxmemxfree.o [3]
icmp_destun             0x0004ea40    0xb0  Code  Gb  IP_ICMP.o [5]
in_broadcast            0x0004138c    0x18  Code  Gb  IP_TCP.o [5]
in_setpeeraddr          0x00047574    0x40  Code  Gb  IP_TCP_pcb.o [5]
in_setsockaddr          0x00047534    0x40  Code  Gb  IP_TCP_pcb.o [5]
index_table             0x0004cf58   0x240  Data  Lc  Font2.o [1]
insert_device_music     0x000234d0  0x1a0c  Data  Lc  Sound.o [1]
insque                  0x000410c0    0x20  Code  Gb  IP_TCP.o [5]
ip_mymach               0x0003d41c     0xc  Code  Gb  IP_Core.o [5]
ip_output               0x00041128   0x264  Code  Gb  IP_TCP.o [5]
irq_handler             0x0004dd74          Code  Gb  rtos.o [6]
log                     0x00053a9c    0x24  Code  Gb  Key.o [1]
log(float)              0x00053da0    0x1c  Code  Gb  Key.o [1]
logo                    0x00047f88   0x400  Data  Lc  Font.o [1]
m_adj                   0x00040f50    0xd0  Code  Gb  IP_TCP.o [5]
m_copy                  0x00040e2c   0x124  Code  Gb  IP_TCP.o [5]
m_e_chars               0x0002c280  0x146c  Data  Lc  Font.o [1]
m_f_chars               0x0001bf18  0x1f60  Data  Lc  Font.o [1]
m_f_n_chars             0x0004d3d4   0x228  Data  Lc  Font.o [1]
m_free                  0x00040dd4    0x3c  Code  Gb  IP_TCP.o [5]
m_freem                 0x00040e10    0x1c  Code  Gb  IP_TCP.o [5]
m_icons                 0x00050a58    0xc8  Data  Lc  Font.o [1]
main                    0x000537c8    0x2c  Code  Gb  Main.o [1]
malloc                  0x0004f1cc   0x154  Code  Gb  xxmemxmalloc.o [3]
mbuf_len                0x00041020    0x28  Code  Gb  IP_TCP.o [5]
memchr                  0x000515c8          Code  Gb  memchr.o [7]
memcmp                  0x00051b58          Code  Gb  memcmp.o [7]
memcpy                  0x00053744    0x2c  Code  Gb  Communication.o [1]
memset                  0x0005379c    0x2c  Code  Gb  MY_USB.o [1]
mtx                     0x4000e778    0x10  Data  Lc  xsyslock.o [3]
mtxdst                  0x4000eb64     0x4  Data  Lc  MtxWrapper.o [3]
mtxinit                 0x4000eb60     0x4  Data  Lc  MtxWrapper.o [3]
mtxlock                 0x4000eb68     0x4  Data  Lc  MtxWrapper.o [3]
mtxunlock               0x4000eb6c     0x4  Data  Lc  MtxWrapper.o [3]
next_abi_dtor_rec       0x4000ee04     0x4  Data  Lc  cppinit.o [3]
operator delete (void *)
                        0x00054564    0x14  Code  Gb  delop_0.o [3]
operator delete[] (void *)
                        0x00054d94     0x4  Code  Gb  delaop_0.o [3]
operator new (unsigned int)
                        0x00052f04    0x48  Code  Gb  newop_0.o [3]
operator new[] (unsigned int)
                        0x00054d98     0x4  Code  Gb  newaop_0.o [3]
pad                     0x000418f0    0x74  Code  Lc  xprintfsmall.o [3]
pffindproto             0x00040d30    0x18  Code  Gb  IP_TCP.o [5]
pffindtype              0x00040cf8    0x38  Code  Gb  IP_TCP.o [5]
pk_free                 0x0004f4ec    0x64  Code  Gb  IP_Packet.o [5]
pk_init                 0x0004f550    0x68  Code  Gb  IP_Packet.o [5]
pow(double, int)        0x00050b20    0xbc  Code  Gb  DAC.o [1]
pow(float, int)         0x00051774    0x88  Code  Gb  DigitalData.o [1]
printf                  0x000532f4    0x38  Code  Gb  printf.o [3]
putchar                 0x00053060    0x40  Code  Gb  putchar.o [3]
remove_device_music     0x00024edc  0x19f8  Data  Lc  Sound.o [1]
remque                  0x00041098    0x28  Code  Gb  IP_TCP.o [5]
s_e_chars               0x000398cc   0xb84  Data  Lc  Font.o [1]
s_f_chars               0x0002d6ec  0x11b0  Data  Lc  Font.o [1]
s_f_n_chars             0x0004f848   0x138  Data  Lc  Font.o [1]
s_icons                 0x00050134   0x108  Data  Lc  Font.o [1]
sbappend                0x00041e40    0x44  Code  Gb  IP_socket2.o [5]
sbappendaddr            0x00041e84    0xcc  Code  Gb  IP_socket2.o [5]
sbcompress              0x00041f50    0xb8  Code  Gb  IP_socket2.o [5]
sbdrop                  0x00042038    0xa8  Code  Gb  IP_socket2.o [5]
sbdropend               0x000420e0    0x78  Code  Gb  IP_socket2.o [5]
sbdroprecord            0x00042158    0x3c  Code  Gb  IP_socket2.o [5]
sbflush                 0x00042008    0x30  Code  Gb  IP_socket2.o [5]
sbrelease               0x00041e28    0x18  Code  Gb  IP_socket2.o [5]
sbspace                 0x00042194    0x14  Code  Gb  IP_socket2.o [5]
sbwait                  0x00041d9c    0x30  Code  Gb  IP_socket2.o [5]
sbwakeup                0x00041dcc    0x4c  Code  Gb  IP_socket2.o [5]
select_wait             0x4000eb7e     0x2  Data  Gb  IP_TCP.o [5]
soabort                 0x0002ec34    0x1c  Code  Gb  IP_socket.o [5]
socantrcvmore           0x00041d88    0x14  Code  Gb  IP_socket2.o [5]
socantsendmore          0x00041d74    0x14  Code  Gb  IP_socket2.o [5]
sofree                  0x0002e89c    0xfc  Code  Gb  IP_socket.o [5]
soisconnected           0x00041ac4    0x74  Code  Gb  IP_socket2.o [5]
soisconnecting          0x00041aa8    0x1c  Code  Gb  IP_socket2.o [5]
soisdisconnected        0x00041b54    0x28  Code  Gb  IP_socket2.o [5]
soisdisconnecting       0x00041b38    0x1c  Code  Gb  IP_socket2.o [5]
sonewconn               0x00041b9c   0x114  Code  Gb  IP_socket2.o [5]
soqinsque               0x00041cb0    0x44  Code  Gb  IP_socket2.o [5]
soqremque               0x00041cf4    0x80  Code  Gb  IP_socket2.o [5]
soreceive               0x0002f22c   0x338  Code  Gb  IP_socket.o [5]
soreserve               0x00041e18    0x10  Code  Gb  IP_socket2.o [5]
store                   0x4000e0b8    0x50  Data  Lc  xxwritebuffered.o [3]
storeLen                0x4000e0b4     0x4  Data  Lc  xxwritebuffered.o [3]
strcat                  0x000534dc    0x34  Code  Gb  strcat.o [3]
strchr                  0x00053c30          Code  Gb  strchr.o [7]
strcmp                  0x00051ae4          Code  Gb  strcmp.o [7]
strcpy                  0x00051f48          Code  Gb  strcpy.o [7]
string::_Copy(unsigned int, unsigned int)
                        0x00043ea4    0xb0  Code  Gb  string.o [3]
string::_Grow(unsigned int, bool)
                        0x00043f54    0x88  Code  Gb  string.o [3]
string::_Myptr()        0x00053d30    0x1c  Code  Gb  Buffer.o [1]
string::_Pdif(const char *, const char *)
                        0x000540c0    0x18  Code  Gb  Control.o [1]
string::_Tidy(bool, unsigned int)
                        0x00043fdc    0x5c  Code  Gb  string.o [3]
string::append(const char *)
                        0x0005396c    0x28  Code  Gb  Communication.o [1]
string::append(const char *, unsigned int)
                        0x00043b70    0xc4  Code  Gb  string.o [3]
string::append(const string&)
                        0x00053770    0x2c  Code  Gb  Communication.o [1]
string::append(const string&, unsigned int, unsigned int)
                        0x00043ad4    0x9c  Code  Gb  string.o [3]
string::append(unsigned int, char)
                        0x00043c34    0x84  Code  Gb  string.o [3]
string::assign(const char *)
                        0x00053944    0x28  Code  Gb  Alarm.o [1]
string::assign(const char *, unsigned int)
                        0x00043d74    0xac  Code  Gb  string.o [3]
string::assign(const string&)
                        0x00053718    0x2c  Code  Gb  Alarm.o [1]
string::assign(const string&, unsigned int, unsigned int)
                        0x00043cb8    0xbc  Code  Gb  string.o [3]
string::begin()         0x00054550    0x14  Code  Gb  Control.o [1]
string::clear()         0x000535a4    0x30  Code  Gb  Control.o [1]
string::end()           0x00053d84    0x1c  Code  Gb  Control.o [1]
string::erase(char *, char *)
                        0x00052714    0x54  Code  Gb  Control.o [1]
string::erase(unsigned int, unsigned int)
                        0x00043e20    0x84  Code  Gb  string.o [3]
string::length() const  0x00054d24     0x8  Code  Gb  Buffer.o [1]
string::npos            0x00054d8c     0x4  Data  Gb  string.o [3]
string::operator +=(char)
                        0x00053a78    0x24  Code  Gb  Buffer.o [1]
string::operator +=(const char *)
                        0x00053d68    0x1c  Code  Gb  Communication.o [1]
string::operator +=(const string&)
                        0x00053d4c    0x1c  Code  Gb  Communication.o [1]
string::operator =(const char *)
                        0x00053cf8    0x1c  Code  Gb  Alarm.o [1]
string::operator =(const string&)
                        0x00053cdc    0x1c  Code  Gb  Alarm.o [1]
string::operator [](unsigned int)
                        0x00053d14    0x1c  Code  Gb  Buffer.o [1]
string::size() const    0x00054d1c     0x8  Code  Gb  Alarm.o [1]
string::string()        0x00054048    0x18  Code  Gb  Alarm.o [1]
string::string() [internal]
                        0x00053158    0x3c  Code  Gb  Alarm.o [1]
string::string(const char *)
                        0x000540a8    0x18  Code  Gb  Communication.o [1]
string::string(const char *) [internal]
                        0x000528b0    0x50  Code  Gb  Communication.o [1]
string::string(const string&)
                        0x00054060    0x18  Code  Gb  Alarm.o [1]
string::string(const string&) [internal]
                        0x000526c0    0x54  Code  Gb  Alarm.o [1]
string::~string()       0x00053cc0    0x1c  Code  Gb  Alarm.o [1]
string::~string() [internal]
                        0x00053a54    0x24  Code  Gb  Alarm.o [1]
strlen                  0x00052768          Code  Gb  strlen.o [7]
strncmp                 0x00052a80    0x4c  Code  Gb  strncmp.o [3]
strncpy                 0x0005152c          Code  Gb  strncpy.o [7]
syslock_o               0x4000e774     0x4  Data  Lc  xsyslock.o [3]
t_accept                0x0002ef1c    0x28  Code  Gb  IP_socket.o [5]
t_bind                  0x0002eaa4    0xec  Code  Gb  IP_socket.o [5]
t_listen                0x0002eb90    0xa4  Code  Gb  IP_socket.o [5]
t_recv                  0x0002f574    0x94  Code  Gb  IP_socket.o [5]
t_send                  0x0002f724   0x130  Code  Gb  IP_socket.o [5]
t_socket                0x0002ea6c    0x38  Code  Gb  IP_socket.o [5]
t_socketclose           0x0002f860    0x48  Code  Gb  IP_socket.o [5]
tcp_backoff             0x00054878    0x10  Data  Gb  IP_TCP_timr.o [5]
tcp_canceltimers        0x00046184    0x1c  Code  Gb  IP_TCP_timr.o [5]
tcp_close               0x00049684    0x84  Code  Gb  IP_TCP_subr.o [5]
tcp_drop                0x00049620    0x64  Code  Gb  IP_TCP_subr.o [5]
tcp_init                0x0004935c    0x24  Code  Gb  IP_TCP_subr.o [5]
tcp_iss                 0x4000eb50     0x4  Data  Gb  IP_TCP_timr.o [5]
tcp_newtcpcb            0x00049598    0x88  Code  Gb  IP_TCP_subr.o [5]
tcp_outflags            0x00054b08     0xc  Data  Gb  IP_TCP_out.o [5]
tcp_output              0x0003eec0   0x690  Code  Gb  IP_TCP_out.o [5]
tcp_protosw             0x4000eda0    0x10  Data  Gb  IP_TCP.o [5]
tcp_quench              0x0004970c    0x14  Code  Gb  IP_TCP_subr.o [5]
tcp_reass               0x00029a04   0x1ec  Code  Lc  IP_TCP_in.o [5]
tcp_respond             0x000493f8   0x1a0  Code  Gb  IP_TCP_subr.o [5]
tcp_setpersist          0x0003f550    0x54  Code  Gb  IP_TCP_out.o [5]
tcp_template            0x00049380    0x78  Code  Gb  IP_TCP_subr.o [5]
tcp_usrreq              0x000476c4   0x468  Code  Gb  IP_TCP_usr.o [5]
udp4_sockaddr           0x000454d8    0x88  Code  Gb  IP_UDPSock.o [5]
udp4_sockbind           0x00045254   0x164  Code  Gb  IP_UDPSock.o [5]
udp4_socksend           0x000453b8   0x120  Code  Gb  IP_UDPSock.o [5]
udp_maxalloc            0x00044ef4    0x20  Code  Gb  IP_UDP.o [5]
udp_protosw             0x4000edb0    0x10  Data  Gb  IP_TCP.o [5]
udp_soinput             0x0004510c    0x14  Code  Lc  IP_UDPSock.o [5]
udp_usrreq              0x00045120   0x134  Code  Gb  IP_UDPSock.o [5]
udpswap                 0x00044b00    0x44  Code  Lc  IP_UDP.o [5]
usocket                 0x4000eb80     0x2  Data  Lc  IP_UDP.o [5]


[1] = E:\Ghadir_Win_Prg\hardware\GP\Output\LPC2388\Release_FLASH\Obj
[2] = command line
[3] = dl4t_al_in.a
[4] = fs4t_al__dn.a
[5] = ip4t_al__r.a
[6] = os4t_al__r.a
[7] = rt4t_al.a
[8] = shs_l.a
[9] = usb4t_al__r.a

  237 500 bytes of readonly  code memory
  102 063 bytes of readonly  data memory
   60 949 bytes of readwrite data memory

Errors: none
Warnings: none
